ï¿½"ï¿½020 size=87c94h (556180) ï¿½ets Jul 29 2019 12:21:46

rst:0x1 (POWERON_RESET),boot:0x13 (SPI_FAST_FLASH_BOOT)
configsip: 0, SPIWP:0xee
clk_drv:0x00,q_drv:0x00,d_drv:0x00,cs0_drv:0x00,hd_drv:0x00,wp_drv:0x00
mode:DIO, clock div:2
load:0x3fff0030,len:7172
load:0x40078000,len:15540
load:0x40080400,len:4
ho 8 tail 4 room 4
load:0x40080404,len:3904
entry 0x40080640
[0;32mI (31) boot: ESP-IDF v5.2.1-dirty 2nd stage bootloader[0m
[0;32mI (31) boot: compile time May 13 2024 00:12:18[0m
[0;32mI (31) boot: Multicore bootloader[0m
[0;32mI (36) boot: chip revision: v3.1[0m
[0;32mI (40) boot.esp32: SPI Speed      : 40MHz[0m
[0;32mI (44) boot.esp32: SPI Mode       : DIO[0m
[0;32mI (49) boot.esp32: SPI Flash Size : 4MB[0m
[0;32mI (53) boot: Enabling RNG early entropy source...[0m
[0;32mI (59) boot: Partition Table:[0m
[0;32mI (62) boot: ## Label            Usage          Type ST Offset   Length[0m
[0;32mI (70) boot:  0 nvs              WiFi data        01 02 00009000 00006000[0m
[0;32mI (77) boot:  1 phy_init         RF data          01 01 0000f000 00001000[0m
[0;32mI (85) boot:  2 factory          factory app      00 00 00010000 00100000[0m
[0;32mI (92) boot: End of partition table[0m
[0;32mI (96) esp_image: segment 0: paddr=00010020 vaddr=3f400020 size=223e8h (140264) map[0m
[0;32mI (153) esp_image: segment 1: paddr=00032410 vaddr=3ffb0000 size=03c14h ( 15380) load[0m
[0;32mI (159) esp_image: segment 2: paddr=0003602c vaddr=40080000 size=09fech ( 40940) load[0m
[0;32mI (175) esp_image: segment 3: paddr=00040020 vaddr=400d0020 size=87c94h (556180) map[0m
[0;32mI (366) esp_image: segment 4: paddr=000c7cbc vaddr=40089fec size=0c6b8h ( 50872) load[0m
[0;32mI (397) boot: Loaded app from partition at offset 0x10000[0m
[0;32mI (397) boot: Disabling RNG early entropy source...[0m
[0;32mI (409) cpu_start: Multicore app[0m
[0;32mI (418) cpu_start: Pro cpu start user code[0m
[0;32mI (418) cpu_start: cpu freq: 160000000 Hz[0m
[0;32mI (418) cpu_start: Application information:[0m
[0;32mI (421) cpu_start: Project name:     http_request[0m
[0;32mI (426) cpu_start: App version:      e92c574-dirty[0m
[0;32mI (432) cpu_start: Compile time:     May 13 2024 00:11:55[0m
[0;32mI (438) cpu_start: ELF file SHA256:  6c086968e...[0m
[0;32mI (443) cpu_start: ESP-IDF:          v5.2.1-dirty[0m
[0;32mI (448) cpu_start: Min chip rev:     v0.0[0m
[0;32mI (453) cpu_start: Max chip rev:     v3.99 [0m
[0;32mI (458) cpu_start: Chip rev:         v3.1[0m
[0;32mI (463) heap_init: Initializing. RAM available for dynamic allocation:[0m
[0;32mI (470) heap_init: At 3FFAE6E0 len 00001920 (6 KiB): DRAM[0m
[0;32mI (476) heap_init: At 3FFB8280 len 00027D80 (159 KiB): DRAM[0m
[0;32mI (482) heap_init: At 3FFE0440 len 00003AE0 (14 KiB): D/IRAM[0m
[0;32mI (489) heap_init: At 3FFE4350 len 0001BCB0 (111 KiB): D/IRAM[0m
[0;32mI (495) heap_init: At 400966A4 len 0000995C (38 KiB): IRAM[0m
[0;32mI (503) spi_flash: detected chip: generic[0m
[0;32mI (506) spi_flash: flash io: dio[0m
[0;32mI (511) main_task: Started on CPU0[0m
[0;32mI (521) main_task: Calling app_main()[0m
I (571) wifi:wifi driver task: 3ffc0340, prio:23, stack:6656, core=0
I (591) wifi:wifi firmware version: a9f5b59
I (591) wifi:wifi certification version: v7.0
I (591) wifi:config NVS flash: enabled
I (591) wifi:config nano formating: disabled
I (601) wifi:Init data frame dynamic rx buffer num: 32
I (601) wifi:Init static rx mgmt buffer num: 5
I (601) wifi:Init management short buffer num: 32
I (611) wifi:Init dynamic tx buffer num: 32
I (611) wifi:Init static rx buffer size: 1600
I (621) wifi:Init static rx buffer num: 10
I (621) wifi:Init dynamic rx buffer num: 32
[0;32mI (631) wifi_init: rx ba win: 6[0m
[0;32mI (631) wifi_init: tcpip mbox: 32[0m
[0;32mI (631) wifi_init: udp mbox: 6[0m
[0;32mI (641) wifi_init: tcp mbox: 6[0m
[0;32mI (641) wifi_init: tcp tx win: 5760[0m
[0;32mI (641) wifi_init: tcp rx win: 5760[0m
[0;32mI (651) wifi_init: tcp mss: 1440[0m
[0;32mI (651) wifi_init: WiFi IRAM OP enabled[0m
[0;32mI (661) wifi_init: WiFi RX IRAM OP enabled[0m
[0;32mI (661) phy_init: phy_version 4791,2c4672b,Dec 20 2023,16:06:06[0m
I (761) wifi:mode : sta (b0:a7:32:28:4a:7c)
I (761) wifi:enable tsf
[0;32mI (761) wifi_connect: wifi_init_sta finished.[0m
[0;32mI (761) timestamp: Initializing SNTP[0m
Waiting for time set...
I (821) wifi:new:<11,0>, old:<1,0>, ap:<255,255>, sta:<11,0>, prof:1
I (821) wifi:state: init -> auth (b0)
I (821) wifi:state: auth -> assoc (0)
I (831) wifi:state: assoc -> run (10)
I (831) wifi:connected with Sv 2022, aid = 4, channel 11, BW20, bssid = 7c:a1:07:aa:c0:60
I (831) wifi:security: WPA2-PSK, phy: bgn, rssi: -58
I (841) wifi:pm start, type: 1

I (1021) wifi:AP's beacon interval = 204800 us, DTIM period = 1
Waiting for time set...
[0;32mI (1851) esp_netif_handlers: sta ip: 192.168.1.70, mask: 255.255.255.0, gw: 192.168.1.1[0m
Waiting for time set...
Waiting for time set...
I (3981) wifi:<ba-add>idx:0 (ifx:0, 7c:a1:07:aa:c0:60), tid:0, ssn:8, winSize:64
I (4011) wifi:<ba-add>idx:1 (ifx:0, 7c:a1:07:aa:c0:60), tid:7, ssn:2, winSize:64
[0;32mI (4551) timestamp: Notification of a time synchronization event[0m
[0;32mI (4761) main_task: Returned from app_main()[0m
[0;32mI (4761) example: DNS lookup succeeded. IP=192.168.1.83[0m
Guru Meditation Error: Core  0 panic'ed (StoreProhibited). Exception was unhandled.

Core  0 register dump:
PC      : 0x4008ea04  PS      : 0x00060e33  A0      : 0x8008e3a0  A1      : 0x3ffc0040  
A2      : 0x3ffc71a4  A3      : 0x00000078  A4      : 0x00060420  A5      : 0x00060423  
A6      : 0x00000001  A7      : 0x3ffb8294  A8      : 0x00000005  A9      : 0x00060423  
A10     : 0x00000002  A11     : 0x3ffb8294  A12     : 0x00000844  A13     : 0x3ffb82b8  
A14     : 0x00000001  A15     : 0x0000cdcd  SAR     : 0x0000001e  EXCCAUSE: 0x0000001d  
EXCVADDR: 0x0006042b  LBEG    : 0x4011bf40  LEND    : 0x4011bf48  LCOUNT  : 0x00000000  


Backtrace: 0x4008ea01:0x3ffc0040 0x4008e39d:0x3ffc0060 0x40081fcd:0x3ffc0080 0x40082028:0x3ffc00a0 0x4008591d:0x3ffc00c0 0x401527b5:0x3ffc00e0 0x40093961:0x3ffc0110 0x40118689:0x3ffc0140 0x400fef25:0x3ffc0160 0x4010c7d2:0x3ffc0180 0x4010c8ac:0x3ffc01c0 0x40119cb2:0x3ffc01e0 0x4011a23b:0x3ffc0200 0x4011ad0b:0x3ffc0220 0x4011c271:0x3ffc0240 0x40153e2d:0x3ffc0260 0x400922e2:0x3ffc0280 0x40089c11:0x3ffc02b0




ELF file SHA256: 6c086968e

Rebooting...
ets Jul 29 2019 12:21:46

rst:0xc (SW_CPU_RESET),boot:0x13 (SPI_FAST_FLASH_BOOT)
configsip: 0, SPIWP:0xee
clk_drv:0x00,q_drv:0x00,d_drv:0x00,cs0_drv:0x00,hd_drv:0x00,wp_drv:0x00
mode:DIO, clock div:2
load:0x3fff0030,len:7172
load:0x40078000,len:15540
load:0x40080400,len:4
ho 8 tail 4 room 4
load:0x40080404,len:3904
entry 0x40080640
[0;32mI (31) boot: ESP-IDF v5.2.1-dirty 2nd stage bootloader[0m
[0;32mI (31) boot: compile time May 13 2024 00:12:18[0m
[0;32mI (31) boot: Multicore bootloader[0m
[0;32mI (36) boot: chip revision: v3.1[0m
[0;32mI (40) boot.esp32: SPI Speed      : 40MHz[0m
[0;32mI (44) boot.esp32: SPI Mode       : DIO[0m
[0;32mI (49) boot.esp32: SPI Flash Size : 4MB[0m
[0;32mI (53) boot: Enabling RNG early entropy source...[0m
[0;32mI (59) boot: Partition Table:[0m
[0;32mI (62) boot: ## Label            Usage          Type ST Offset   Length[0m
[0;32mI (70) boot:  0 nvs              WiFi data        01 02 00009000 00006000[0m
[0;32mI (77) boot:  1 phy_init         RF data          01 01 0000f000 00001000[0m
[0;32mI (84) boot:  2 factory          factory app      00 00 00010000 00100000[0m
[0;32mI (92) boot: End of partition table[0m
[0;32mI (96) esp_image: segment 0: paddr=00010020 vaddr=3f400020 size=223e8h (140264) map[0m
[0;32mI (153) esp_image: segment 1: paddr=00032410 vaddr=3ffb0000 size=03c14h ( 15380) load[0m
[0;32mI (159) esp_image: segment 2: paddr=0003602c vaddr=40080000 size=09fech ( 40940) load[0m
[0;32mI (175) esp_image: segment 3: paddr=00040020 vaddr=400d0020 size=87c94h (556180) map[0m
[0;32mI (366) esp_image: segment 4: paddr=000c7cbc vaddr=40089fec size=0c6b8h ( 50872) load[0m
[0;32mI (397) boot: Loaded app from partition at offset 0x10000[0m
[0;32mI (397) boot: Disabling RNG early entropy source...[0m
[0;32mI (409) cpu_start: Multicore app[0m
[0;32mI (418) cpu_start: Pro cpu start user code[0m
[0;32mI (418) cpu_start: cpu freq: 160000000 Hz[0m
[0;32mI (418) cpu_start: Application information:[0m
[0;32mI (421) cpu_start: Project name:     http_request[0m
[0;32mI (426) cpu_start: App version:      e92c574-dirty[0m
[0;32mI (431) cpu_start: Compile time:     May 13 2024 00:11:55[0m
[0;32mI (438) cpu_start: ELF file SHA256:  6c086968e...[0m
[0;32mI (443) cpu_start: ESP-IDF:          v5.2.1-dirty[0m
[0;32mI (448) cpu_start: Min chip rev:     v0.0[0m
[0;32mI (453) cpu_start: Max chip rev:     v3.99 [0m
[0;32mI (458) cpu_start: Chip rev:         v3.1[0m
[0;32mI (463) heap_init: Initializing. RAM available for dynamic allocation:[0m
[0;32mI (470) heap_init: At 3FFAE6E0 len 00001920 (6 KiB): DRAM[0m
[0;32mI (476) heap_init: At 3FFB8280 len 00027D80 (159 KiB): DRAM[0m
[0;32mI (482) heap_init: At 3FFE0440 len 00003AE0 (14 KiB): D/IRAM[0m
[0;32mI (488) heap_init: At 3FFE4350 len 0001BCB0 (111 KiB): D/IRAM[0m
[0;32mI (495) heap_init: At 400966A4 len 0000995C (38 KiB): IRAM[0m
[0;32mI (503) spi_flash: detected chip: generic[0m
[0;32mI (506) spi_flash: flash io: dio[0m
[0;32mI (511) main_task: Started on CPU0[0m
[0;32mI (521) main_task: Calling app_main()[0m
I (571) wifi:wifi driver task: 3ffc0340, prio:23, stack:6656, core=0
I (591) wifi:wifi firmware version: a9f5b59
I (591) wifi:wifi certification version: v7.0
I (591) wifi:config NVS flash: enabled
I (591) wifi:config nano formating: disabled
I (601) wifi:Init data frame dynamic rx buffer num: 32
I (601) wifi:Init static rx mgmt buffer num: 5
I (601) wifi:Init management short buffer num: 32
I (611) wifi:Init dynamic tx buffer num: 32
I (611) wifi:Init static rx buffer size: 1600
I (621) wifi:Init static rx buffer num: 10
I (621) wifi:Init dynamic rx buffer num: 32
[0;32mI (631) wifi_init: rx ba win: 6[0m
[0;32mI (631) wifi_init: tcpip mbox: 32[0m
[0;32mI (631) wifi_init: udp mbox: 6[0m
[0;32mI (641) wifi_init: tcp mbox: 6[0m
[0;32mI (641) wifi_init: tcp tx win: 5760[0m
[0;32mI (641) wifi_init: tcp rx win: 5760[0m
[0;32mI (651) wifi_init: tcp mss: 1440[0m
[0;32mI (651) wifi_init: WiFi IRAM OP enabled[0m
[0;32mI (661) wifi_init: WiFi RX IRAM OP enabled[0m
[0;32mI (661) phy_init: phy_version 4791,2c4672b,Dec 20 2023,16:06:06[0m
I (761) wifi:mode : sta (b0:a7:32:28:4a:7c)
I (761) wifi:enable tsf
[0;32mI (761) wifi_connect: wifi_init_sta finished.[0m
[0;32mI (761) timestamp: Initializing SNTP[0m
Waiting for time set...
I (791) wifi:new:<11,0>, old:<1,0>, ap:<255,255>, sta:<11,0>, prof:1
I (791) wifi:state: init -> auth (b0)
[0;32mI (1771) main_task: Returned from app_main()[0m
[0;32mI (1771) example: DNS lookup succeeded. IP=192.168.1.83[0m
[0;31mE (1771) example: ... socket connect failed errno=118[0m
I (1791) wifi:state: unknown -> init (200)
Guru Meditation Error: Core  0 panic'ed (StoreProhibited). Exception was unhandled.

Core  0 register dump:
PC      : 0x400901d6  PS      : 0x00060030  A0      : 0x800906d4  A1      : 0x3ffc01f0  
A2      : 0x00000202  A3      : 0x00000000  A4      : 0x00000002  A5      : 0x00000000  
A6      : 0x00000001  A7      : 0x3ffc1c24  A8      : 0x00000002  A9      : 0xfffffff8  
A10     : 0x3ffc1ca6  A11     : 0x00060023  A12     : 0x00060020  A13     : 0x3ffc0288  
A14     : 0x00000011  A15     : 0x00000000  SAR     : 0x00000000  EXCCAUSE: 0x0000001d  
EXCVADDR: 0x000002ba  LBEG    : 0x4000c2e0  LEND    : 0x4000c2f6  LCOUNT  : 0xffffffff  


Backtrace: 0x400901d3:0x3ffc01f0 0x400906d1:0x3ffc0240 0x40094735:0x3ffc0260 0x4009233c:0x3ffc0280 0x40089c11:0x3ffc02b0




ELF file SHA256: 6c086968e

Rebooting...
ets Jul 29 2019 12:21:46

rst:0xc (SW_CPU_RESET),boot:0x13 (SPI_FAST_FLASH_BOOT)
configsip: 0, SPIWP:0xee
clk_drv:0x00,q_drv:0x00,d_drv:0x00,cs0_drv:0x00,hd_drv:0x00,wp_drv:0x00
mode:DIO, clock div:2
load:0x3fff0030,len:7172
load:0x40078000,len:15540
load:0x40080400,len:4
ho 8 tail 4 room 4
load:0x40080404,len:3904
entry 0x40080640
[0;32mI (31) boot: ESP-IDF v5.2.1-dirty 2nd stage bootloader[0m
[0;32mI (31) boot: compile time May 13 2024 00:12:18[0m
[0;32mI (31) boot: Multicore bootloader[0m
[0;32mI (36) boot: chip revision: v3.1[0m
[0;32mI (40) boot.esp32: SPI Speed      : 40MHz[0m
[0;32mI (44) boot.esp32: SPI Mode       : DIO[0m
[0;32mI (49) boot.esp32: SPI Flash Size : 4MB[0m
[0;32mI (53) boot: Enabling RNG early entropy source...[0m
[0;32mI (59) boot: Partition Table:[0m
[0;32mI (62) boot: ## Label            Usage          Type ST Offset   Length[0m
[0;32mI (70) boot:  0 nvs              WiFi data        01 02 00009000 00006000[0m
[0;32mI (77) boot:  1 phy_init         RF data          01 01 0000f000 00001000[0m
[0;32mI (84) boot:  2 factory          factory app      00 00 00010000 00100000[0m
[0;32mI (92) boot: End of partition table[0m
[0;32mI (96) esp_image: segment 0: paddr=00010020 vaddr=3f400020 size=223e8h (140264) map[0m
[0;32mI (153) esp_image: segment 1: paddr=00032410 vaddr=3ffb0000 size=03c14h ( 15380) load[0m
[0;32mI (159) esp_image: segment 2: paddr=0003602c vaddr=40080000 size=09fech ( 40940) load[0m
[0;32mI (175) esp_image: segment 3: paddr=00040020 vaddr=400d0020 size=87c94h (556180) map[0m
[0;32mI (366) esp_image: segment 4: paddr=000c7cbc vaddr=40089fec size=0c6b8h ( 50872) load[0m
[0;32mI (397) boot: Loaded app from partition at offset 0x10000[0m
[0;32mI (397) boot: Disabling RNG early entropy source...[0m
[0;32mI (409) cpu_start: Multicore app[0m
[0;32mI (418) cpu_start: Pro cpu start user code[0m
[0;32mI (418) cpu_start: cpu freq: 160000000 Hz[0m
[0;32mI (418) cpu_start: Application information:[0m
[0;32mI (421) cpu_start: Project name:     http_request[0m
[0;32mI (426) cpu_start: App version:      e92c574-dirty[0m
[0;32mI (431) cpu_start: Compile time:     May 13 2024 00:11:55[0m
[0;32mI (438) cpu_start: ELF file SHA256:  6c086968e...[0m
[0;32mI (443) cpu_start: ESP-IDF:          v5.2.1-dirty[0m
[0;32mI (448) cpu_start: Min chip rev:     v0.0[0m
[0;32mI (453) cpu_start: Max chip rev:     v3.99 [0m
[0;32mI (458) cpu_start: Chip rev:         v3.1[0m
[0;32mI (463) heap_init: Initializing. RAM available for dynamic allocation:[0m
[0;32mI (470) heap_init: At 3FFAE6E0 len 00001920 (6 KiB): DRAM[0m
[0;32mI (476) heap_init: At 3FFB8280 len 00027D80 (159 KiB): DRAM[0m
[0;32mI (482) heap_init: At 3FFE0440 len 00003AE0 (14 KiB): D/IRAM[0m
[0;32mI (488) heap_init: At 3FFE4350 len 0001BCB0 (111 KiB): D/IRAM[0m
[0;32mI (495) heap_init: At 400966A4 len 0000995C (38 KiB): IRAM[0m
[0;32mI (503) spi_flash: detected chip: generic[0m
[0;32mI (506) spi_flash: flash io: dio[0m
[0;32mI (511) main_task: Started on CPU0[0m
[0;32mI (521) main_task: Calling app_main()[0m
I (571) wifi:wifi driver task: 3ffc0340, prio:23, stack:6656, core=0
I (591) wifi:wifi firmware version: a9f5b59
I (591) wifi:wifi certification version: v7.0
I (591) wifi:config NVS flash: enabled
I (591) wifi:config nano formating: disabled
I (601) wifi:Init data frame dynamic rx buffer num: 32
I (601) wifi:Init static rx mgmt buffer num: 5
I (601) wifi:Init management short buffer num: 32
I (611) wifi:Init dynamic tx buffer num: 32
I (611) wifi:Init static rx buffer size: 1600
I (621) wifi:Init static rx buffer num: 10
I (621) wifi:Init dynamic rx buffer num: 32
[0;32mI (631) wifi_init: rx ba win: 6[0m
[0;32mI (631) wifi_init: tcpip mbox: 32[0m
[0;32mI (631) wifi_init: udp mbox: 6[0m
[0;32mI (641) wifi_init: tcp mbox: 6[0m
[0;32mI (641) wifi_init: tcp tx win: 5760[0m
[0;32mI (641) wifi_init: tcp rx win: 5760[0m
[0;32mI (651) wifi_init: tcp mss: 1440[0m
[0;32mI (651) wifi_init: WiFi IRAM OP enabled[0m
[0;32mI (661) wifi_init: WiFi RX IRAM OP enabled[0m
[0;32mI (661) phy_init: phy_version 4791,2c4672b,Dec 20 2023,16:06:06[0m
I (761) wifi:mode : sta (b0:a7:32:28:4a:7c)
I (761) wifi:enable tsf
[0;32mI (761) wifi_connect: wifi_init_sta finished.[0m
[0;32mI (761) timestamp: Initializing SNTP[0m
Waiting for time set...
[0;32mI (1771) main_task: Returned from app_main()[0m
[0;32mI (1771) example: DNS lookup succeeded. IP=192.168.1.83[0m
[0;31mE (1771) example: ... socket connect failed errno=118[0m
E (3951) wifi:ieee80211_input.c 609

[0;32mI (5771) example: DNS lookup succeeded. IP=192.168.1.83[0m
[0;31mE (5771) example: ... socket connect failed errno=118[0m
[0;31mE (8951) task_wdt: Task watchdog got triggered. The following tasks/users did not reset the watchdog in time:[0m
[0;31mE (8951) task_wdt:  - IDLE0 (CPU 0)[0m
[0;31mE (8951) task_wdt: Tasks currently running:[0m
[0;31mE (8951) task_wdt: CPU 0: wifi[0m
[0;31mE (8951) task_wdt: CPU 1: IDLE1[0m
[0;31mE (8951) task_wdt: Print CPU 0 (current core) backtrace[0m


Backtrace: 0x400D89AB:0x3FFB1D10 0x400D8D70:0x3FFB1D30 0x400833DD:0x3FFB1D60 0x401041B9:0x3FFC00A0 0x40112110:0x3FFC00F0 0x4009066E:0x3FFC01F0 0x400906D1:0x3FFC0240 0x40094735:0x3FFC0260 0x4009233C:0x3FFC0280 0x40089C11:0x3FFC02B0

[0;32mI (9771) example: DNS lookup succeeded. IP=192.168.1.83[0m
[0;31mE (9771) example: ... socket connect failed errno=118[0m
[0;32mI (13771) example: DNS lookup succeeded. IP=192.168.1.83[0m
[0;31mE (13771) example: ... socket connect failed errno=118[0m
[0;31mE (13951) task_wdt: Task watchdog got triggered. The following tasks/users did not reset the watchdog in time:[0m
[0;31mE (13951) task_wdt:  - IDLE0 (CPU 0)[0m
[0;31mE (13951) task_wdt: Tasks currently running:[0m
[0;31mE (13951) task_wdt: CPU 0: wifi[0m
[0;31mE (13951) task_wdt: CPU 1: IDLE1[0m
[0;31mE (13951) task_wdt: Print CPU 0 (current core) backtrace[0m


Backtrace: 0x400D89AB:0x3FFB1D10 0x400D8D70:0x3FFB1D30 0x400833DD:0x3FFB1D60 0x401041B9:0x3FFC00A0 0x40112110:0x3FFC00F0 0x4009066E:0x3FFC01F0 0x400906D1:0x3FFC0240 0x40094735:0x3FFC0260 0x4009233C:0x3FFC0280 0x40089C11:0x3FFC02B0

[0;32mI (17771) example: DNS lookup succeeded. IP=192.168.1.83[0m
[0;31mE (17771) example: ... socket connect failed errno=118[0m
[0;31mE (18951) task_wdt: Task watchdog got triggered. The following tasks/users did not reset the watchdog in time:[0m
[0;31mE (18951) task_wdt:  - IDLE0 (CPU 0)[0m
[0;31mE (18951) task_wdt: Tasks currently running:[0m
[0;31mE (18951) task_wdt: CPU 0: wifi[0m
[0;31mE (18951) task_wdt: CPU 1: IDLE1[0m
[0;31mE (18951) task_wdt: Print CPU 0 (current core) backtrace[0m


Backtrace: 0x400D89AB:0x3FFB1D10 0x400D8D70:0x3FFB1D30 0x400833DD:0x3FFB1D60 0x401041B9:0x3FFC00A0 0x40112110:0x3FFC00F0 0x4009066E:0x3FFC01F0 0x400906D1:0x3FFC0240 0x40094735:0x3FFC0260 0x4009233C:0x3FFC0280 0x40089C11:0x3FFC02B0

[0;32mI (21771) example: DNS lookup succeeded. IP=192.168.1.83[0m
[0;31mE (21771) example: ... socket connect failed errno=118[0m
