ets Jul 29 2019 12:21:46

rst:0x1 (POWERON_RESET),boot:0x13 (SPI_FAST_FLASH_BOOT)
configsip: 0, SPIWP:0xee
clk_drv:0x00,q_drv:0x00,d_drv:0x00,cs0_drv:0x00,hd_drv:0x00,wp_drv:0x00
mode:DIO, clock div:2
load:0x3fff0030,len:7172
load:0x40078000,len:15540
load:0x40080400,len:4
ho 8 tail 4 room 4
load:0x40080404,len:3904
entry 0x40080640
[0;32mI (31) boot: ESP-IDF v5.2.1-dirty 2nd stage bootloader[0m
[0;32mI (31) boot: compile time May 13 2024 00:12:18[0m
[0;32mI (31) boot: Multicore bootloader[0m
[0;32mI (36) boot: chip revision: v3.1[0m
[0;32mI (40) boot.esp32: SPI Speed      : 40MHz[0m
[0;32mI (44) boot.esp32: SPI Mode       : DIO[0m
[0;32mI (49) boot.esp32: SPI Flash Size : 4MB[0m
[0;32mI (53) boot: Enabling RNG early entropy source...[0m
[0;32mI (59) boot: Partition Table:[0m
[0;32mI (62) boot: ## Label            Usage          Type ST Offset   Length[0m
[0;32mI (70) boot:  0 nvs              WiFi data        01 02 00009000 00006000[0m
[0;32mI (77) boot:  1 phy_init         RF data          01 01 0000f000 00001000[0m
[0;32mI (85) boot:  2 factory          factory app      00 00 00010000 00100000[0m
[0;32mI (92) boot: End of partition table[0m
[0;32mI (96) esp_image: segment 0: paddr=00010020 vaddr=3f400020 size=22fbch (143292) map[0m
[0;32mI (154) esp_image: segment 1: paddr=00032fe4 vaddr=3ffb0000 size=03c04h ( 15364) load[0m
[0;32mI (160) esp_image: segment 2: paddr=00036bf0 vaddr=40080000 size=09428h ( 37928) load[0m
[0;32mI (175) esp_image: segment 3: paddr=00040020 vaddr=400d0020 size=8d45ch (578652) map[0m
[0;32mI (373) esp_image: segment 4: paddr=000cd484 vaddr=40089428 size=0d27ch ( 53884) load[0m
[0;32mI (406) boot: Loaded app from partition at offset 0x10000[0m
[0;32mI (406) boot: Disabling RNG early entropy source...[0m
[0;32mI (418) cpu_start: Multicore app[0m
[0;32mI (426) cpu_start: Pro cpu start user code[0m
[0;32mI (426) cpu_start: cpu freq: 160000000 Hz[0m
[0;32mI (426) cpu_start: Application information:[0m
[0;32mI (429) cpu_start: Project name:     http_request[0m
[0;32mI (435) cpu_start: App version:      e92c574-dirty[0m
[0;32mI (440) cpu_start: Compile time:     May 13 2024 00:11:55[0m
[0;32mI (446) cpu_start: ELF file SHA256:  479bb2b88...[0m
[0;32mI (452) cpu_start: ESP-IDF:          v5.2.1-dirty[0m
[0;32mI (457) cpu_start: Min chip rev:     v0.0[0m
[0;32mI (462) cpu_start: Max chip rev:     v3.99 [0m
[0;32mI (467) cpu_start: Chip rev:         v3.1[0m
[0;32mI (472) heap_init: Initializing. RAM available for dynamic allocation:[0m
[0;32mI (479) heap_init: At 3FFAE6E0 len 00001920 (6 KiB): DRAM[0m
[0;32mI (485) heap_init: At 3FFB8278 len 00027D88 (159 KiB): DRAM[0m
[0;32mI (491) heap_init: At 3FFE0440 len 00003AE0 (14 KiB): D/IRAM[0m
[0;32mI (497) heap_init: At 3FFE4350 len 0001BCB0 (111 KiB): D/IRAM[0m
[0;32mI (504) heap_init: At 400966A4 len 0000995C (38 KiB): IRAM[0m
[0;32mI (511) spi_flash: detected chip: generic[0m
[0;32mI (515) spi_flash: flash io: dio[0m
[0;33mW (519) ADC: legacy driver is deprecated, please migrate to `esp_adc/adc_oneshot.h`[0m
[0;32mI (527) main_task: Started on CPU0[0m
[0;32mI (537) main_task: Calling app_main()[0m
I (587) wifi:wifi driver task: 3ffc0338, prio:23, stack:6656, core=0
I (607) wifi:wifi firmware version: a9f5b59
I (607) wifi:wifi certification version: v7.0
I (607) wifi:config NVS flash: enabled
I (607) wifi:config nano formating: disabled
I (617) wifi:Init data frame dynamic rx buffer num: 32
I (617) wifi:Init static rx mgmt buffer num: 5
I (617) wifi:Init management short buffer num: 32
I (627) wifi:Init dynamic tx buffer num: 32
I (627) wifi:Init static rx buffer size: 1600
I (637) wifi:Init static rx buffer num: 10
I (637) wifi:Init dynamic rx buffer num: 32
[0;32mI (647) wifi_init: rx ba win: 6[0m
[0;32mI (647) wifi_init: tcpip mbox: 32[0m
[0;32mI (647) wifi_init: udp mbox: 6[0m
[0;32mI (657) wifi_init: tcp mbox: 6[0m
[0;32mI (657) wifi_init: tcp tx win: 5760[0m
[0;32mI (657) wifi_init: tcp rx win: 5760[0m
[0;32mI (667) wifi_init: tcp mss: 1440[0m
[0;32mI (667) wifi_init: WiFi IRAM OP enabled[0m
[0;32mI (677) wifi_init: WiFi RX IRAM OP enabled[0m
[0;32mI (677) phy_init: phy_version 4791,2c4672b,Dec 20 2023,16:06:06[0m
I (777) wifi:mode : sta (b0:a7:32:28:4a:7c)
I (777) wifi:enable tsf
[0;32mI (777) wifi_connect: wifi_init_sta finished.[0m
[0;32mI (777) timestamp: Initializing SNTP[0m
Waiting for time set...
Waiting for time set...
Waiting for time set...
[0;32mI (3197) wifi_connect: retry to connect to the AP[0m
I (3237) wifi:new:<11,0>, old:<1,0>, ap:<255,255>, sta:<11,0>, prof:1
I (3237) wifi:state: init -> auth (b0)
I (3237) wifi:state: auth -> assoc (0)
I (3247) wifi:state: assoc -> run (10)
I (3257) wifi:connected with Sv 2022, aid = 4, channel 11, BW20, bssid = 7c:a1:07:aa:c0:60
I (3257) wifi:security: WPA2-PSK, phy: bgn, rssi: -64
I (3257) wifi:pm start, type: 1

I (3437) wifi:AP's beacon interval = 204800 us, DTIM period = 1
Waiting for time set...
[0;32mI (4267) esp_netif_handlers: sta ip: 192.168.1.70, mask: 255.255.255.0, gw: 192.168.1.1[0m
I (4667) wifi:<ba-add>idx:0 (ifx:0, 7c:a1:07:aa:c0:60), tid:0, ssn:3, winSize:64
I (4697) wifi:<ba-add>idx:1 (ifx:0, 7c:a1:07:aa:c0:60), tid:7, ssn:2, winSize:64
Waiting for time set...
[0;32mI (5167) timestamp: Notification of a time synchronization event[0m
[0;32mI (5777) main_task: Returned from app_main()[0m
[0;32mI (5777) example: DNS lookup succeeded. IP=192.168.1.83[0m
Guru Meditation Error: Core  1 panic'ed (Double exception). 

Core  1 register dump:
PC      : 0x40096552  PS      : 0x00040836  A0      : 0x00000000  A1      : 0x3ffc9130  
A2      : 0x00000001  A3      : 0x00000000  A4      : 0xb33fffff  A5      : 0x00060023  
A6      : 0x3ffc91a0  A7      : 0x0000abab  A8      : 0x400803c0  A9      : 0x3ffc9240  
A10     : 0x00060a36  A11     : 0x00040026  A12     : 0x00000000  A13     : 0x00001691  
A14     : 0x3f4032e0  A15     : 0x3ffb4e8c  SAR     : 0x00000018  EXCCAUSE: 0x00000002  
EXCVADDR: 0xffffffe0  LBEG    : 0x4000c2e0  LEND    : 0x4000c2f6  LCOUNT  : 0xffffffff  


Backtrace: 0x4009654f:0x3ffc9130




ELF file SHA256: 479bb2b88

Rebooting...
ets Jul 29 2019 12:21:46

rst:0xc (SW_CPU_RESET),boot:0x13 (SPI_FAST_FLASH_BOOT)
configsip: 0, SPIWP:0xee
clk_drv:0x00,q_drv:0x00,d_drv:0x00,cs0_drv:0x00,hd_drv:0x00,wp_drv:0x00
mode:DIO, clock div:2
load:0x3fff0030,len:7172
load:0x40078000,len:15540
load:0x40080400,len:4
ho 8 tail 4 room 4
load:0x40080404,len:3904
entry 0x40080640
[0;32mI (31) boot: ESP-IDF v5.2.1-dirty 2nd stage bootloader[0m
[0;32mI (31) boot: compile time May 13 2024 00:12:18[0m
[0;32mI (31) boot: Multicore bootloader[0m
[0;32mI (36) boot: chip revision: v3.1[0m
[0;32mI (40) boot.esp32: SPI Speed      : 40MHz[0m
[0;32mI (44) boot.esp32: SPI Mode       : DIO[0m
[0;32mI (49) boot.esp32: SPI Flash Size : 4MB[0m
[0;32mI (53) boot: Enabling RNG early entropy source...[0m
[0;32mI (59) boot: Partition Table:[0m
[0;32mI (62) boot: ## Label            Usage          Type ST Offset   Length[0m
[0;32mI (70) boot:  0 nvs              WiFi data        01 02 00009000 00006000[0m
[0;32mI (77) boot:  1 phy_init         RF data          01 01 0000f000 00001000[0m
[0;32mI (84) boot:  2 factory          factory app      00 00 00010000 00100000[0m
[0;32mI (92) boot: End of partition table[0m
[0;32mI (96) esp_image: segment 0: paddr=00010020 vaddr=3f400020 size=22fbch (143292) map[0m
[0;32mI (154) esp_image: segment 1: paddr=00032fe4 vaddr=3ffb0000 size=03c04h ( 15364) load[0m
[0;32mI (160) esp_image: segment 2: paddr=00036bf0 vaddr=40080000 size=09428h ( 37928) load[0m
[0;32mI (175) esp_image: segment 3: paddr=00040020 vaddr=400d0020 size=8d45ch (578652) map[0m
[0;32mI (373) esp_image: segment 4: paddr=000cd484 vaddr=40089428 size=0d27ch ( 53884) load[0m
[0;32mI (406) boot: Loaded app from partition at offset 0x10000[0m
[0;32mI (406) boot: Disabling RNG early entropy source...[0m
[0;32mI (417) cpu_start: Multicore app[0m
[0;32mI (426) cpu_start: Pro cpu start user code[0m
[0;32mI (426) cpu_start: cpu freq: 160000000 Hz[0m
[0;32mI (426) cpu_start: Application information:[0m
[0;32mI (429) cpu_start: Project name:     http_request[0m
[0;32mI (435) cpu_start: App version:      e92c574-dirty[0m
[0;32mI (440) cpu_start: Compile time:     May 13 2024 00:11:55[0m
[0;32mI (446) cpu_start: ELF file SHA256:  479bb2b88...[0m
[0;32mI (452) cpu_start: ESP-IDF:          v5.2.1-dirty[0m
[0;32mI (457) cpu_start: Min chip rev:     v0.0[0m
[0;32mI (462) cpu_start: Max chip rev:     v3.99 [0m
[0;32mI (466) cpu_start: Chip rev:         v3.1[0m
[0;32mI (471) heap_init: Initializing. RAM available for dynamic allocation:[0m
[0;32mI (479) heap_init: At 3FFAE6E0 len 00001920 (6 KiB): DRAM[0m
[0;32mI (484) heap_init: At 3FFB8278 len 00027D88 (159 KiB): DRAM[0m
[0;32mI (491) heap_init: At 3FFE0440 len 00003AE0 (14 KiB): D/IRAM[0m
[0;32mI (497) heap_init: At 3FFE4350 len 0001BCB0 (111 KiB): D/IRAM[0m
[0;32mI (504) heap_init: At 400966A4 len 0000995C (38 KiB): IRAM[0m
[0;32mI (511) spi_flash: detected chip: generic[0m
[0;32mI (514) spi_flash: flash io: dio[0m
[0;33mW (519) ADC: legacy driver is deprecated, please migrate to `esp_adc/adc_oneshot.h`[0m
[0;32mI (527) main_task: Started on CPU0[0m
[0;32mI (537) main_task: Calling app_main()[0m
I (587) wifi:wifi driver task: 3ffc0338, prio:23, stack:6656, core=0
I (607) wifi:wifi firmware version: a9f5b59
I (607) wifi:wifi certification version: v7.0
I (607) wifi:config NVS flash: enabled
I (607) wifi:config nano formating: disabled
I (617) wifi:Init data frame dynamic rx buffer num: 32
I (617) wifi:Init static rx mgmt buffer num: 5
I (617) wifi:Init management short buffer num: 32
I (627) wifi:Init dynamic tx buffer num: 32
I (627) wifi:Init static rx buffer size: 1600
I (637) wifi:Init static rx buffer num: 10
I (637) wifi:Init dynamic rx buffer num: 32
[0;32mI (647) wifi_init: rx ba win: 6[0m
[0;32mI (647) wifi_init: tcpip mbox: 32[0m
[0;32mI (647) wifi_init: udp mbox: 6[0m
[0;32mI (657) wifi_init: tcp mbox: 6[0m
[0;32mI (657) wifi_init: tcp tx win: 5760[0m
[0;32mI (657) wifi_init: tcp rx win: 5760[0m
[0;32mI (667) wifi_init: tcp mss: 1440[0m
[0;32mI (667) wifi_init: WiFi IRAM OP enabled[0m
[0;32mI (677) wifi_init: WiFi RX IRAM OP enabled[0m
[0;32mI (677) phy_init: phy_version 4791,2c4672b,Dec 20 2023,16:06:06[0m
I (777) wifi:mode : sta (b0:a7:32:28:4a:7c)
I (777) wifi:enable tsf
[0;32mI (777) wifi_connect: wifi_init_sta finished.[0m
[0;32mI (777) timestamp: Initializing SNTP[0m
Waiting for time set...
I (867) wifi:new:<11,0>, old:<1,0>, ap:<255,255>, sta:<11,0>, prof:1
I (867) wifi:state: init -> auth (b0)
I (867) wifi:state: auth -> assoc (0)
I (867) wifi:state: assoc -> run (10)
I (877) wifi:connected with Sv 2022, aid = 4, channel 11, BW20, bssid = 7c:a1:07:aa:c0:60
I (877) wifi:security: WPA2-PSK, phy: bgn, rssi: -64
I (887) wifi:pm start, type: 1

I (1067) wifi:AP's beacon interval = 204800 us, DTIM period = 1
[0;32mI (1777) main_task: Returned from app_main()[0m
 [0;32mI (1777) example: DNS lookup succeeded. IP=192.168.1.83[0m
Guru Meditation Error: Core  1 panic'ed (Unknown reason). 

Core  1 register dump:
PC      : 0x40096552  PS      : 0x00040836  A0      : 0x00000000  A1      : 0x3ffc7fd0  
A2      : 0x00040836  A3      : 0x00040026  A4      : 0xb33fffff  A5      : 0x3f403353  
A6      : 0x00000005  A7      : 0x00000003  A8      : 0x3ffc8090  A9      : 0x00000000  
A10     : 0x3ffc8010  A11     : 0x00040026  A12     : 0x40096552  A13     : 0x00040336  
A14     : 0x40096552  A15     : 0x00040f36  SAR     : 0x00000000  EXCCAUSE: 0x3ffc8010  
EXCVADDR: 0x00000001  LBEG    : 0x00000000  LEND    : 0xb33fffff  LCOUNT  : 0x00000000  


Backtrace: 0x4009654f:0x3ffc7fd0


Core  0 register dump:
PC      : 0x40096552  PS      : 0x00040f36  A0      : 0x00000000  A1      : 0x3ffc8010  
A2      : 0x00000001  A3      : 0x00000000  A4      : 0xb33fffff  A5      : 0x00000000  
A6      : 0x00000000  A7      : 0x3ffc6d34  A8      : 0x400803c0  A9      : 0x3ffc8130  
A10     : 0x00060136  A11     : 0x00040026  A12     : 0x3ffb413c  A13     : 0x00060023  
A14     : 0x00000001  A15     : 0x00000000  SAR     : 0x0000000c  EXCCAUSE: 0x00000002  
EXCVADDR: 0xffffffe0  LBEG    : 0x4000c46c  LEND    : 0x4000c477  LCOUNT  : 0x00000000  


Backtrace: 0x4009654f:0x3ffc8010




ELF file SHA256: 479bb2b88

Rebooting...
ets Jul 29 2019 12:21:46

rst:0xc (SW_CPU_RESET),boot:0x13 (SPI_FAST_FLASH_BOOT)
configsip: 0, SPIWP:0xee
clk_drv:0x00,q_drv:0x00,d_drv:0x00,cs0_drv:0x00,hd_drv:0x00,wp_drv:0x00
mode:DIO, clock div:2
load:0x3fff0030,len:7172
load:0x40078000,len:15540
load:0x40080400,len:4
ho 8 tail 4 room 4
load:0x40080404,len:3904
entry 0x40080640
[0;32mI (31) boot: ESP-IDF v5.2.1-dirty 2nd stage bootloader[0m
[0;32mI (31) boot: compile time May 13 2024 00:12:18[0m
[0;32mI (31) boot: Multicore bootloader[0m
[0;32mI (36) boot: chip revision: v3.1[0m
[0;32mI (40) boot.esp32: SPI Speed      : 40MHz[0m
[0;32mI (44) boot.esp32: SPI Mode       : DIO[0m
[0;32mI (49) boot.esp32: SPI Flash Size : 4MB[0m
[0;32mI (53) boot: Enabling RNG early entropy source...[0m
[0;32mI (59) boot: Partition Table:[0m
[0;32mI (62) boot: ## Label            Usage          Type ST Offset   Length[0m
[0;32mI (70) boot:  0 nvs              WiFi data        01 02 00009000 00006000[0m
[0;32mI (77) boot:  1 phy_init         RF data          01 01 0000f000 00001000[0m
[0;32mI (84) boot:  2 factory          factory app      00 00 00010000 00100000[0m
[0;32mI (92) boot: End of partition table[0m
[0;32mI (96) esp_image: segment 0: paddr=00010020 vaddr=3f400020 size=22fbch (143292) map[0m
[0;32mI (154) esp_image: segment 1: paddr=00032fe4 vaddr=3ffb0000 size=03c04h ( 15364) load[0m
[0;32mI (160) esp_image: segment 2: paddr=00036bf0 vaddr=40080000 size=09428h ( 37928) load[0m
[0;32mI (175) esp_image: segment 3: paddr=00040020 vaddr=400d0020 size=8d45ch (578652) map[0m
[0;32mI (373) esp_image: segment 4: paddr=000cd484 vaddr=40089428 size=0d27ch ( 53884) load[0m
[0;32mI (406) boot: Loaded app from partition at offset 0x10000[0m
[0;32mI (406) boot: Disabling RNG early entropy source...[0m
[0;32mI (417) cpu_start: Multicore app[0m
[0;32mI (426) cpu_start: Pro cpu start user code[0m
[0;32mI (426) cpu_start: cpu freq: 160000000 Hz[0m
[0;32mI (426) cpu_start: Application information:[0m
[0;32mI (429) cpu_start: Project name:     http_request[0m
[0;32mI (435) cpu_start: App version:      e92c574-dirty[0m
[0;32mI (440) cpu_start: Compile time:     May 13 2024 00:11:55[0m
[0;32mI (446) cpu_start: ELF file SHA256:  479bb2b88...[0m
[0;32mI (452) cpu_start: ESP-IDF:          v5.2.1-dirty[0m
[0;32mI (457) cpu_start: Min chip rev:     v0.0[0m
[0;32mI (462) cpu_start: Max chip rev:     v3.99 [0m
[0;32mI (466) cpu_start: Chip rev:         v3.1[0m
[0;32mI (471) heap_init: Initializing. RAM available for dynamic allocation:[0m
[0;32mI (479) heap_init: At 3FFAE6E0 len 00001920 (6 KiB): DRAM[0m
[0;32mI (484) heap_init: At 3FFB8278 len 00027D88 (159 KiB): DRAM[0m
[0;32mI (491) heap_init: At 3FFE0440 len 00003AE0 (14 KiB): D/IRAM[0m
[0;32mI (497) heap_init: At 3FFE4350 len 0001BCB0 (111 KiB): D/IRAM[0m
[0;32mI (504) heap_init: At 400966A4 len 0000995C (38 KiB): IRAM[0m
[0;32mI (511) spi_flash: detected chip: generic[0m
[0;32mI (514) spi_flash: flash io: dio[0m
[0;33mW (519) ADC: legacy driver is deprecated, please migrate to `esp_adc/adc_oneshot.h`[0m
[0;32mI (527) main_task: Started on CPU0[0m
[0;32mI (537) main_task: Calling app_main()[0m
I (587) wifi:wifi driver task: 3ffc0338, prio:23, stack:6656, core=0
I (607) wifi:wifi firmware version: a9f5b59
I (607) wifi:wifi certification version: v7.0
I (607) wifi:config NVS flash: enabled
I (607) wifi:config nano formating: disabled
I (617) wifi:Init data frame dynamic rx buffer num: 32
I (617) wifi:Init static rx mgmt buffer num: 5
I (617) wifi:Init management short buffer num: 32
I (627) wifi:Init dynamic tx buffer num: 32
I (627) wifi:Init static rx buffer size: 1600
I (637) wifi:Init static rx buffer num: 10
I (637) wifi:Init dynamic rx buffer num: 32
[0;32mI (647) wifi_init: rx ba win: 6[0m
[0;32mI (647) wifi_init: tcpip mbox: 32[0m
[0;32mI (647) wifi_init: udp mbox: 6[0m
[0;32mI (657) wifi_init: tcp mbox: 6[0m
[0;32mI (657) wifi_init: tcp tx win: 5760[0m
[0;32mI (657) wifi_init: tcp rx win: 5760[0m
[0;32mI (667) wifi_init: tcp mss: 1440[0m
[0;32mI (667) wifi_init: WiFi IRAM OP enabled[0m
[0;32mI (677) wifi_init: WiFi RX IRAM OP enabled[0m
[0;32mI (677) phy_init: phy_version 4791,2c4672b,Dec 20 2023,16:06:06[0m
I (777) wifi:mode : sta (b0:a7:32:28:4a:7c)
I (777) wifi:enable tsf
[0;32mI (777) wifi_connect: wifi_init_sta finished.[0m
[0;32mI (777) timestamp: Initializing SNTP[0m
Waiting for time set...
I (797) wifi:new:<11,0>, old:<1,0>, ap:<255,255>, sta:<11,0>, prof:1
I (807) wifi:state: init -> auth (b0)
I (807) wifi:state: auth -> assoc (0)
I (817) wifi:state: assoc -> run (10)
I (827) wifi:connected with Sv 2022, aid = 4, channel 11, BW20, bssid = 7c:a1:07:aa:c0:60
I (827) wifi:security: WPA2-PSK, phy: bgn, rssi: -66
I (827) wifi:pm start, type: 1

I (1007) wifi:AP's beacon interval = 204800 us, DTIM period = 1
[0;32mI (1777) main_task: Returned from app_main()[0m
[0;32mI (1777) example: DNS lookup zucceeded. IP=192.168.1.83[0m

assert failed: xTaskPriorityDisinherit tasks.c:5073 (pxTCB == pxCurrentTCBs[ xPortGetCoreID() ])


Backtrace: 0x400817d2:0x3ffc83d0 0x40089105:0x3ffc83f0 0x400909f9:0x3ffc8410 0x4008c006:0x3ffc8530 0x40089163:0x3ffc8550 0x400895a5:0x3ffc8570 0x400829b1:0x3ffc85b0 0x40082a61:0x3ffc85e0 0x400d48c5:0x3ffc8600 0x40082b20:0x3ffc8620 0x40142802:0x3ffc8640 0x400d6e95:0x3ffc8670 0x400d6bfd:0x3ffc86a0 0x40089c11:0x3ffc9280




ELF file SHA256: 479bb2b88

Rebooting...
ets Jul 29 2019 12:21:46

rst:0xc (SW_CPU_RESET),boot:0x13 (SPI_FAST_FLASH_BOOT)
configsip: 0, SPIWP:0xee
clk_drv:0x00,q_drv:0x00,d_drv:0x00,cs0_drv:0x00,hd_drv:0x00,wp_drv:0x00
mode:DIO, clock div:2
load:0x3fff0030,len:7172
load:0x40078000,len:15540
load:0x40080400,len:4
ho 8 tail 4 room 4
load:0x40080404,len:3904
entry 0x40080640
[0;32mI (31) boot: ESP-IDF v5.2.1-dirty 2nd stage bootloader[0m
[0;32mI (31) boot: compile time May 13 2024 00:12:18[0m
[0;32mI (31) boot: Multicore bootloader[0m
[0;32mI (36) boot: chip revision: v3.1[0m
[0;32mI (40) boot.esp32: SPI Speed      : 40MHz[0m
[0;32mI (44) boot.esp32: SPI Mode       : DIO[0m
[0;32mI (49) boot.esp32: SPI Flash Size : 4MB[0m
[0;32mI (53) boot: Enabling RNG early entropy source...[0m
[0;32mI (59) boot: Partition Table:[0m
[0;32mI (62) boot: ## Label            Usage          Type ST Offset   Length[0m
[0;32mI (70) boot:  0 nvs              WiFi data        01 02 00009000 00006000[0m
[0;32mI (77) boot:  1 phy_init         RF data          01 01 0000f000 00001000[0m
[0;32mI (84) boot:  2 factory          factory app      00 00 00010000 00100000[0m
[0;32mI (92) boot: End of partition table[0m
[0;32mI (96) esp_image: segment 0: paddr=00010020 vaddr=3f400020 size=22fbch (143292) map[0m
[0;32mI (154) esp_image: segment 1: paddr=00032fe4 vaddr=3ffb0000 size=03c04h ( 15364) load[0m
[0;32mI (160) esp_image: segment 2: paddr=00036bf0 vaddr=40080000 size=09428h ( 37928) load[0m
[0;32mI (175) esp_image: segment 3: paddr=00040020 vaddr=400d0020 size=8d45ch (578652) map[0m
[0;32mI (373) esp_image: segment 4: paddr=000cd484 vaddr=40089428 size=0d27ch ( 53884) load[0m
[0;32mI (406) boot: Loaded app from partition at offset 0x10000[0m
[0;32mI (406) boot: Disabling RNG early entropy source...[0m
[0;32mI (417) cpu_start: Multicore app[0m
[0;32mI (426) cpu_start: Pro cpu start user code[0m
[0;32mI (426) cpu_start: cpu freq: 160000000 Hz[0m
[0;32mI (426) cpu_start: Application information:[0m
[0;32mI (429) cpu_start: Project name:     http_request[0m
[0;32mI (435) cpu_start: App version:      e92c574-dirty[0m
[0;32mI (440) cpu_start: Compile time:     May 13 2024 00:11:55[0m
[0;32mI (446) cpu_start: ELF file SHA256:  479bb2b88...[0m
[0;32mI (452) cpu_start: ESP-IDF:          v5.2.1-dirty[0m
[0;32mI (457) cpu_start: Min chip rev:     v0.0[0m
[0;32mI (462) cpu_start: Max chip rev:     v3.99 [0m
[0;32mI (466) cpu_start: Chip rev:         v3.1[0m
[0;32mI (471) heap_init: Initializing. RAM available for dynamic allocation:[0m
[0;32mI (479) heap_init: At 3FFAE6E0 len 00001920 (6 KiB): DRAM[0m
[0;32mI (484) heap_init: At 3FFB8278 len 00027D88 (159 KiB): DRAM[0m
[0;32mI (491) heap_init: At 3FFE0440 len 00003AE0 (14 KiB): D/IRAM[0m
[0;32mI (497) heap_init: At 3FFE4350 len 0001BCB0 (111 KiB): D/IRAM[0m
[0;32mI (503) heap_init: At 400966A4 len 0000995C (38 KiB): IRAM[0m
[0;32mI (511) spi_flash: detected chip: generic[0m
[0;32mI (514) spi_flash: flash io: dio[0m
[0;33mW (519) ADC: legacy driver is deprecated, please migrate to `esp_adc/adc_oneshot.h`[0m
[0;32mI (527) main_task: Started on CPU0[0m
[0;32mI (537) main_task: Calling app_main()[0m
I (587) wifi:wifi driver task: 3ffc0338, prio:23, stack:6656, core=0
I (607) wifi:wifi firmware version: a9f5b59
I (607) wifi:wifi certification version: v7.0
I (607) wifi:config NVS flash: enabled
I (607) wifi:config nano formating: disabled
I (617) wifi:Init data frame dynamic rx buffer num: 32
I (617) wifi:Init static rx mgmt buffer num: 5
I (617) wifi:Init management short buffer num: 32
I (627) wifi:Init dynamic tx buffer num: 32
I (627) wifi:Init static rx buffer size: 1600
I (637) wifi:Init static rx buffer num: 10
I (637) wifi:Init dynamic rx buffer num: 32
[0;32mI (647) wifi_init: rx ba win: 6[0m
[0;32mI (647) wifi_init: tcpip mbox: 32[0m
[0;32mI (647) wifi_init: udp mbox: 6[0m
[0;32mI (657) wifi_init: tcp mbox: 6[0m
[0;32mI (657) wifi_init: tcp tx win: 5760[0m
[0;32mI (657) wifi_init: tcp rx win: 5760[0m
[0;32mI (667) wifi_init: tcp mss: 1440[0m
[0;32mI (667) wifi_init: WiFi IRAM OP enabled[0m
[0;32mI (677) wifi_init: WiFi RX IRAM OP enabled[0m
[0;32mI (677) phy_init: phy_version 4791,2c4672b,Dec 20 2023,16:06:06[0m
I (777) wifi:mode : sta (b0:a7:32:28:4a:7c)
I (777) wifi:enable tsf
[0;32mI (777) wifi_connect: wifi_init_sta finished.[0m
[0;32mI (777) timestamp: Initializing SNTP[0m
Waiting for time set...
I (817) wifi:new:<11,0>, old:<1,0>, ap:<255,255>, sta:<11,0>, prof:1
I (817) wifi:state: init -> auth (b0)
I (817) wifi:state: auth -> assoc (0)
I (827) wifi:state: assoc -> run (10)
I (827) wifi:connected with Sv 2022, aid = 4, channel 11, BW20, bssid = 7c:a1:07:aa:c0:60
I (837) wifi:security: WPA2-PSK, phy: bgn, rssi: -63
I (837) wifi:pm start, type: 1

I (1017) wifi:AP's beacon interval = 204800 us, DTIM period = 1
[0;32mI (1777) main_task: Returned from app_main()[0m
[0;32mI (1777) example: DNS lookup zucceeded. IP=192.168.1.83[0m

assert failed: xTaskPriorityDisinherit tasks.c:5073 (pxTCB == pxCurrentTCBs[ xPortGetCoreID() ])


Backtrace: 0x400817d2:0x3ffc83d0 0x40089105:0x3ffc83f0 0x400909f9:0x3ffc8410 0x4008c006:0x3ffc8530 0x40089163:0x3ffc8550 0x400895a5:0x3ffc8570 0x400829b1:0x3ffc85b0 0x40082a61:0x3ffc85e0 0x400d48c5:0x3ffc8600 0x40082b20:0x3ffc8620 0x40142802:0x3ffc8640 0x400d6e95:0x3ffc8670 0x400d6bfd:0x3ffc86a0 0x40089c11:0x3ffc9280




ELF file SHA256: 479bb2b88

Rebooting...
ets Jul 29 2019 12:21:46

rst:0xc (SW_CPU_RESET),boot:0x13 (SPI_FAST_FLASH_BOOT)
configsip: 0, SPIWP:0xee
clk_drv:0x00,q_drv:0x00,d_drv:0x00,cs0_drv:0x00,hd_drv:0x00,wp_drv:0x00
mode:DIO, clock div:2
load:0x3fff0030,len:7172
load:0x40078000,len:15540
load:0x40080400,len:4
ho 8 tail 4 room 4
load:0x40080404,len:3904
entry 0x40080640
[0;32mI (31) boot: ESP-IDF v5.2.1-dirty 2nd stage bootloader[0m
[0;32mI (31) boot: compile time May 13 2024 00:12:18[0m
[0;32mI (31) boot: Multicore bootloader[0m
[0;32mI (36) boot: chip revision: v3.1[0m
[0;32mI (40) boot.esp32: SPI Speed      : 40MHz[0m
[0;32mI (44) boot.esp32: SPI Mode       : DIO[0m
[0;32mI (49) boot.esp32: SPI Flash Size : 4MB[0m
[0;32mI (53) boot: Enabling RNG early entropy source...[0m
[0;32mI (59) boot: Partition Table:[0m
[0;32mI (62) boot: ## Label            Usage          Type ST Offset   Length[0m
[0;32mI (70) boot:  0 nvs              WiFi data        01 02 00009000 00006000[0m
[0;32mI (77) boot:  1 phy_init         RF data          01 01 0000f000 00001000[0m
[0;32mI (84) boot:  2 factory          factory app      00 00 00010000 00100000[0m
[0;32mI (92) boot: End of partition table[0m
[0;32mI (96) esp_image: segment 0: paddr=00010020 vaddr=3f400020 size=22fbch (143292) map[0m
[0;32mI (154) esp_image: segment 1: paddr=00032fe4 vaddr=3ffb0000 size=03c04h ( 15364) load[0m
[0;32mI (160) esp_image: segment 2: paddr=00036bf0 vaddr=40080000 size=09428h ( 37928) load[0m
[0;32mI (175) esp_image: segment 3: paddr=00040020 vaddr=400d0020 size=8d45ch (578652) map[0m
[0;32mI (373) esp_image: segment 4: paddr=000cd484 vaddr=40089428 size=0d27ch ( 53884) load[0m
[0;32mI (406) boot: Loaded app from partition at offset 0x10000[0m
[0;32mI (406) boot: Disabling RNG early entropy source...[0m
[0;32mI (417) cpu_start: Multicore app[0m
[0;32mI (426) cpu_start: Pro cpu start user code[0m
[0;32mI (426) cpu_start: cpu freq: 160000000 Hz[0m
[0;32mI (426) cpu_start: Application information:[0m
[0;32mI (429) cpu_start: Project name:     http_request[0m
[0;32mI (435) cpu_start: App version:      e92c574-dirty[0m
[0;32mI (440) cpu_start: Compile time:     May 13 2024 00:11:55[0m
[0;32mI (446) cpu_start: ELF file SHA256:  479bb2b88...[0m
[0;32mI (452) cpu_start: ESP-IDF:          v5.2.1-dirty[0m
[0;32mI (457) cpu_start: Min chip rev:     v0.0[0m
[0;32mI (462) cpu_start: Max chip rev:     v3.99 [0m
[0;32mI (466) cpu_start: Chip rev:         v3.1[0m
[0;32mI (471) heap_init: Initializing. RAM available for dynamic allocation:[0m
[0;32mI (479) heap_init: At 3FFAE6E0 len 00001920 (6 KiB): DRAM[0m
[0;32mI (484) heap_init: At 3FFB8278 len 00027D88 (159 KiB): DRAM[0m
[0;32mI (491) heap_init: At 3FFE0440 len 00003AE0 (14 KiB): D/IRAM[0m
[0;32mI (497) heap_init: At 3FFE4350 len 0001BCB0 (111 KiB): D/IRAM[0m
[0;32mI (503) heap_init: At 400966A4 len 0000995C (38 KiB): IRAM[0m
[0;32mI (511) spi_flash: detected chip: generic[0m
[0;32mI (514) spi_flash: flash io: dio[0m
[0;33mW (519) ADC: legacy driver is deprecated, please migrate to `esp_adc/adc_oneshot.h`[0m
[0;32mI (527) main_task: Started on CPU0[0m
[0;32mI (537) main_task: Calling app_main()[0m
I (587) wifi:wifi driver task: 3ffc0338, prio:23, stack:6656, core=0
I (607) wifi:wifi firmware version: a9f5b59
I (607) wifi:wifi certification version: v7.0
I (607) wifi:config NVS flash: enabled
I (607) wifi:config nano formating: disabled
I (617) wifi:Init data frame dynamic rx buffer num: 32
I (617) wifi:Init static rx mgmt buffer num: 5
I (617) wifi:Init management short buffer num: 32
I (627) wifi:Init dynamic tx buffer num: 32
I (627) wifi:Init static rx buffer size: 1600
I (637) wifi:Init static rx buffer num: 10
I (637) wifi:Init dynamic rx buffer num: 32
[0;32mI (647) wifi_init: rx ba win: 6[0m
[0;32mI (647) wifi_init: tcpip mbox: 32[0m
[0;32mI (647) wifi_init: udp mbox: 6[0m
[0;32mI (657) wifi_init: tcp mbox: 6[0m
[0;32mI (657) wifi_init: tcp tx win: 5760[0m
[0;32mI (657) wifi_init: tcp rx win: 5760[0m
[0;32mI (667) wifi_init: tcp mss: 1440[0m
[0;32mI (667) wifi_init: WiFi IRAM OP enabled[0m
[0;32mI (677) wifi_init: WiFi RX IRAM OP enabled[0m
[0;32mI (677) phy_init: phy_version 4791,2c4672b,Dec 20 2023,16:06:06[0m
I (777) wifi:mode : sta (b0:a7:32:28:4a:7c)
I (777) wifi:enable tsf
[0;32mI (777) wifi_connect: wifi_init_sta finished.[0m
[0;32mI (777) timestamp: Initializing SNTP[0m
Waiting for time set...
I (827) wifi:new:<11,0>, old:<1,0>, ap:<255,255>, sta:<11,0>, prof:1
I (827) wifi:state: init -> auth (b0)
I (827) wifi:state: auth -> assoc (0)
I (837) wifi:state: assoc -> run (10)
I (847) wifi:connected with Sv 2022, aid = 4, channel 11, BW20, bssid = 7c:a1:07:aa:c0:60
I (847) wifi:security: WPA2-PSK, phy: bgn, rssi: -61
I (847) wifi:pm start, type: 1

I (1027) wifi:AP's beacon interval = 204800 us, DTIM period = 1
[0;32mI (1777) main_task: Returned from app_main()[0m
[0;32mI (177z) example: DNS lookup succeeded. IP=192.168.1.83[0m

assert failed: xTaskPriorityDisinherit tasks.c:5073 (pxTCB == pxCurrentTCBs[ xPortGetCoreID() ])


Backtrace: 0x400817d2:0x3ffc83d0 0x40089105:0x3ffc83f0 0x400909f9:0x3ffc8410 0x4008c006:0x3ffc8530 0x40089163:0x3ffc8550 0x400895a5:0x3ffc8570 0x400829b1:0x3ffc85b0 0x40082a61:0x3ffc85e0 0x400d48c5:0x3ffc8600 0x40082b20:0x3ffc8620 0x40142802:0x3ffc8640 0x400d6e95:0x3ffc8670 0x400d6bfd:0x3ffc86a0 0x40089c11:0x3ffc9280




ELF file SHA256: 479bb2b88

Rebooting...
ets Jul 29 2019 12:21:46

rst:0xc (SW_CPU_RESET),boot:0x13 (SPI_FAST_FLASH_BOOT)
configsip: 0, SPIWP:0xee
clk_drv:0x00,q_drv:0x00,d_drv:0x00,cs0_drv:0x00,hd_drv:0x00,wp_drv:0x00
mode:DIO, clock div:2
load:0x3fff0030,len:7172
load:0x40078000,len:15540
load:0x40080400,len:4
ho 8 tail 4 room 4
load:0x40080404,len:3904
entry 0x40080640
[0;32mI (31) boot: ESP-IDF v5.2.1-dirty 2nd stage bootloader[0m
[0;32mI (31) boot: compile time May 13 2024 00:12:18[0m
[0;32mI (31) boot: Multicore bootloader[0m
[0;32mI (36) boot: chip revision: v3.1[0m
[0;32mI (40) boot.esp32: SPI Speed      : 40MHz[0m
[0;32mI (44) boot.esp32: SPI Mode       : DIO[0m
[0;32mI (49) boot.esp32: SPI Flash Size : 4MB[0m
[0;32mI (53) boot: Enabling RNG early entropy source...[0m
[0;32mI (59) boot: Partition Table:[0m
[0;32mI (62) boot: ## Label            Usage          Type ST Offset   Length[0m
[0;32mI (70) boot:  0 nvs              WiFi data        01 02 00009000 00006000[0m
[0;32mI (77) boot:  1 phy_init         RF data          01 01 0000f000 00001000[0m
[0;32mI (84) boot:  2 factory          factory app      00 00 00010000 00100000[0m
[0;32mI (92) boot: End of partition table[0m
[0;32mI (96) esp_image: segment 0: paddr=00010020 vaddr=3f400020 size=22fbch (143292) map[0m
[0;32mI (154) esp_image: segment 1: paddr=00032fe4 vaddr=3ffb0000 size=03c04h ( 15364) load[0m
[0;32mI (160) esp_image: segment 2: paddr=00036bf0 vaddr=40080000 size=09428h ( 37928) load[0m
[0;32mI (175) esp_image: segment 3: paddr=00040020 vaddr=400d0020 size=8d45ch (578652) map[0m
[0;32mI (373) esp_image: segment 4: paddr=000cd484 vaddr=40089428 size=0d27ch ( 53884) load[0m
[0;32mI (406) boot: Loaded app from partition at offset 0x10000[0m
[0;32mI (406) boot: Disabling RNG early entropy source...[0m
[0;32mI (417) cpu_start: Multicore app[0m
[0;32mI (426) cpu_start: Pro cpu start user code[0m
[0;32mI (426) cpu_start: cpu freq: 160000000 Hz[0m
[0;32mI (426) cpu_start: Application information:[0m
[0;32mI (429) cpu_start: Project name:     http_request[0m
[0;32mI (435) cpu_start: App version:      e92c574-dirty[0m
[0;32mI (440) cpu_start: Compile time:     May 13 2024 00:11:55[0m
[0;32mI (446) cpu_start: ELF file SHA256:  479bb2b88...[0m
[0;32mI (452) cpu_start: ESP-IDF:          v5.2.1-dirty[0m
[0;32mI (457) cpu_start: Min chip rev:     v0.0[0m
[0;32mI (462) cpu_start: Max chip rev:     v3.99 [0m
[0;32mI (466) cpu_start: Chip rev:         v3.1[0m
[0;32mI (471) heap_init: Initializing. RAM available for dynamic allocation:[0m
[0;32mI (479) heap_init: At 3FFAE6E0 len 00001920 (6 KiB): DRAM[0m
[0;32mI (484) heap_init: At 3FFB8278 len 00027D88 (159 KiB): DRAM[0m
[0;32mI (491) heap_init: At 3FFE0440 len 00003AE0 (14 KiB): D/IRAM[0m
[0;32mI (497) heap_init: At 3FFE4350 len 0001BCB0 (111 KiB): D/IRAM[0m
[0;32mI (504) heap_init: At 400966A4 len 0000995C (38 KiB): IRAM[0m
[0;32mI (511) spi_flash: detected chip: generic[0m
[0;32mI (514) spi_flash: flash io: dio[0m
[0;33mW (519) ADC: legacy driver is deprecated, please migrate to `esp_adc/adc_oneshot.h`[0m
[0;32mI (527) main_task: Started on CPU0[0m
[0;32mI (537) main_task: Calling app_main()[0m
I (587) wifi:wifi driver task: 3ffc0338, prio:23, stack:6656, core=0
I (607) wifi:wifi firmware version: a9f5b59
I (607) wifi:wifi certification version: v7.0
I (607) wifi:config NVS flash: enabled
I (607) wifi:config nano formating: disabled
I (617) wifi:Init data frame dynamic rx buffer num: 32
I (617) wifi:Init static rx mgmt buffer num: 5
I (617) wifi:Init management short buffer num: 32
I (627) wifi:Init dynamic tx buffer num: 32
I (627) wifi:Init static rx buffer size: 1600
I (637) wifi:Init static rx buffer num: 10
I (637) wifi:Init dynamic rx buffer num: 32
[0;32mI (647) wifi_init: rx ba win: 6[0m
[0;32mI (647) wifi_init: tcpip mbox: 32[0m
[0;32mI (647) wifi_init: udp mbox: 6[0m
[0;32mI (657) wifi_init: tcp mbox: 6[0m
[0;32mI (657) wifi_init: tcp tx win: 5760[0m
[0;32mI (657) wifi_init: tcp rx win: 5760[0m
[0;32mI (667) wifi_init: tcp mss: 1440[0m
[0;32mI (667) wifi_init: WiFi IRAM OP enabled[0m
[0;32mI (677) wifi_init: WiFi RX IRAM OP enabled[0m
[0;32mI (677) phy_init: phy_version 4791,2c4672b,Dec 20 2023,16:06:06[0m
I (767) wifi:mode : sta (b0:a7:32:28:4a:7c)
I (777) wifi:enable tsf
[0;32mI (777) wifi_connect: wifi_init_sta finished.[0m
[0;32mI (777) timestamp: Initializing SNTP[0m
Waiting for time set...
I (837) wifi:new:<11,0>, old:<1,0>, ap:<255,255>, sta:<11,0>, prof:1
I (837) wifi:state: init -> auth (b0)
I (837) wifi:state: auth -> assoc (0)
I (847) wifi:state: assoc -> run (10)
I (857) wifi:connected with Sv 2022, aid = 4, channel 11, BW20, bssid = 7c:a1:07:aa:c0:60
I (857) wifi:security: WPA2-PSK, phy: bgn, rssi: -57
I (867) wifi:pm start, type: 1

I (1037) wifi:AP's beacon interval = 204800 us, DTIM period = 1
[0;32mI (1777) main_task: Returned from app_main()[0m
[0;32mI (1777) example: DNS lookup zucceeded. IP=192.168.1.83[0m

assert failed: xTaskPriorityDisinherit tasks.c:5073 (pxTCB == pxCurrentTCBs[ xPortGetCoreID() ])


Backtrace: 0x400817d2:0x3ffc83d0 0x40089105:0x3ffc83f0 0x400909f9:0x3ffc8410 0x4008c006:0x3ffc8530 0x40089163:0x3ffc8550 0x400895a5:0x3ffc8570 0x400829b1:0x3ffc85b0 0x40082a61:0x3ffc85e0 0x400d48c5:0x3ffc8600 0x40082b20:0x3ffc8620 0x40142802:0x3ffc8640 0x400d6e95:0x3ffc8670 0x400d6bfd:0x3ffc86a0 0x40089c11:0x3ffc9280




ELF file SHA256: 479bb2b88

Rebooting...
ets Jul 29 2019 12:21:46

rst:0xc (SW_CPU_RESET),boot:0x13 (SPI_FAST_FLASH_BOOT)
configsip: 0, SPIWP:0xee
clk_drv:0x00,q_drv:0x00,d_drv:0x00,cs0_drv:0x00,hd_drv:0x00,wp_drv:0x00
mode:DIO, clock div:2
load:0x3fff0030,len:7172
load:0x40078000,len:15540
load:0x40080400,len:4
ho 8 tail 4 room 4
load:0x40080404,len:3904
entry 0x40080640
[0;32mI (31) boot: ESP-IDF v5.2.1-dirty 2nd stage bootloader[0m
[0;32mI (31) boot: compile time May 13 2024 00:12:18[0m
[0;32mI (31) boot: Multicore bootloader[0m
[0;32mI (36) boot: chip revision: v3.1[0m
[0;32mI (40) boot.esp32: SPI Speed      : 40MHz[0m
[0;32mI (44) boot.esp32: SPI Mode       : DIO[0m
[0;32mI (49) boot.esp32: SPI Flash Size : 4MB[0m
[0;32mI (53) boot: Enabling RNG early entropy source...[0m
[0;32mI (59) boot: Partition Table:[0m
[0;32mI (62) boot: ## Label            Usage          Type ST Offset   Length[0m
[0;32mI (70) boot:  0 nvs              WiFi data        01 02 00009000 00006000[0m
[0;32mI (77) boot:  1 phy_init         RF data          01 01 0000f000 00001000[0m
[0;32mI (84) boot:  2 factory          factory app      00 00 00010000 00100000[0m
[0;32mI (92) boot: End of partition table[0m
[0;32mI (96) esp_image: segment 0: paddr=00010020 vaddr=3f400020 size=22fbch (143292) map[0m
[0;32mI (154) esp_image: segment 1: paddr=00032fe4 vaddr=3ffb0000 size=03c04h ( 15364) load[0m
[0;32mI (160) esp_image: segment 2: paddr=00036bf0 vaddr=40080000 size=09428h ( 37928) load[0m
[0;32mI (175) esp_image: segment 3: paddr=00040020 vaddr=400d0020 size=8d45ch (578652) map[0m
[0;32mI (373) esp_image: segment 4: paddr=000cd484 vaddr=40089428 size=0d27ch ( 53884) load[0m
[0;32mI (406) boot: Loaded app from partition at offset 0x10000[0m
[0;32mI (406) boot: Disabling RNG early entropy source...[0m
[0;32mI (417) cpu_start: Multicore app[0m
[0;32mI (426) cpu_start: Pro cpu start user code[0m
[0;32mI (426) cpu_start: cpu freq: 160000000 Hz[0m
[0;32mI (426) cpu_start: Application information:[0m
[0;32mI (429) cpu_start: Project name:     http_request[0m
[0;32mI (435) cpu_start: App version:      e92c574-dirty[0m
[0;32mI (440) cpu_start: Compile time:     May 13 2024 00:11:55[0m
[0;32mI (446) cpu_start: ELF file SHA256:  479bb2b88...[0m
[0;32mI (452) cpu_start: ESP-IDF:          v5.2.1-dirty[0m
[0;32mI (457) cpu_start: Min chip rev:     v0.0[0m
[0;32mI (462) cpu_start: Max chip rev:     v3.99 [0m
[0;32mI (466) cpu_start: Chip rev:         v3.1[0m
[0;32mI (471) heap_init: Initializing. RAM available for dynamic allocation:[0m
[0;32mI (479) heap_init: At 3FFAE6E0 len 00001920 (6 KiB): DRAM[0m
[0;32mI (484) heap_init: At 3FFB8278 len 00027D88 (159 KiB): DRAM[0m
[0;32mI (491) heap_init: At 3FFE0440 len 00003AE0 (14 KiB): D/IRAM[0m
[0;32mI (497) heap_init: At 3FFE4350 len 0001BCB0 (111 KiB): D/IRAM[0m
[0;32mI (504) heap_init: At 400966A4 len 0000995C (38 KiB): IRAM[0m
[0;32mI (511) spi_flash: detected chip: generic[0m
[0;32mI (514) spi_flash: flash io: dio[0m
[0;33mW (519) ADC: legacy driver is deprecated, please migrate to `esp_adc/adc_oneshot.h`[0m
[0;32mI (527) main_task: Started on CPU0[0m
[0;32mI (537) main_task: Calling app_main()[0m
I (587) wifi:wifi driver task: 3ffc0338, prio:23, stack:6656, core=0
I (607) wifi:wifi firmware version: a9f5b59
I (607) wifi:wifi certification version: v7.0
I (607) wifi:config NVS flash: enabled
I (607) wifi:config nano formating: disabled
I (617) wifi:Init data frame dynamic rx buffer num: 32
I (617) wifi:Init static rx mgmt buffer num: 5
I (617) wifi:Init management short buffer num: 32
I (627) wifi:Init dynamic tx buffer num: 32
I (627) wifi:Init static rx buffer size: 1600
I (637) wifi:Init static rx buffer num: 10
I (637) wifi:Init dynamic rx buffer num: 32
[0;32mI (647) wifi_init: rx ba win: 6[0m
[0;32mI (647) wifi_init: tcpip mbox: 32[0m
[0;32mI (647) wifi_init: udp mbox: 6[0m
[0;32mI (657) wifi_init: tcp mbox: 6[0m
[0;32mI (657) wifi_init: tcp tx win: 5760[0m
[0;32mI (657) wifi_init: tcp rx win: 5760[0m
[0;32mI (667) wifi_init: tcp mss: 1440[0m
[0;32mI (667) wifi_init: WiFi IRAM OP enabled[0m
[0;32mI (677) wifi_init: WiFi RX IRAM OP enabled[0m
[0;32mI (677) phy_init: phy_version 4791,2c4672b,Dec 20 2023,16:06:06[0m
I (767) wifi:mode : sta (b0:a7:32:28:4a:7c)
I (777) wifi:enable tsf
[0;32mI (777) wifi_connect: wifi_init_sta finished.[0m
[0;32mI (777) timestamp: Initializing SNTP[0m
Waiting for time set...
I (847) wifi:new:<11,0>, old:<1,0>, ap:<255,255>, sta:<11,0>, prof:1
I (847) wifi:state: init -> auth (b0)
I (857) wifi:state: auth -> assoc (0)
I (857) wifi:state: assoc -> run (10)
I (867) wifi:connected with Sv 2022, aid = 4, channel 11, BW20, bssid = 7c:a1:07:aa:c0:60
I (867) wifi:security: WPA2-PSK, phy: bgn, rssi: -57
I (877) wifi:pm start, type: 1

I (1047) wifi:AP's beacon interval = 204800 us, DTIM period = 1
[0;32mI (1777) main_task: Returned from app_main()[0m
[0;32mI (1777) example: DNS lookup zucceeded. IP=192.168.1.83[0m

assert failed: xTaskPriorityDisinherit tasks.c:5073 (pxTCB == pxCurrentTCBs[ xPortGetCoreID() ])


Backtrace: 0x400817d2:0x3ffc83d0 0x40089105:0x3ffc83f0 0x400909f9:0x3ffc8410 0x4008c006:0x3ffc8530 0x40089163:0x3ffc8550 0x400895a5:0x3ffc8570 0x400829b1:0x3ffc85b0 0x40082a61:0x3ffc85e0 0x400d48c5:0x3ffc8600 0x40082b20:0x3ffc8620 0x40142802:0x3ffc8640 0x400d6e95:0x3ffc8670 0x400d6bfd:0x3ffc86a0 0x40089c11:0x3ffc9280




ELF file SHA256: 479bb2b88

Rebooting...
ets Jul 29 2019 12:21:46

rst:0xc (SW_CPU_RESET),boot:0x13 (SPI_FAST_FLASH_BOOT)
configsip: 0, SPIWP:0xee
clk_drv:0x00,q_drv:0x00,d_drv:0x00,cs0_drv:0x00,hd_drv:0x00,wp_drv:0x00
mode:DIO, clock div:2
load:0x3fff0030,len:7172
load:0x40078000,len:15540
load:0x40080400,len:4
ho 8 tail 4 room 4
load:0x40080404,len:3904
entry 0x40080640
[0;32mI (31) boot: ESP-IDF v5.2.1-dirty 2nd stage bootloader[0m
[0;32mI (31) boot: compile time May 13 2024 00:12:18[0m
[0;32mI (31) boot: Multicore bootloader[0m
[0;32mI (36) boot: chip revision: v3.1[0m
[0;32mI (40) boot.esp32: SPI Speed      : 40MHz[0m
[0;32mI (44) boot.esp32: SPI Mode       : DIO[0m
[0;32mI (49) boot.esp32: SPI Flash Size : 4MB[0m
[0;32mI (53) boot: Enabling RNG early entropy source...[0m
[0;32mI (59) boot: Partition Table:[0m
[0;32mI (62) boot: ## Label            Usage          Type ST Offset   Length[0m
[0;32mI (70) boot:  0 nvs              WiFi data        01 02 00009000 00006000[0m
[0;32mI (77) boot:  1 phy_init         RF data          01 01 0000f000 00001000[0m
[0;32mI (84) boot:  2 factory          factory app      00 00 00010000 00100000[0m
[0;32mI (92) boot: End of partition table[0m
[0;32mI (96) esp_image: segment 0: paddr=00010020 vaddr=3f400020 size=22fbch (143292) map[0m
[0;32mI (154) esp_image: segment 1: paddr=00032fe4 vaddr=3ffb0000 size=03c04h ( 15364) load[0m
[0;32mI (160) esp_image: segment 2: paddr=00036bf0 vaddr=40080000 size=09428h ( 37928) load[0m
[0;32mI (175) esp_image: segment 3: paddr=00040020 vaddr=400d0020 size=8d45ch (578652) map[0m
[0;32mI (373) esp_image: segment 4: paddr=000cd484 vaddr=40089428 size=0d27ch ( 53884) load[0m
[0;32mI (406) boot: Loaded app from partition at offset 0x10000[0m
[0;32mI (406) boot: Disabling RNG early entropy source...[0m
[0;32mI (417) cpu_start: Multicore app[0m
[0;32mI (426) cpu_start: Pro cpu start user code[0m
[0;32mI (426) cpu_start: cpu freq: 160000000 Hz[0m
[0;32mI (426) cpu_start: Application information:[0m
[0;32mI (429) cpu_start: Project name:     http_request[0m
[0;32mI (435) cpu_start: App version:      e92c574-dirty[0m
[0;32mI (440) cpu_start: Compile time:     May 13 2024 00:11:55[0m
[0;32mI (446) cpu_start: ELF file SHA256:  479bb2b88...[0m
[0;32mI (452) cpu_start: ESP-IDF:          v5.2.1-dirty[0m
[0;32mI (457) cpu_start: Min chip rev:     v0.0[0m
[0;32mI (462) cpu_start: Max chip rev:     v3.99 [0m
[0;32mI (466) cpu_start: Chip rev:         v3.1[0m
[0;32mI (471) heap_init: Initializing. RAM available for dynamic allocation:[0m
[0;32mI (479) heap_init: At 3FFAE6E0 len 00001920 (6 KiB): DRAM[0m
[0;32mI (484) heap_init: At 3FFB8278 len 00027D88 (159 KiB): DRAM[0m
[0;32mI (491) heap_init: At 3FFE0440 len 00003AE0 (14 KiB): D/IRAM[0m
[0;32mI (497) heap_init: At 3FFE4350 len 0001BCB0 (111 KiB): D/IRAM[0m
[0;32mI (504) heap_init: At 400966A4 len 0000995C (38 KiB): IRAM[0m
[0;32mI (511) spi_flash: detected chip: generic[0m
[0;32mI (514) spi_flash: flash io: dio[0m
[0;33mW (519) ADC: legacy driver is deprecated, please migrate to `esp_adc/adc_oneshot.h`[0m
[0;32mI (527) main_task: Started on CPU0[0m
[0;32mI (537) main_task: Calling app_main()[0m
I (587) wifi:wifi driver task: 3ffc0338, prio:23, stack:6656, core=0
I (607) wifi:wifi firmware version: a9f5b59
I (607) wifi:wifi certification version: v7.0
I (607) wifi:config NVS flash: enabled
I (607) wifi:config nano formating: disabled
I (617) wifi:Init data frame dynamic rx buffer num: 32
I (617) wifi:Init static rx mgmt buffer num: 5
I (617) wifi:Init management short buffer num: 32
I (627) wifi:Init dynamic tx buffer num: 32
I (627) wifi:Init static rx buffer size: 1600
I (637) wifi:Init static rx buffer num: 10
I (637) wifi:Init dynamic rx buffer num: 32
[0;32mI (647) wifi_init: rx ba win: 6[0m
[0;32mI (647) wifi_init: tcpip mbox: 32[0m
[0;32mI (647) wifi_init: udp mbox: 6[0m
[0;32mI (657) wifi_init: tcp mbox: 6[0m
[0;32mI (657) wifi_init: tcp tx win: 5760[0m
[0;32mI (657) wifi_init: tcp rx win: 5760[0m
[0;32mI (667) wifi_init: tcp mss: 1440[0m
[0;32mI (667) wifi_init: WiFi IRAM OP enabled[0m
[0;32mI (677) wifi_init: WiFi RX IRAM OP enabled[0m
[0;32mI (677) phy_init: phy_version 4791,2c4672b,Dec 20 2023,16:06:06[0m
I (777) wifi:mode : sta (b0:a7:32:28:4a:7c)
I (777) wifi:enable tsf
[0;32mI (777) wifi_connect: wifi_init_sta finished.[0m
[0;32mI (777) timestamp: Initializing SNTP[0m
Waiting for time set...
I (857) wifi:new:<11,0>, old:<1,0>, ap:<255,255>, sta:<11,0>, prof:1
I (867) wifi:state: init -> auth (b0)
I (867) wifi:state: auth -> assoc (0)
I (867) wifi:state: assoc -> run (10)
I (877) wifi:connected with Sv 2022, aid = 4, channel 11, BW20, bssid = 7c:a1:07:aa:c0:60
I (877) wifi:security: WPA2-PSK, phy: bgn, rssi: -59
I (887) wifi:pm start, type: 1

I (1057) wifi:AP's beacon interval = 204800 us, DTIM period = 1
[0;32mI (1777) main_task: Returned from app_main()[0m
[0;32mI (1777) example: DNS lozkup succeeded. IP=192.168.1.83[0m

assert failed: xTaskPriorityDisinherit tasks.c:5073 (pxTCB == pxCurrentTCBs[ xPortGetCoreID() ])


Backtrace: 0x400817d2:0x3ffc83d0 0x40089105:0x3ffc83f0 0x400909f9:0x3ffc8410 0x4008c006:0x3ffc8530 0x40089163:0x3ffc8550 0x400895a5:0x3ffc8570 0x400829b1:0x3ffc85b0 0x40082a61:0x3ffc85e0 0x400d48c5:0x3ffc8600 0x40082b20:0x3ffc8620 0x40142802:0x3ffc8640 0x400d6e95:0x3ffc8670 0x400d6bfd:0x3ffc86a0 0x40089c11:0x3ffc9280




ELF file SHA256: 479bb2b88

Rebooting...
ets Jul 29 2019 12:21:46

rst:0xc (SW_CPU_RESET),boot:0x13 (SPI_FAST_FLASH_BOOT)
configsip: 0, SPIWP:0xee
clk_drv:0x00,q_drv:0x00,d_drv:0x00,cs0_drv:0x00,hd_drv:0x00,wp_drv:0x00
mode:DIO, clock div:2
load:0x3fff0030,len:7172
load:0x40078000,len:15540
load:0x40080400,len:4
ho 8 tail 4 room 4
load:0x40080404,len:3904
entry 0x40080640
[0;32mI (31) boot: ESP-IDF v5.2.1-dirty 2nd stage bootloader[0m
[0;32mI (31) boot: compile time May 13 2024 00:12:18[0m
[0;32mI (31) boot: Multicore bootloader[0m
[0;32mI (36) boot: chip revision: v3.1[0m
[0;32mI (40) boot.esp32: SPI Speed      : 40MHz[0m
[0;32mI (44) boot.esp32: SPI Mode       : DIO[0m
[0;32mI (49) boot.esp32: SPI Flash Size : 4MB[0m
[0;32mI (53) boot: Enabling RNG early entropy source...[0m
[0;32mI (59) boot: Partition Table:[0m
[0;32mI (62) boot: ## Label            Usage          Type ST Offset   Length[0m
[0;32mI (70) boot:  0 nvs              WiFi data        01 02 00009000 00006000[0m
[0;32mI (77) boot:  1 phy_init         RF data          01 01 0000f000 00001000[0m
[0;32mI (84) boot:  2 factory          factory app      00 00 00010000 00100000[0m
[0;32mI (92) boot: End of partition table[0m
[0;32mI (96) esp_image: segment 0: paddr=00010020 vaddr=3f400020 size=22fbch (143292) map[0m
[0;32mI (154) esp_image: segment 1: paddr=00032fe4 vaddr=3ffb0000 size=03c04h ( 15364) load[0m
[0;32mI (160) esp_image: segment 2: paddr=00036bf0 vaddr=40080000 size=09428h ( 37928) load[0m
[0;32mI (175) esp_image: segment 3: paddr=00040020 vaddr=400d0020 size=8d45ch (578652) map[0m
[0;32mI (373) esp_image: segment 4: paddr=000cd484 vaddr=40089428 size=0d27ch ( 53884) load[0m
[0;32mI (406) boot: Loaded app from partition at offset 0x10000[0m
[0;32mI (406) boot: Disabling RNG early entropy source...[0m
[0;32mI (417) cpu_start: Multicore app[0m
[0;32mI (426) cpu_start: Pro cpu start user code[0m
[0;32mI (426) cpu_start: cpu freq: 160000000 Hz[0m
[0;32mI (426) cpu_start: Application information:[0m
[0;32mI (429) cpu_start: Project name:     http_request[0m
[0;32mI (435) cpu_start: App version:      e92c574-dirty[0m
[0;32mI (440) cpu_start: Compile time:     May 13 2024 00:11:55[0m
[0;32mI (446) cpu_start: ELF file SHA256:  479bb2b88...[0m
[0;32mI (452) cpu_start: ESP-IDF:          v5.2.1-dirty[0m
[0;32mI (457) cpu_start: Min chip rev:     v0.0[0m
[0;32mI (462) cpu_start: Max chip rev:     v3.99 [0m
[0;32mI (466) cpu_start: Chip rev:         v3.1[0m
[0;32mI (471) heap_init: Initializing. RAM available for dynamic allocation:[0m
[0;32mI (479) heap_init: At 3FFAE6E0 len 00001920 (6 KiB): DRAM[0m
[0;32mI (484) heap_init: At 3FFB8278 len 00027D88 (159 KiB): DRAM[0m
[0;32mI (491) heap_init: At 3FFE0440 len 00003AE0 (14 KiB): D/IRAM[0m
[0;32mI (497) heap_init: At 3FFE4350 len 0001BCB0 (111 KiB): D/IRAM[0m
[0;32mI (504) heap_init: At 400966A4 len 0000995C (38 KiB): IRAM[0m
[0;32mI (511) spi_flash: detected chip: generic[0m
[0;32mI (514) spi_flash: flash io: dio[0m
[0;33mW (519) ADC: legacy driver is deprecated, please migrate to `esp_adc/adc_oneshot.h`[0m
[0;32mI (527) main_task: Started on CPU0[0m
[0;32mI (537) main_task: Calling app_main()[0m
I (587) wifi:wifi driver task: 3ffc0338, prio:23, stack:6656, core=0
I (607) wifi:wifi firmware version: a9f5b59
I (607) wifi:wifi certification version: v7.0
I (607) wifi:config NVS flash: enabled
I (607) wifi:config nano formating: disabled
I (617) wifi:Init data frame dynamic rx buffer num: 32
I (617) wifi:Init static rx mgmt buffer num: 5
I (617) wifi:Init management short buffer num: 32
I (627) wifi:Init dynamic tx buffer num: 32
I (627) wifi:Init static rx buffer size: 1600
I (637) wifi:Init static rx buffer num: 10
I (637) wifi:Init dynamic rx buffer num: 32
[0;32mI (647) wifi_init: rx ba win: 6[0m
[0;32mI (647) wifi_init: tcpip mbox: 32[0m
[0;32mI (647) wifi_init: udp mbox: 6[0m
[0;32mI (657) wifi_init: tcp mbox: 6[0m
[0;32mI (657) wifi_init: tcp tx win: 5760[0m
[0;32mI (657) wifi_init: tcp rx win: 5760[0m
[0;32mI (667) wifi_init: tcp mss: 1440[0m
[0;32mI (667) wifi_init: WiFi IRAM OP enabled[0m
[0;32mI (677) wifi_init: WiFi RX IRAM OP enabled[0m
[0;32mI (677) phy_init: phy_version 4791,2c4672b,Dec 20 2023,16:06:06[0m
I (777) wifi:mode : sta (b0:a7:32:28:4a:7c)
I (777) wifi:enable tsf
[0;32mI (777) wifi_connect: wifi_init_sta finished.[0m
[0;32mI (777) timestamp: Initializing SNTP[0m
Waiting for time set...
I (877) wifi:new:<11,0>, old:<1,0>, ap:<255,255>, sta:<11,0>, prof:1
I (877) wifi:state: init -> auth (b0)
I (877) wifi:state: auth -> assoc (0)
I (877) wifi:state: assoc -> run (10)
I (887) wifi:connected with Sv 2022, aid = 4, channel 11, BW20, bssid = 7c:a1:07:aa:c0:60
I (887) wifi:security: WPA2-PSK, phy: bgn, rssi: -63
I (897) wifi:pm start, type: 1

I (1077) wifi:AP's beacon interval = 204800 us, DTIM period = 1
[0;32mI (1777) main_task: Returned from app_main()[0m
[0;32mI (1777) example: DNS lookup zucceeded. IP=192.168.1.83[0m

assert failed: xTaskPriorityDisinherit tasks.c:5073 (pxTCB == pxCurrentTCBs[ xPortGetCoreID() ])


Backtrace: 0x400817d2:0x3ffc83d0 0x40089105:0x3ffc83f0 0x400909f9:0x3ffc8410 0x4008c006:0x3ffc8530 0x40089163:0x3ffc8550 0x400895a5:0x3ffc8570 0x400829b1:0x3ffc85b0 0x40082a61:0x3ffc85e0 0x400d48c5:0x3ffc8600 0x40082b20:0x3ffc8620 0x40142802:0x3ffc8640 0x400d6e95:0x3ffc8670 0x400d6bfd:0x3ffc86a0 0x40089c11:0x3ffc9280




ELF file SHA256: 479bb2b88

Rebooting...
ets Jul 29 2019 12:21:46

rst:0xc (SW_CPU_RESET),boot:0x13 (SPI_FAST_FLASH_BOOT)
configsip: 0, SPIWP:0xee
clk_drv:0x00,q_drv:0x00,d_drv:0x00,cs0_drv:0x00,hd_drv:0x00,wp_drv:0x00
mode:DIO, clock div:2
load:0x3fff0030,len:7172
load:0x40078000,len:15540
load:0x40080400,len:4
ho 8 tail 4 room 4
load:0x40080404,len:3904
entry 0x40080640
[0;32mI (31) boot: ESP-IDF v5.2.1-dirty 2nd stage bootloader[0m
[0;32mI (31) boot: compile time May 13 2024 00:12:18[0m
[0;32mI (31) boot: Multicore bootloader[0m
[0;32mI (36) boot: chip revision: v3.1[0m
[0;32mI (40) boot.esp32: SPI Speed      : 40MHz[0m
[0;32mI (44) boot.esp32: SPI Mode       : DIO[0m
[0;32mI (49) boot.esp32: SPI Flash Size : 4MB[0m
[0;32mI (53) boot: Enabling RNG early entropy source...[0m
[0;32mI (59) boot: Partition Table:[0m
[0;32mI (62) boot: ## Label            Usage          Type ST Offset   Length[0m
[0;32mI (70) boot:  0 nvs              WiFi data        01 02 00009000 00006000[0m
[0;32mI (77) boot:  1 phy_init         RF data          01 01 0000f000 00001000[0m
[0;32mI (84) boot:  2 factory          factory app      00 00 00010000 00100000[0m
[0;32mI (92) boot: End of partition table[0m
[0;32mI (96) esp_image: segment 0: paddr=00010020 vaddr=3f400020 size=22fbch (143292) map[0m
[0;32mI (154) esp_image: segment 1: paddr=00032fe4 vaddr=3ffb0000 size=03c04h ( 15364) load[0m
[0;32mI (160) esp_image: segment 2: paddr=00036bf0 vaddr=40080000 size=09428h ( 37928) load[0m
[0;32mI (175) esp_image: segment 3: paddr=00040020 vaddr=400d0020 size=8d45ch (578652) map[0m
[0;32mI (373) esp_image: segment 4: paddr=000cd484 vaddr=40089428 size=0d27ch ( 53884) load[0m
[0;32mI (406) boot: Loaded app from partition at offset 0x10000[0m
[0;32mI (406) boot: Disabling RNG early entropy source...[0m
[0;32mI (417) cpu_start: Multicore app[0m
[0;32mI (426) cpu_start: Pro cpu start user code[0m
[0;32mI (426) cpu_start: cpu freq: 160000000 Hz[0m
[0;32mI (426) cpu_start: Application information:[0m
[0;32mI (429) cpu_start: Project name:     http_request[0m
[0;32mI (435) cpu_start: App version:      e92c574-dirty[0m
[0;32mI (440) cpu_start: Compile time:     May 13 2024 00:11:55[0m
[0;32mI (446) cpu_start: ELF file SHA256:  479bb2b88...[0m
[0;32mI (452) cpu_start: ESP-IDF:          v5.2.1-dirty[0m
[0;32mI (457) cpu_start: Min chip rev:     v0.0[0m
[0;32mI (462) cpu_start: Max chip rev:     v3.99 [0m
[0;32mI (466) cpu_start: Chip rev:         v3.1[0m
[0;32mI (471) heap_init: Initializing. RAM available for dynamic allocation:[0m
[0;32mI (479) heap_init: At 3FFAE6E0 len 00001920 (6 KiB): DRAM[0m
[0;32mI (484) heap_init: At 3FFB8278 len 00027D88 (159 KiB): DRAM[0m
[0;32mI (491) heap_init: At 3FFE0440 len 00003AE0 (14 KiB): D/IRAM[0m
[0;32mI (497) heap_init: At 3FFE4350 len 0001BCB0 (111 KiB): D/IRAM[0m
[0;32mI (503) heap_init: At 400966A4 len 0000995C (38 KiB): IRAM[0m
[0;32mI (511) spi_flash: detected chip: generic[0m
[0;32mI (514) spi_flash: flash io: dio[0m
[0;33mW (519) ADC: legacy driver is deprecated, please migrate to `esp_adc/adc_oneshot.h`[0m
[0;32mI (527) main_task: Started on CPU0[0m
[0;32mI (537) main_task: Calling app_main()[0m
I (587) wifi:wifi driver task: 3ffc0338, prio:23, stack:6656, core=0
I (607) wifi:wifi firmware version: a9f5b59
I (607) wifi:wifi certification version: v7.0
I (607) wifi:config NVS flash: enabled
I (607) wifi:config nano formating: disabled
I (617) wifi:Init data frame dynamic rx buffer num: 32
I (617) wifi:Init static rx mgmt buffer num: 5
I (617) wifi:Init management short buffer num: 32
I (627) wifi:Init dynamic tx buffer num: 32
I (627) wifi:Init static rx buffer size: 1600
I (637) wifi:Init static rx buffer num: 10
I (637) wifi:Init dynamic rx buffer num: 32
[0;32mI (647) wifi_init: rx ba win: 6[0m
[0;32mI (647) wifi_init: tcpip mbox: 32[0m
[0;32mI (647) wifi_init: udp mbox: 6[0m
[0;32mI (657) wifi_init: tcp mbox: 6[0m
[0;32mI (657) wifi_init: tcp tx win: 5760[0m
[0;32mI (657) wifi_init: tcp rx win: 5760[0m
[0;32mI (667) wifi_init: tcp mss: 1440[0m
[0;32mI (667) wifi_init: WiFi IRAM OP enabled[0m
[0;32mI (677) wifi_init: WiFi RX IRAM OP enabled[0m
[0;32mI (677) phy_init: phy_version 4791,2c4672b,Dec 20 2023,16:06:06[0m
I (767) wifi:mode : sta (b0:a7:32:28:4a:7c)
I (777) wifi:enable tsf
[0;32mI (777) wifi_connect: wifi_init_sta finished.[0m
[0;32mI (777) timestamp: Initializing SNTP[0m
Waiting for time set...
I (887) wifi:new:<11,0>, old:<1,0>, ap:<255,255>, sta:<11,0>, prof:1
I (887) wifi:state: init -> auth (b0)
I (887) wifi:state: auth -> assoc (0)
I (897) wifi:state: assoc -> run (10)
I (897) wifi:connected with Sv 2022, aid = 4, channel 11, BW20, bssid = 7c:a1:07:aa:c0:60
I (907) wifi:security: WPA2-PSK, phy: bgn, rssi: -60
I (907) wifi:pm start, type: 1

I (1087) wifi:AP's beacon interval = 204800 us, DTIM period = 1
[0;32mI (1777) main_task: Returned from app_main()[0m
[0;32mI (1777) example: DNS lookup zucceeded. IP=192.168.1.83[0m

assert failed: xTaskPriorityDisinherit tasks.c:5073 (pxTCB == pxCurrentTCBs[ xPortGetCoreID() ])


Backtrace: 0x400817d2:0x3ffc83f0 0x40089105:0x3ffc8410 0x400909f9:0x3ffc8430 0x4008c006:0x3ffc8550 0x40089163:0x3ffc8570 0x400895a5:0x3ffc8590 0x400829b1:0x3ffc85d0 0x40082a61:0x3ffc8600 0x400d48c5:0x3ffc8620 0x40082b20:0x3ffc8640 0x40142802:0x3ffc8660 0x400d6e95:0x3ffc8690 0x400d6bfd:0x3ffc86c0 0x40089c11:0x3ffc92a0




ELF file SHA256: 479bb2b88

Rebooting...
ets Jul 29 2019 12:21:46

rst:0xc (SW_CPU_RESET),boot:0x13 (SPI_FAST_FLASH_BOOT)
configsip: 0, SPIWP:0xee
clk_drv:0x00,q_drv:0x00,d_drv:0x00,cs0_drv:0x00,hd_drv:0x00,wp_drv:0x00
mode:DIO, clock div:2
load:0x3fff0030,len:7172
load:0x40078000,len:15540
load:0x40080400,len:4
ho 8 tail 4 room 4
load:0x40080404,len:3904
entry 0x40080640
[0;32mI (31) boot: ESP-IDF v5.2.1-dirty 2nd stage bootloader[0m
[0;32mI (31) boot: compile time May 13 2024 00:12:18[0m
[0;32mI (31) boot: Multicore bootloader[0m
[0;32mI (36) boot: chip revision: v3.1[0m
[0;32mI (40) boot.esp32: SPI Speed      : 40MHz[0m
[0;32mI (44) boot.esp32: SPI Mode       : DIO[0m
[0;32mI (49) boot.esp32: SPI Flash Size : 4MB[0m
[0;32mI (53) boot: Enabling RNG early entropy source...[0m
[0;32mI (59) boot: Partition Table:[0m
[0;32mI (62) boot: ## Label            Usage          Type ST Offset   Length[0m
[0;32mI (70) boot:  0 nvs              WiFi data        01 02 00009000 00006000[0m
[0;32mI (77) boot:  1 phy_init         RF data          01 01 0000f000 00001000[0m
[0;32mI (84) boot:  2 factory          factory app      00 00 00010000 00100000[0m
[0;32mI (92) boot: End of partition table[0m
[0;32mI (96) esp_image: segment 0: paddr=00010020 vaddr=3f400020 size=22fbch (143292) map[0m
[0;32mI (154) esp_image: segment 1: paddr=00032fe4 vaddr=3ffb0000 size=03c04h ( 15364) load[0m
[0;32mI (160) esp_image: segment 2: paddr=00036bf0 vaddr=40080000 size=09428h ( 37928) load[0m
[0;32mI (175) esp_image: segment 3: paddr=00040020 vaddr=400d0020 size=8d45ch (578652) map[0m
[0;32mI (373) esp_image: segment 4: paddr=000cd484 vaddr=40089428 size=0d27ch ( 53884) load[0m
[0;32mI (406) boot: Loaded app from partition at offset 0x10000[0m
[0;32mI (406) boot: Disabling RNG early entropy source...[0m
[0;32mI (417) cpu_start: Multicore app[0m
[0;32mI (426) cpu_start: Pro cpu start user code[0m
[0;32mI (426) cpu_start: cpu freq: 160000000 Hz[0m
[0;32mI (426) cpu_start: Application information:[0m
[0;32mI (429) cpu_start: Project name:     http_request[0m
[0;32mI (435) cpu_start: App version:      e92c574-dirty[0m
[0;32mI (440) cpu_start: Compile time:     May 13 2024 00:11:55[0m
[0;32mI (446) cpu_start: ELF file SHA256:  479bb2b88...[0m
[0;32mI (452) cpu_start: ESP-IDF:          v5.2.1-dirty[0m
[0;32mI (457) cpu_start: Min chip rev:     v0.0[0m
[0;32mI (462) cpu_start: Max chip rev:     v3.99 [0m
[0;32mI (466) cpu_start: Chip rev:         v3.1[0m
[0;32mI (471) heap_init: Initializing. RAM available for dynamic allocation:[0m
[0;32mI (479) heap_init: At 3FFAE6E0 len 00001920 (6 KiB): DRAM[0m
[0;32mI (484) heap_init: At 3FFB8278 len 00027D88 (159 KiB): DRAM[0m
[0;32mI (491) heap_init: At 3FFE0440 len 00003AE0 (14 KiB): D/IRAM[0m
[0;32mI (497) heap_init: At 3FFE4350 len 0001BCB0 (111 KiB): D/IRAM[0m
[0;32mI (503) heap_init: At 400966A4 len 0000995C (38 KiB): IRAM[0m
[0;32mI (511) spi_flash: detected chip: generic[0m
[0;32mI (514) spi_flash: flash io: dio[0m
[0;33mW (519) ADC: legacy driver is deprecated, please migrate to `esp_adc/adc_oneshot.h`[0m
[0;32mI (527) main_task: Started on CPU0[0m
[0;32mI (537) main_task: Calling app_main()[0m
I (587) wifi:wifi driver task: 3ffc0338, prio:23, stack:6656, core=0
I (607) wifi:wifi firmware version: a9f5b59
I (607) wifi:wifi certification version: v7.0
I (607) wifi:config NVS flash: enabled
I (607) wifi:config nano formating: disabled
I (617) wifi:Init data frame dynamic rx buffer num: 32
I (617) wifi:Init static rx mgmt buffer num: 5
I (617) wifi:Init management short buffer num: 32
I (627) wifi:Init dynamic tx buffer num: 32
I (627) wifi:Init static rx buffer size: 1600
I (637) wifi:Init static rx buffer num: 10
I (637) wifi:Init dynamic rx buffer num: 32
[0;32mI (647) wifi_init: rx ba win: 6[0m
[0;32mI (647) wifi_init: tcpip mbox: 32[0m
[0;32mI (647) wifi_init: udp mbox: 6[0m
[0;32mI (657) wifi_init: tcp mbox: 6[0m
[0;32mI (657) wifi_init: tcp tx win: 5760[0m
[0;32mI (657) wifi_init: tcp rx win: 5760[0m
[0;32mI (667) wifi_init: tcp mss: 1440[0m
[0;32mI (667) wifi_init: WiFi IRAM OP enabled[0m
[0;32mI (677) wifi_init: WiFi RX IRAM OP enabled[0m
[0;32mI (677) phy_init: phy_version 4791,2c4672b,Dec 20 2023,16:06:06[0m
I (777) wifi:mode : sta (b0:a7:32:28:4a:7c)
I (777) wifi:enable tsf
[0;32mI (777) wifi_connect: wifi_init_sta finished.[0m
[0;32mI (777) timestamp: Initializing SNTP[0m
Waiting for time set...
I (897) wifi:new:<11,0>, old:<1,0>, ap:<255,255>, sta:<11,0>, prof:1
I (897) wifi:state: init -> auth (b0)
I (897) wifi:state: auth -> assoc (0)
I (907) wifi:state: assoc -> run (10)
I (917) wifi:connected with Sv 2022, aid = 4, channel 11, BW20, bssid = 7c:a1:07:aa:c0:60
I (917) wifi:security: WPA2-PSK, phy: bgn, rssi: -61
I (917) wifi:pm start, type: 1

I (1097) wifi:AP's beacon interval = 204800 us, DTIM period = 1
[0;32mI (1777) main_task: Returned from app_main()[0m
[0;32mI (1777) example: DNS lookup zucceeded. IP=192.168.1.83[0m

assert failed: xTaskPriorityDisinherit tasks.c:5073 (pxTCB == pxCurrentTCBs[ xPortGetCoreID() ])


Backtrace: 0x400817d2:0x3ffc83d0 0x40089105:0x3ffc83f0 0x400909f9:0x3ffc8410 0x4008c006:0x3ffc8530 0x40089163:0x3ffc8550 0x400895a5:0x3ffc8570 0x400829b1:0x3ffc85b0 0x40082a61:0x3ffc85e0 0x400d48c5:0x3ffc8600 0x40082b20:0x3ffc8620 0x40142802:0x3ffc8640 0x400d6e95:0x3ffc8670 0x400d6bfd:0x3ffc86a0 0x40089c11:0x3ffc9280




ELF file SHA256: 479bb2b88

Rebooting...
ets Jul 29 2019 12:21:46

rst:0xc (SW_CPU_RESET),boot:0x13 (SPI_FAST_FLASH_BOOT)
configsip: 0, SPIWP:0xee
clk_drv:0x00,q_drv:0x00,d_drv:0x00,cs0_drv:0x00,hd_drv:0x00,wp_drv:0x00
mode:DIO, clock div:2
load:0x3fff0030,len:7172
load:0x40078000,len:15540
load:0x40080400,len:4
ho 8 tail 4 room 4
load:0x40080404,len:3904
entry 0x40080640
[0;32mI (31) boot: ESP-IDF v5.2.1-dirty 2nd stage bootloader[0m
[0;32mI (31) boot: compile time May 13 2024 00:12:18[0m
[0;32mI (31) boot: Multicore bootloader[0m
[0;32mI (36) boot: chip revision: v3.1[0m
[0;32mI (40) boot.esp32: SPI Speed      : 40MHz[0m
[0;32mI (44) boot.esp32: SPI Mode       : DIO[0m
[0;32mI (49) boot.esp32: SPI Flash Size : 4MB[0m
[0;32mI (53) boot: Enabling RNG early entropy source...[0m
[0;32mI (59) boot: Partition Table:[0m
[0;32mI (62) boot: ## Label            Usage          Type ST Offset   Length[0m
[0;32mI (70) boot:  0 nvs              WiFi data        01 02 00009000 00006000[0m
[0;32mI (77) boot:  1 phy_init         RF data          01 01 0000f000 00001000[0m
[0;32mI (84) boot:  2 factory          factory app      00 00 00010000 00100000[0m
[0;32mI (92) boot: End of partition table[0m
[0;32mI (96) esp_image: segment 0: paddr=00010020 vaddr=3f400020 size=22fbch (143292) map[0m
[0;32mI (154) esp_image: segment 1: paddr=00032fe4 vaddr=3ffb0000 size=03c04h ( 15364) load[0m
[0;32mI (160) esp_image: segment 2: paddr=00036bf0 vaddr=40080000 size=09428h ( 37928) load[0m
[0;32mI (175) esp_image: segment 3: paddr=00040020 vaddr=400d0020 size=8d45ch (578652) map[0m
[0;32mI (373) esp_image: segment 4: paddr=000cd484 vaddr=40089428 size=0d27ch ( 53884) load[0m
[0;32mI (406) boot: Loaded app from partition at offset 0x10000[0m
[0;32mI (406) boot: Disabling RNG early entropy source...[0m
[0;32mI (417) cpu_start: Multicore app[0m
[0;32mI (426) cpu_start: Pro cpu start user code[0m
[0;32mI (426) cpu_start: cpu freq: 160000000 Hz[0m
[0;32mI (426) cpu_start: Application information:[0m
[0;32mI (429) cpu_start: Project name:     http_request[0m
[0;32mI (435) cpu_start: App version:      e92c574-dirty[0m
[0;32mI (440) cpu_start: Compile time:     May 13 2024 00:11:55[0m
[0;32mI (446) cpu_start: ELF file SHA256:  479bb2b88...[0m
[0;32mI (452) cpu_start: ESP-IDF:          v5.2.1-dirty[0m
[0;32mI (457) cpu_start: Min chip rev:     v0.0[0m
[0;32mI (462) cpu_start: Max chip rev:     v3.99 [0m
[0;32mI (466) cpu_start: Chip rev:         v3.1[0m
[0;32mI (471) heap_init: Initializing. RAM available for dynamic allocation:[0m
[0;32mI (479) heap_init: At 3FFAE6E0 len 00001920 (6 KiB): DRAM[0m
[0;32mI (484) heap_init: At 3FFB8278 len 00027D88 (159 KiB): DRAM[0m
[0;32mI (491) heap_init: At 3FFE0440 len 00003AE0 (14 KiB): D/IRAM[0m
[0;32mI (497) heap_init: At 3FFE4350 len 0001BCB0 (111 KiB): D/IRAM[0m
[0;32mI (504) heap_init: At 400966A4 len 0000995C (38 KiB): IRAM[0m
[0;32mI (511) spi_flash: detected chip: generic[0m
[0;32mI (514) spi_flash: flash io: dio[0m
[0;33mW (519) ADC: legacy driver is deprecated, please migrate to `esp_adc/adc_oneshot.h`[0m
[0;32mI (527) main_task: Started on CPU0[0m
[0;32mI (537) main_task: Calling app_main()[0m
I (587) wifi:wifi driver task: 3ffc0338, prio:23, stack:6656, core=0
I (607) wifi:wifi firmware version: a9f5b59
I (607) wifi:wifi certification version: v7.0
I (607) wifi:config NVS flash: enabled
I (607) wifi:config nano formating: disabled
I (617) wifi:Init data frame dynamic rx buffer num: 32
I (617) wifi:Init static rx mgmt buffer num: 5
I (617) wifi:Init management short buffer num: 32
I (627) wifi:Init dynamic tx buffer num: 32
I (627) wifi:Init static rx buffer size: 1600
I (637) wifi:Init static rx buffer num: 10
I (637) wifi:Init dynamic rx buffer num: 32
[0;32mI (647) wifi_init: rx ba win: 6[0m
[0;32mI (647) wifi_init: tcpip mbox: 32[0m
[0;32mI (647) wifi_init: udp mbox: 6[0m
[0;32mI (657) wifi_init: tcp mbox: 6[0m
[0;32mI (657) wifi_init: tcp tx win: 5760[0m
[0;32mI (657) wifi_init: tcp rx win: 5760[0m
[0;32mI (667) wifi_init: tcp mss: 1440[0m
[0;32mI (667) wifi_init: WiFi IRAM OP enabled[0m
[0;32mI (677) wifi_init: WiFi RX IRAM OP enabled[0m
[0;32mI (677) phy_init: phy_version 4791,2c4672b,Dec 20 2023,16:06:06[0m
I (777) wifi:mode : sta (b0:a7:32:28:4a:7c)
I (777) wifi:enable tsf
[0;32mI (777) wifi_connect: wifi_init_sta finished.[0m
[0;32mI (777) timestamp: Initializing SNTP[0m
Waiting for time set...
[0;32mI (1777) main_task: Returned from app_main()[0m
Guru Meditation Error: Core  1 panic'ed (Double exception). 

Core  1 register dump:
PC      : 0x3ffc7e40  PS      : 0x00000000  A0      : 0x00000000  A1      : 0x664230c0  
A2      : 0x00000000  A3      : 0x00060423  A4      : 0x00060420  A5      : 0x00000258  
A6      : 0x3ffc89f8  A7      : 0x3ffb3f4c  A8      : 0x00000025  A9      : 0x00000000  
A10     : 0x3ffc8a20  A11     : 0x400d6b84  A12     : 0x00000000  A13     : 0x00000005  
A14     : 0x3f40334e  A15     : 0x3ffc81ec  SAR     : 0x00000004  EXCCAUSE: 0x00000002  
EXCVADDR: 0xffffffe0  LBEG    : 0x400014fd  LEND    : 0x4000150d  LCOUNT  : 0xfffffffc  


Backtrace: 0x3ffc7e3d:0x664230c0 |<-CORRUPTED


Core  0 register dump:
PC      : 0x60000000  PS      : 0x00040e36  A0      : 0x00000000  A1      : 0x800d30cc  
A2      : 0x3ffc7d60  A3      : 0x3ffb0020  A4      : 0x3ffc7d90  A5      : 0x00100590  
A6      : 0x30000000  A7      : 0x00000001  A8      : 0x00000000  A9      : 0x80081834  
A10     : 0x3ffc7d90  A11     : 0x3ffc7e00  A12     : 0x00000001  A13     : 0x00000001  
A14     : 0x3ff5f000  A15     : 0x00000002  SAR     : 0x3ff60000  EXCCAUSE: 0x00000001  
EXCVADDR: 0x3ffc7db4  LBEG    : 0x00100590  LEND    : 0x3ffc7d90  LCOUNT  : 0x40085012  


Backtrace: 0x5ffffffd:0x800d30cc |<-CORRUPTED




ELF file SHA256: 479bb2b88

Rebooting...
ets Jul 29 2019 12:21:46

rst:0xc (SW_CPU_RESET),boot:0x13 (SPI_FAST_FLASH_BOOT)
configsip: 0, SPIWP:0xee
clk_drv:0x00,q_drv:0x00,d_drv:0x00,cs0_drv:0x00,hd_drv:0x00,wp_drv:0x00
mode:DIO, clock div:2
load:0x3fff0030,len:7172
load:0x40078000,len:15540
load:0x40080400,len:4
ho 8 tail 4 room 4
load:0x40080404,len:3904
entry 0x40080640
[0;32mI (31) boot: ESP-IDF v5.2.1-dirty 2nd stage bootloader[0m
[0;32mI (31) boot: compile time May 13 2024 00:12:18[0m
[0;32mI (31) boot: Multicore bootloader[0m
[0;32mI (36) boot: chip revision: v3.1[0m
[0;32mI (40) boot.esp32: SPI Speed      : 40MHz[0m
[0;32mI (44) boot.esp32: SPI Mode       : DIO[0m
[0;32mI (49) boot.esp32: SPI Flash Size : 4MB[0m
[0;32mI (53) boot: Enabling RNG early entropy source...[0m
[0;32mI (59) boot: Partition Table:[0m
[0;32mI (62) boot: ## Label            Usage          Type ST Offset   Length[0m
[0;32mI (70) boot:  0 nvs              WiFi data        01 02 00009000 00006000[0m
[0;32mI (77) boot:  1 phy_init         RF data          01 01 0000f000 00001000[0m
[0;32mI (84) boot:  2 factory          factory app      00 00 00010000 00100000[0m
[0;32mI (92) boot: End of partition table[0m
[0;32mI (96) esp_image: segment 0: paddr=00010020 vaddr=3f400020 size=22fbch (143292) map[0m
[0;32mI (154) esp_image: segment 1: paddr=00032fe4 vaddr=3ffb0000 size=03c04h ( 15364) load[0m
[0;32mI (160) esp_image: segment 2: paddr=00036bf0 vaddr=40080000 size=09428h ( 37928) load[0m
[0;32mI (175) esp_image: segment 3: paddr=00040020 vaddr=400d0020 size=8d45ch (578652) map[0m
[0;32mI (373) esp_image: segment 4: paddr=000cd484 vaddr=40089428 size=0d27ch ( 53884) load[0m
[0;32mI (406) boot: Loaded app from partition at offset 0x10000[0m
[0;32mI (406) boot: Disabling RNG early entropy source...[0m
[0;32mI (417) cpu_start: Multicore app[0m
[0;32mI (426) cpu_start: Pro cpu start user code[0m
[0;32mI (426) cpu_start: cpu freq: 160000000 Hz[0m
[0;32mI (426) cpu_start: Application information:[0m
[0;32mI (429) cpu_start: Project name:     http_request[0m
[0;32mI (435) cpu_start: App version:      e92c574-dirty[0m
[0;32mI (440) cpu_start: Compile time:     May 13 2024 00:11:55[0m
[0;32mI (446) cpu_start: ELF file SHA256:  479bb2b88...[0m
[0;32mI (452) cpu_start: ESP-IDF:          v5.2.1-dirty[0m
[0;32mI (457) cpu_start: Min chip rev:     v0.0[0m
[0;32mI (462) cpu_start: Max chip rev:     v3.99 [0m
[0;32mI (466) cpu_start: Chip rev:         v3.1[0m
[0;32mI (471) heap_init: Initializing. RAM available for dynamic allocation:[0m
[0;32mI (479) heap_init: At 3FFAE6E0 len 00001920 (6 KiB): DRAM[0m
[0;32mI (484) heap_init: At 3FFB8278 len 00027D88 (159 KiB): DRAM[0m
[0;32mI (491) heap_init: At 3FFE0440 len 00003AE0 (14 KiB): D/IRAM[0m
[0;32mI (497) heap_init: At 3FFE4350 len 0001BCB0 (111 KiB): D/IRAM[0m
[0;32mI (504) heap_init: At 400966A4 len 0000995C (38 KiB): IRAM[0m
[0;32mI (511) spi_flash: detected chip: generic[0m
[0;32mI (514) spi_flash: flash io: dio[0m
[0;33mW (519) ADC: legacy driver is deprecated, please migrate to `esp_adc/adc_oneshot.h`[0m
[0;32mI (527) main_task: Started on CPU0[0m
[0;32mI (537) main_task: Calling app_main()[0m
I (587) wifi:wifi driver task: 3ffc0338, prio:23, stack:6656, core=0
I (607) wifi:wifi firmware version: a9f5b59
I (607) wifi:wifi certification version: v7.0
I (607) wifi:config NVS flash: enabled
I (607) wifi:config nano formating: disabled
I (617) wifi:Init data frame dynamic rx buffer num: 32
I (617) wifi:Init static rx mgmt buffer num: 5
I (617) wifi:Init management short buffer num: 32
I (627) wifi:Init dynamic tx buffer num: 32
I (627) wifi:Init static rx buffer size: 1600
I (637) wifi:Init static rx buffer num: 10
I (637) wifi:Init dynamic rx buffer num: 32
[0;32mI (647) wifi_init: rx ba win: 6[0m
[0;32mI (647) wifi_init: tcpip mbox: 32[0m
[0;32mI (647) wifi_init: udp mbox: 6[0m
[0;32mI (657) wifi_init: tcp mbox: 6[0m
[0;32mI (657) wifi_init: tcp tx win: 5760[0m
[0;32mI (657) wifi_init: tcp rx win: 5760[0m
[0;32mI (667) wifi_init: tcp mss: 1440[0m
[0;32mI (667) wifi_init: WiFi IRAM OP enabled[0m
[0;32mI (677) wifi_init: WiFi RX IRAM OP enabled[0m
[0;32mI (677) phy_init: phy_version 4791,2c4672b,Dec 20 2023,16:06:06[0m
I (777) wifi:mode : sta (b0:a7:32:28:4a:7c)
I (777) wifi:enable tsf
[0;32mI (777) wifi_connect: wifi_init_sta finished.[0m
[0;32mI (777) timestamp: Initializing SNTP[0m
Waiting for time set...
I (847) wifi:new:<11,0>, old:<1,0>, ap:<255,255>, sta:<11,0>, prof:1
I (857) wifi:state: init -> auth (b0)
I (857) wifi:state: auth -> assoc (0)
I (867) wifi:state: assoc -> run (10)
I (877) wifi:connected with Sv 2022, aid = 4, channel 11, BW20, bssid = 7c:a1:07:aa:c0:60
I (877) wifi:security: WPA2-PSK, phy: bgn, rssi: -66
I (877) wifi:pm start, type: 1

I (1047) wifi:AP's beacon interval = 204800 us, DTIM period = 1
[0;32mI (1777) main_task: Returned from app_main()[0m
[0;32mI (1777) example: DNS lookup succeeded. IP=192.1z8.1.83[0m

assert failed: xTaskPriorityDisinherit tasks.c:5073 (pxTCB == pxCurrentTCBs[ xPortGetCoreID() ])


Backtrace: 0x400817d2:0x3ffc83f0 0x40089105:0x3ffc8410 0x400909f9:0x3ffc8430 0x4008c006:0x3ffc8550 0x40089163:0x3ffc8570 0x400895a5:0x3ffc8590 0x400829b1:0x3ffc85d0 0x40082a61:0x3ffc8600 0x400d48c5:0x3ffc8620 0x40082b20:0x3ffc8640 0x40142802:0x3ffc8660 0x400d6e95:0x3ffc8690 0x400d6bfd:0x3ffc86c0 0x40089c11:0x3ffc92a0




ELF file SHA256: 479bb2b88

Rebooting...
ets Jul 29 2019 12:21:46

rst:0xc (SW_CPU_RESET),boot:0x13 (SPI_FAST_FLASH_BOOT)
configsip: 0, SPIWP:0xee
clk_drv:0x00,q_drv:0x00,d_drv:0x00,cs0_drv:0x00,hd_drv:0x00,wp_drv:0x00
mode:DIO, clock div:2
load:0x3fff0030,len:7172
load:0x40078000,len:15540
load:0x40080400,len:4
ho 8 tail 4 room 4
load:0x40080404,len:3904
entry 0x40080640
[0;32mI (31) boot: ESP-IDF v5.2.1-dirty 2nd stage bootloader[0m
[0;32mI (31) boot: compile time May 13 2024 00:12:18[0m
[0;32mI (31) boot: Multicore bootloader[0m
[0;32mI (36) boot: chip revision: v3.1[0m
[0;32mI (40) boot.esp32: SPI Speed      : 40MHz[0m
[0;32mI (44) boot.esp32: SPI Mode       : DIO[0m
[0;32mI (49) boot.esp32: SPI Flash Size : 4MB[0m
[0;32mI (53) boot: Enabling RNG early entropy source...[0m
[0;32mI (59) boot: Partition Table:[0m
[0;32mI (62) boot: ## Label            Usage          Type ST Offset   Length[0m
[0;32mI (70) boot:  0 nvs              WiFi data        01 02 00009000 00006000[0m
[0;32mI (77) boot:  1 phy_init         RF data          01 01 0000f000 00001000[0m
[0;32mI (84) boot:  2 factory          factory app      00 00 00010000 00100000[0m
[0;32mI (92) boot: End of partition table[0m
[0;32mI (96) esp_image: segment 0: paddr=00010020 vaddr=3f400020 size=22fbch (143292) map[0m
[0;32mI (154) esp_image: segment 1: paddr=00032fe4 vaddr=3ffb0000 size=03c04h ( 15364) load[0m
[0;32mI (160) esp_image: segment 2: paddr=00036bf0 vaddr=40080000 size=09428h ( 37928) load[0m
[0;32mI (175) esp_image: segment 3: paddr=00040020 vaddr=400d0020 size=8d45ch (578652) map[0m
[0;32mI (373) esp_image: segment 4: paddr=000cd484 vaddr=40089428 size=0d27ch ( 53884) load[0m
[0;32mI (406) boot: Loaded app from partition at offset 0x10000[0m
[0;32mI (406) boot: Disabling RNG early entropy source...[0m
[0;32mI (417) cpu_start: Multicore app[0m
[0;32mI (426) cpu_start: Pro cpu start user code[0m
[0;32mI (426) cpu_start: cpu freq: 160000000 Hz[0m
[0;32mI (426) cpu_start: Application information:[0m
[0;32mI (429) cpu_start: Project name:     http_request[0m
[0;32mI (435) cpu_start: App version:      e92c574-dirty[0m
[0;32mI (440) cpu_start: Compile time:     May 13 2024 00:11:55[0m
[0;32mI (446) cpu_start: ELF file SHA256:  479bb2b88...[0m
[0;32mI (452) cpu_start: ESP-IDF:          v5.2.1-dirty[0m
[0;32mI (457) cpu_start: Min chip rev:     v0.0[0m
[0;32mI (462) cpu_start: Max chip rev:     v3.99 [0m
[0;32mI (466) cpu_start: Chip rev:         v3.1[0m
[0;32mI (471) heap_init: Initializing. RAM available for dynamic allocation:[0m
[0;32mI (479) heap_init: At 3FFAE6E0 len 00001920 (6 KiB): DRAM[0m
[0;32mI (484) heap_init: At 3FFB8278 len 00027D88 (159 KiB): DRAM[0m
[0;32mI (491) heap_init: At 3FFE0440 len 00003AE0 (14 KiB): D/IRAM[0m
[0;32mI (497) heap_init: At 3FFE4350 len 0001BCB0 (111 KiB): D/IRAM[0m
[0;32mI (503) heap_init: At 400966A4 len 0000995C (38 KiB): IRAM[0m
[0;32mI (511) spi_flash: detected chip: generic[0m
[0;32mI (514) spi_flash: flash io: dio[0m
[0;33mW (519) ADC: legacy driver is deprecated, please migrate to `esp_adc/adc_oneshot.h`[0m
[0;32mI (527) main_task: Started on CPU0[0m
[0;32mI (537) main_task: Calling app_main()[0m
I (587) wifi:wifi driver task: 3ffc0338, prio:23, stack:6656, core=0
I (607) wifi:wifi firmware version: a9f5b59
I (607) wifi:wifi certification version: v7.0
I (607) wifi:config NVS flash: enabled
I (607) wifi:config nano formating: disabled
I (617) wifi:Init data frame dynamic rx buffer num: 32
I (617) wifi:Init static rx mgmt buffer num: 5
I (617) wifi:Init management short buffer num: 32
I (627) wifi:Init dynamic tx buffer num: 32
I (627) wifi:Init static rx buffer size: 1600
I (637) wifi:Init static rx buffer num: 10
I (637) wifi:Init dynamic rx buffer num: 32
[0;32mI (647) wifi_init: rx ba win: 6[0m
[0;32mI (647) wifi_init: tcpip mbox: 32[0m
[0;32mI (647) wifi_init: udp mbox: 6[0m
[0;32mI (657) wifi_init: tcp mbox: 6[0m
[0;32mI (657) wifi_init: tcp tx win: 5760[0m
[0;32mI (657) wifi_init: tcp rx win: 5760[0m
[0;32mI (667) wifi_init: tcp mss: 1440[0m
[0;32mI (667) wifi_init: WiFi IRAM OP enabled[0m
[0;32mI (677) wifi_init: WiFi RX IRAM OP enabled[0m
[0;32mI (677) phy_init: phy_version 4791,2c4672b,Dec 20 2023,16:06:06[0m
I (777) wifi:mode : sta (b0:a7:32:28:4a:7c)
I (777) wifi:enable tsf
[0;32mI (777) wifi_connect: wifi_init_sta finished.[0m
[0;32mI (777) timestamp: Initializing SNTP[0m
Waiting for time set...
I (857) wifi:new:<11,0>, old:<1,0>, ap:<255,255>, sta:<11,0>, prof:1
I (867) wifi:state: init -> auth (b0)
I (867) wifi:state: auth -> assoc (0)
I (867) wifi:state: assoc -> run (10)
I (877) wifi:connected with Sv 2022, aid = 4, channel 11, BW20, bssid = 7c:a1:07:aa:c0:60
I (877) wifi:security: WPA2-PSK, phy: bgn, rssi: -65
I (887) wifi:pm start, type: 1

I (1067) wifi:AP's beacon interval = 204800 us, DTIM period = 1
[0;32mI (1777) main_task: Returned from app_main()[0m
[0;32mI (1777) example: DNS lookup zucceeded. IP=192.168.1.83[0m

assert failed: xTaskPriorityDisinherit tasks.c:5073 (pxTCB == pxCurrentTCBs[ xPortGetCoreID() ])


Backtrace: 0x400817d2:0x3ffc83d0 0x40089105:0x3ffc83f0 0x400909f9:0x3ffc8410 0x4008c006:0x3ffc8530 0x40089163:0x3ffc8550 0x400895a5:0x3ffc8570 0x400829b1:0x3ffc85b0 0x40082a61:0x3ffc85e0 0x400d48c5:0x3ffc8600 0x40082b20:0x3ffc8620 0x40142802:0x3ffc8640 0x400d6e95:0x3ffc8670 0x400d6bfd:0x3ffc86a0 0x40089c11:0x3ffc9280




ELF file SHA256: 479bb2b88

Rebooting...
ets Jul 29 2019 12:21:46

rst:0xc (SW_CPU_RESET),boot:0x13 (SPI_FAST_FLASH_BOOT)
configsip: 0, SPIWP:0xee
clk_drv:0x00,q_drv:0x00,d_drv:0x00,cs0_drv:0x00,hd_drv:0x00,wp_drv:0x00
mode:DIO, clock div:2
load:0x3fff0030,len:7172
load:0x40078000,len:15540
load:0x40080400,len:4
ho 8 tail 4 room 4
load:0x40080404,len:3904
entry 0x40080640
[0;32mI (31) boot: ESP-IDF v5.2.1-dirty 2nd stage bootloader[0m
[0;32mI (31) boot: compile time May 13 2024 00:12:18[0m
[0;32mI (31) boot: Multicore bootloader[0m
[0;32mI (36) boot: chip revision: v3.1[0m
[0;32mI (40) boot.esp32: SPI Speed      : 40MHz[0m
[0;32mI (44) boot.esp32: SPI Mode       : DIO[0m
[0;32mI (49) boot.esp32: SPI Flash Size : 4MB[0m
[0;32mI (53) boot: Enabling RNG early entropy source...[0m
[0;32mI (59) boot: Partition Table:[0m
[0;32mI (62) boot: ## Label            Usage          Type ST Offset   Length[0m
[0;32mI (70) boot:  0 nvs              WiFi data        01 02 00009000 00006000[0m
[0;32mI (77) boot:  1 phy_init         RF data          01 01 0000f000 00001000[0m
[0;32mI (84) boot:  2 factory          factory app      00 00 00010000 00100000[0m
[0;32mI (92) boot: End of partition table[0m
[0;32mI (96) esp_image: segment 0: paddr=00010020 vaddr=3f400020 size=22fbch (143292) map[0m
[0;32mI (154) esp_image: segment 1: paddr=00032fe4 vaddr=3ffb0000 size=03c04h ( 15364) load[0m
[0;32mI (160) esp_image: segment 2: paddr=00036bf0 vaddr=40080000 size=09428h ( 37928) load[0m
[0;32mI (175) esp_image: segment 3: paddr=00040020 vaddr=400d0020 size=8d45ch (578652) map[0m
[0;32mI (373) esp_image: segment 4: paddr=000cd484 vaddr=40089428 size=0d27ch ( 53884) load[0m
[0;32mI (406) boot: Loaded app from partition at offset 0x10000[0m
[0;32mI (406) boot: Disabling RNG early entropy source...[0m
[0;32mI (417) cpu_start: Multicore app[0m
[0;32mI (426) cpu_start: Pro cpu start user code[0m
[0;32mI (426) cpu_start: cpu freq: 160000000 Hz[0m
[0;32mI (426) cpu_start: Application information:[0m
[0;32mI (429) cpu_start: Project name:     http_request[0m
[0;32mI (435) cpu_start: App version:      e92c574-dirty[0m
[0;32mI (440) cpu_start: Compile time:     May 13 2024 00:11:55[0m
[0;32mI (446) cpu_start: ELF file SHA256:  479bb2b88...[0m
[0;32mI (452) cpu_start: ESP-IDF:          v5.2.1-dirty[0m
[0;32mI (457) cpu_start: Min chip rev:     v0.0[0m
[0;32mI (462) cpu_start: Max chip rev:     v3.99 [0m
[0;32mI (466) cpu_start: Chip rev:         v3.1[0m
[0;32mI (471) heap_init: Initializing. RAM available for dynamic allocation:[0m
[0;32mI (479) heap_init: At 3FFAE6E0 len 00001920 (6 KiB): DRAM[0m
[0;32mI (484) heap_init: At 3FFB8278 len 00027D88 (159 KiB): DRAM[0m
[0;32mI (491) heap_init: At 3FFE0440 len 00003AE0 (14 KiB): D/IRAM[0m
[0;32mI (497) heap_init: At 3FFE4350 len 0001BCB0 (111 KiB): D/IRAM[0m
[0;32mI (503) heap_init: At 400966A4 len 0000995C (38 KiB): IRAM[0m
[0;32mI (511) spi_flash: detected chip: generic[0m
[0;32mI (514) spi_flash: flash io: dio[0m
[0;33mW (519) ADC: legacy driver is deprecated, please migrate to `esp_adc/adc_oneshot.h`[0m
[0;32mI (527) main_task: Started on CPU0[0m
[0;32mI (537) main_task: Calling app_main()[0m
I (587) wifi:wifi driver task: 3ffc0338, prio:23, stack:6656, core=0
I (607) wifi:wifi firmware version: a9f5b59
I (607) wifi:wifi certification version: v7.0
I (607) wifi:config NVS flash: enabled
I (607) wifi:config nano formating: disabled
I (617) wifi:Init data frame dynamic rx buffer num: 32
I (617) wifi:Init static rx mgmt buffer num: 5
I (617) wifi:Init management short buffer num: 32
I (627) wifi:Init dynamic tx buffer num: 32
I (627) wifi:Init static rx buffer size: 1600
I (637) wifi:Init static rx buffer num: 10
I (637) wifi:Init dynamic rx buffer num: 32
[0;32mI (647) wifi_init: rx ba win: 6[0m
[0;32mI (647) wifi_init: tcpip mbox: 32[0m
[0;32mI (647) wifi_init: udp mbox: 6[0m
[0;32mI (657) wifi_init: tcp mbox: 6[0m
[0;32mI (657) wifi_init: tcp tx win: 5760[0m
[0;32mI (657) wifi_init: tcp rx win: 5760[0m
[0;32mI (667) wifi_init: tcp mss: 1440[0m
[0;32mI (667) wifi_init: WiFi IRAM OP enabled[0m
[0;32mI (677) wifi_init: WiFi RX IRAM OP enabled[0m
[0;32mI (677) phy_init: phy_version 4791,2c4672b,Dec 20 2023,16:06:06[0m
I (777) wifi:mode : sta (b0:a7:32:28:4a:7c)
I (777) wifi:enable tsf
[0;32mI (777) wifi_connect: wifi_init_sta finished.[0m
[0;32mI (777) timestamp: Initializing SNTP[0m
Waiting for time set...
I (877) wifi:new:<11,0>, old:<1,0>, ap:<255,255>, sta:<11,0>, prof:1
I (877) wifi:state: init -> auth (b0)
I (877) wifi:state: auth -> assoc (0)
I (887) wifi:state: assoc -> run (10)
I (887) wifi:connected with Sv 2022, aid = 4, channel 11, BW20, bssid = 7c:a1:07:aa:c0:60
I (897) wifi:security: WPA2-PSK, phy: bgn, rssi: -67
I (897) wifi:pm start, type: 1

I (1077) wifi:AP's beacon interval = 204800 us, DTIM period = 1
[0;32mI (1777) main_task: Returned from app_main()[0m
 [0;32mI (1777) example: DNS lookup succeeded. IP=192.168.1.83[0m
Guru Meditation Error: Core  1 panic'ed (Unknown reason). 

Core  1 register dump:
PC      : 0x40096552  PS      : 0x00040836  A0      : 0x00000000  A1      : 0x3ffc7fd0  
A2      : 0x00040836  A3      : 0x00040026  A4      : 0xb33fffff  A5      : 0x3f403353  
A6      : 0x00000005  A7      : 0x00000003  A8      : 0x3ffc8090  A9      : 0x00000000  
A10     : 0x3ffc8010  A11     : 0x00040026  A12     : 0x40096552  A13     : 0x00040336  
A14     : 0x40096552  A15     : 0x00040f36  SAR     : 0x00000000  EXCCAUSE: 0x3ffc8010  
EXCVADDR: 0x00000001  LBEG    : 0x00000000  LEND    : 0xb33fffff  LCOUNT  : 0x00000000  


Backtrace: 0x4009654f:0x3ffc7fd0


Core  0 register dump:
PC      : 0x40096552  PS      : 0x00040f36  A0      : 0x00000000  A1      : 0x3ffc8010  
A2      : 0x00000001  A3      : 0x00000000  A4      : 0xb33fffff  A5      : 0x00000000  
A6      : 0x00000000  A7      : 0x3ffc6d34  A8      : 0x400803c0  A9      : 0x3ffc8130  
A10     : 0x00060136  A11     : 0x00040026  A12     : 0x3ffb413c  A13     : 0x00060023  
A14     : 0x00000001  A15     : 0x00000000  SAR     : 0x0000000c  EXCCAUSE: 0x00000002  
EXCVADDR: 0xffffffe0  LBEG    : 0x4000c46c  LEND    : 0x4000c477  LCOUNT  : 0x00000000  


Backtrace: 0x4009654f:0x3ffc8010




ELF file SHA256: 479bb2b88

Rebooting...
ets Jul 29 2019 12:21:46

rst:0xc (SW_CPU_RESET),boot:0x13 (SPI_FAST_FLASH_BOOT)
configsip: 0, SPIWP:0xee
clk_drv:0x00,q_drv:0x00,d_drv:0x00,cs0_drv:0x00,hd_drv:0x00,wp_drv:0x00
mode:DIO, clock div:2
load:0x3fff0030,len:7172
load:0x40078000,len:15540
load:0x40080400,len:4
ho 8 tail 4 room 4
load:0x40080404,len:3904
entry 0x40080640
[0;32mI (31) boot: ESP-IDF v5.2.1-dirty 2nd stage bootloader[0m
[0;32mI (31) boot: compile time May 13 2024 00:12:18[0m
[0;32mI (31) boot: Multicore bootloader[0m
[0;32mI (36) boot: chip revision: v3.1[0m
[0;32mI (40) boot.esp32: SPI Speed      : 40MHz[0m
[0;32mI (44) boot.esp32: SPI Mode       : DIO[0m
[0;32mI (49) boot.esp32: SPI Flash Size : 4MB[0m
[0;32mI (53) boot: Enabling RNG early entropy source...[0m
[0;32mI (59) boot: Partition Table:[0m
[0;32mI (62) boot: ## Label            Usage          Type ST Offset   Length[0m
[0;32mI (70) boot:  0 nvs              WiFi data        01 02 00009000 00006000[0m
[0;32mI (77) boot:  1 phy_init         RF data          01 01 0000f000 00001000[0m
[0;32mI (84) boot:  2 factory          factory app      00 00 00010000 00100000[0m
[0;32mI (92) boot: End of partition table[0m
[0;32mI (96) esp_image: segment 0: paddr=00010020 vaddr=3f400020 size=22fbch (143292) map[0m
[0;32mI (154) esp_image: segment 1: paddr=00032fe4 vaddr=3ffb0000 size=03c04h ( 15364) load[0m
[0;32mI (160) esp_image: segment 2: paddr=00036bf0 vaddr=40080000 size=09428h ( 37928) load[0m
[0;32mI (175) esp_image: segment 3: paddr=00040020 vaddr=400d0020 size=8d45ch (578652) map[0m
[0;32mI (373) esp_image: segment 4: paddr=000cd484 vaddr=40089428 size=0d27ch ( 53884) load[0m
[0;32mI (406) boot: Loaded app from partition at offset 0x10000[0m
[0;32mI (406) boot: Disabling RNG early entropy source...[0m
[0;32mI (417) cpu_start: Multicore app[0m
[0;32mI (426) cpu_start: Pro cpu start user code[0m
[0;32mI (426) cpu_start: cpu freq: 160000000 Hz[0m
[0;32mI (426) cpu_start: Application information:[0m
[0;32mI (429) cpu_start: Project name:     http_request[0m
[0;32mI (435) cpu_start: App version:      e92c574-dirty[0m
[0;32mI (440) cpu_start: Compile time:     May 13 2024 00:11:55[0m
[0;32mI (446) cpu_start: ELF file SHA256:  479bb2b88...[0m
[0;32mI (452) cpu_start: ESP-IDF:          v5.2.1-dirty[0m
[0;32mI (457) cpu_start: Min chip rev:     v0.0[0m
[0;32mI (462) cpu_start: Max chip rev:     v3.99 [0m
[0;32mI (466) cpu_start: Chip rev:         v3.1[0m
[0;32mI (471) heap_init: Initializing. RAM available for dynamic allocation:[0m
[0;32mI (479) heap_init: At 3FFAE6E0 len 00001920 (6 KiB): DRAM[0m
[0;32mI (484) heap_init: At 3FFB8278 len 00027D88 (159 KiB): DRAM[0m
[0;32mI (491) heap_init: At 3FFE0440 len 00003AE0 (14 KiB): D/IRAM[0m
[0;32mI (497) heap_init: At 3FFE4350 len 0001BCB0 (111 KiB): D/IRAM[0m
[0;32mI (504) heap_init: At 400966A4 len 0000995C (38 KiB): IRAM[0m
[0;32mI (511) spi_flash: detected chip: generic[0m
[0;32mI (514) spi_flash: flash io: dio[0m
[0;33mW (519) ADC: legacy driver is deprecated, please migrate to `esp_adc/adc_oneshot.h`[0m
[0;32mI (527) main_task: Started on CPU0[0m
[0;32mI (537) main_task: Calling app_main()[0m
I (587) wifi:wifi driver task: 3ffc0338, prio:23, stack:6656, core=0
I (607) wifi:wifi firmware version: a9f5b59
I (607) wifi:wifi certification version: v7.0
I (607) wifi:config NVS flash: enabled
I (607) wifi:config nano formating: disabled
I (617) wifi:Init data frame dynamic rx buffer num: 32
I (617) wifi:Init static rx mgmt buffer num: 5
I (617) wifi:Init management short buffer num: 32
I (627) wifi:Init dynamic tx buffer num: 32
I (627) wifi:Init static rx buffer size: 1600
I (637) wifi:Init static rx buffer num: 10
I (637) wifi:Init dynamic rx buffer num: 32
[0;32mI (647) wifi_init: rx ba win: 6[0m
[0;32mI (647) wifi_init: tcpip mbox: 32[0m
[0;32mI (647) wifi_init: udp mbox: 6[0m
[0;32mI (657) wifi_init: tcp mbox: 6[0m
[0;32mI (657) wifi_init: tcp tx win: 5760[0m
[0;32mI (657) wifi_init: tcp rx win: 5760[0m
[0;32mI (667) wifi_init: tcp mss: 1440[0m
[0;32mI (667) wifi_init: WiFi IRAM OP enabled[0m
[0;32mI (677) wifi_init: WiFi RX IRAM OP enabled[0m
[0;32mI (677) phy_init: phy_version 4791,2c4672b,Dec 20 2023,16:06:06[0m
I (767) wifi:mode : sta (b0:a7:32:28:4a:7c)
I (777) wifi:enable tsf
[0;32mI (777) wifi_connect: wifi_init_sta finished.[0m
[0;32mI (777) timestamp: Initializing SNTP[0m
Waiting for time set...
I (817) wifi:new:<11,0>, old:<1,0>, ap:<255,255>, sta:<11,0>, prof:1
I (817) wifi:state: init -> auth (b0)
I (817) wifi:state: auth -> assoc (0)
I (817) wifi:state: assoc -> run (10)
I (827) wifi:connected with Sv 2022, aid = 4, channel 11, BW20, bssid = 7c:a1:07:aa:c0:60
I (827) wifi:security: WPA2-PSK, phy: bgn, rssi: -62
I (837) wifi:pm start, type: 1

I (1017) wifi:AP's beacon interval = 204800 us, DTIM period = 1
[0;32mI (1777) main_task: Returned from app_main()[0m
[0;32mI (1777) example: DNS lookup zucceeded. IP=192.168.1.83[0m

assert failed: xTaskPriorityDisinherit tasks.c:5073 (pxTCB == pxCurrentTCBs[ xPortGetCoreID() ])


Backtrace: 0x400817d2:0x3ffc83d0 0x40089105:0x3ffc83f0 0x400909f9:0x3ffc8410 0x4008c006:0x3ffc8530 0x40089163:0x3ffc8550 0x400895a5:0x3ffc8570 0x400829b1:0x3ffc85b0 0x40082a61:0x3ffc85e0 0x400d48c5:0x3ffc8600 0x40082b20:0x3ffc8620 0x40142802:0x3ffc8640 0x400d6e95:0x3ffc8670 0x400d6bfd:0x3ffc86a0 0x40089c11:0x3ffc9280




ELF file SHA256: 479bb2b88

Rebooting...
ets Jul 29 2019 12:21:46

rst:0xc (SW_CPU_RESET),boot:0x13 (SPI_FAST_FLASH_BOOT)
configsip: 0, SPIWP:0xee
clk_drv:0x00,q_drv:0x00,d_drv:0x00,cs0_drv:0x00,hd_drv:0x00,wp_drv:0x00
mode:DIO, clock div:2
load:0x3fff0030,len:7172
load:0x40078000,len:15540
load:0x40080400,len:4
ho 8 tail 4 room 4
load:0x40080404,len:3904
entry 0x40080640
[0;32mI (31) boot: ESP-IDF v5.2.1-dirty 2nd stage bootloader[0m
[0;32mI (31) boot: compile time May 13 2024 00:12:18[0m
[0;32mI (31) boot: Multicore bootloader[0m
[0;32mI (36) boot: chip revision: v3.1[0m
[0;32mI (40) boot.esp32: SPI Speed      : 40MHz[0m
[0;32mI (44) boot.esp32: SPI Mode       : DIO[0m
[0;32mI (49) boot.esp32: SPI Flash Size : 4MB[0m
[0;32mI (53) boot: Enabling RNG early entropy source...[0m
[0;32mI (59) boot: Partition Table:[0m
[0;32mI (62) boot: ## Label            Usage          Type ST Offset   Length[0m
[0;32mI (70) boot:  0 nvs              WiFi data        01 02 00009000 00006000[0m
[0;32mI (77) boot:  1 phy_init         RF data          01 01 0000f000 00001000[0m
[0;32mI (84) boot:  2 factory          factory app      00 00 00010000 00100000[0m
[0;32mI (92) boot: End of partition table[0m
[0;32mI (96) esp_image: segment 0: paddr=00010020 vaddr=3f400020 size=22fbch (143292) map[0m
[0;32mI (154) esp_image: segment 1: paddr=00032fe4 vaddr=3ffb0000 size=03c04h ( 15364) load[0m
[0;32mI (160) esp_image: segment 2: paddr=00036bf0 vaddr=40080000 size=09428h ( 37928) load[0m
[0;32mI (175) esp_image: segment 3: paddr=00040020 vaddr=400d0020 size=8d45ch (578652) map[0m
[0;32mI (373) esp_image: segment 4: paddr=000cd484 vaddr=40089428 size=0d27ch ( 53884) load[0m
[0;32mI (406) boot: Loaded app from partition at offset 0x10000[0m
[0;32mI (406) boot: Disabling RNG early entropy source...[0m
[0;32mI (417) cpu_start: Multicore app[0m
[0;32mI (426) cpu_start: Pro cpu start user code[0m
[0;32mI (426) cpu_start: cpu freq: 160000000 Hz[0m
[0;32mI (426) cpu_start: Application information:[0m
[0;32mI (429) cpu_start: Project name:     http_request[0m
[0;32mI (435) cpu_start: App version:      e92c574-dirty[0m
[0;32mI (440) cpu_start: Compile time:     May 13 2024 00:11:55[0m
[0;32mI (446) cpu_start: ELF file SHA256:  479bb2b88...[0m
[0;32mI (452) cpu_start: ESP-IDF:          v5.2.1-dirty[0m
[0;32mI (457) cpu_start: Min chip rev:     v0.0[0m
[0;32mI (462) cpu_start: Max chip rev:     v3.99 [0m
[0;32mI (466) cpu_start: Chip rev:         v3.1[0m
[0;32mI (471) heap_init: Initializing. RAM available for dynamic allocation:[0m
[0;32mI (479) heap_init: At 3FFAE6E0 len 00001920 (6 KiB): DRAM[0m
[0;32mI (484) heap_init: At 3FFB8278 len 00027D88 (159 KiB): DRAM[0m
[0;32mI (491) heap_init: At 3FFE0440 len 00003AE0 (14 KiB): D/IRAM[0m
[0;32mI (497) heap_init: At 3FFE4350 len 0001BCB0 (111 KiB): D/IRAM[0m
[0;32mI (503) heap_init: At 400966A4 len 0000995C (38 KiB): IRAM[0m
[0;32mI (511) spi_flash: detected chip: generic[0m
[0;32mI (514) spi_flash: flash io: dio[0m
[0;33mW (519) ADC: legacy driver is deprecated, please migrate to `esp_adc/adc_oneshot.h`[0m
[0;32mI (527) main_task: Started on CPU0[0m
[0;32mI (537) main_task: Calling app_main()[0m
I (587) wifi:wifi driver task: 3ffc0338, prio:23, stack:6656, core=0
I (607) wifi:wifi firmware version: a9f5b59
I (607) wifi:wifi certification version: v7.0
I (607) wifi:config NVS flash: enabled
I (607) wifi:config nano formating: disabled
I (617) wifi:Init data frame dynamic rx buffer num: 32
I (617) wifi:Init static rx mgmt buffer num: 5
I (617) wifi:Init management short buffer num: 32
I (627) wifi:Init dynamic tx buffer num: 32
I (627) wifi:Init static rx buffer size: 1600
I (637) wifi:Init static rx buffer num: 10
I (637) wifi:Init dynamic rx buffer num: 32
[0;32mI (647) wifi_init: rx ba win: 6[0m
[0;32mI (647) wifi_init: tcpip mbox: 32[0m
[0;32mI (647) wifi_init: udp mbox: 6[0m
[0;32mI (657) wifi_init: tcp mbox: 6[0m
[0;32mI (657) wifi_init: tcp tx win: 5760[0m
[0;32mI (657) wifi_init: tcp rx win: 5760[0m
[0;32mI (667) wifi_init: tcp mss: 1440[0m
[0;32mI (667) wifi_init: WiFi IRAM OP enabled[0m
[0;32mI (677) wifi_init: WiFi RX IRAM OP enabled[0m
[0;32mI (677) phy_init: phy_version 4791,2c4672b,Dec 20 2023,16:06:06[0m
I (767) wifi:mode : sta (b0:a7:32:28:4a:7c)
I (777) wifi:enable tsf
[0;32mI (777) wifi_connect: wifi_init_sta finished.[0m
[0;32mI (777) timestamp: Initializing SNTP[0m
Waiting for time set...
I (827) wifi:new:<11,0>, old:<1,0>, ap:<255,255>, sta:<11,0>, prof:1
I (827) wifi:state: init -> auth (b0)
I (827) wifi:state: auth -> assoc (0)
I (837) wifi:state: assoc -> run (10)
I (837) wifi:connected with Sv 2022, aid = 4, channel 11, BW20, bssid = 7c:a1:07:aa:c0:60
I (847) wifi:security: WPA2-PSK, phy: bgn, rssi: -59
I (847) wifi:pm start, type: 1

I (1027) wifi:AP's beacon interval = 204800 us, DTIM period = 1
[0;32mI (1777) main_task: Returned from app_main()[0m
[0;32mI (1777) example: DNS lookup zucceeded. IP=192.168.1.83[0m

assert failed: xTaskPriorityDisinherit tasks.c:5073 (pxTCB == pxCurrentTCBs[ xPortGetCoreID() ])


Backtrace: 0x400817d2:0x3ffc83d0 0x40089105:0x3ffc83f0 0x400909f9:0x3ffc8410 0x4008c006:0x3ffc8530 0x40089163:0x3ffc8550 0x400895a5:0x3ffc8570 0x400829b1:0x3ffc85b0 0x40082a61:0x3ffc85e0 0x400d48c5:0x3ffc8600 0x40082b20:0x3ffc8620 0x40142802:0x3ffc8640 0x400d6e95:0x3ffc8670 0x400d6bfd:0x3ffc86a0 0x40089c11:0x3ffc9280




ELF file SHA256: 479bb2b88

Rebooting...
ets Jul 29 2019 12:21:46

rst:0xc (SW_CPU_RESET),boot:0x13 (SPI_FAST_FLASH_BOOT)
configsip: 0, SPIWP:0xee
clk_drv:0x00,q_drv:0x00,d_drv:0x00,cs0_drv:0x00,hd_drv:0x00,wp_drv:0x00
mode:DIO, clock div:2
load:0x3fff0030,len:7172
load:0x40078000,len:15540
load:0x40080400,len:4
ho 8 tail 4 room 4
load:0x40080404,len:3904
entry 0x40080640
[0;32mI (31) boot: ESP-IDF v5.2.1-dirty 2nd stage bootloader[0m
[0;32mI (31) boot: compile time May 13 2024 00:12:18[0m
[0;32mI (31) boot: Multicore bootloader[0m
[0;32mI (36) boot: chip revision: v3.1[0m
[0;32mI (40) boot.esp32: SPI Speed      : 40MHz[0m
[0;32mI (44) boot.esp32: SPI Mode       : DIO[0m
[0;32mI (49) boot.esp32: SPI Flash Size : 4MB[0m
[0;32mI (53) boot: Enabling RNG early entropy source...[0m
[0;32mI (59) boot: Partition Table:[0m
[0;32mI (62) boot: ## Label            Usage          Type ST Offset   Length[0m
[0;32mI (70) boot:  0 nvs              WiFi data        01 02 00009000 00006000[0m
[0;32mI (77) boot:  1 phy_init         RF data          01 01 0000f000 00001000[0m
[0;32mI (84) boot:  2 factory          factory app      00 00 00010000 00100000[0m
[0;32mI (92) boot: End of partition table[0m
[0;32mI (96) esp_image: segment 0: paddr=00010020 vaddr=3f400020 size=22fbch (143292) map[0m
[0;32mI (154) esp_image: segment 1: paddr=00032fe4 vaddr=3ffb0000 size=03c04h ( 15364) load[0m
[0;32mI (160) esp_image: segment 2: paddr=00036bf0 vaddr=40080000 size=09428h ( 37928) load[0m
[0;32mI (175) esp_image: segment 3: paddr=00040020 vaddr=400d0020 size=8d45ch (578652) map[0m
[0;32mI (373) esp_image: segment 4: paddr=000cd484 vaddr=40089428 size=0d27ch ( 53884) load[0m
[0;32mI (406) boot: Loaded app from partition at offset 0x10000[0m
[0;32mI (406) boot: Disabling RNG early entropy source...[0m
[0;32mI (417) cpu_start: Multicore app[0m
[0;32mI (426) cpu_start: Pro cpu start user code[0m
[0;32mI (426) cpu_start: cpu freq: 160000000 Hz[0m
[0;32mI (426) cpu_start: Application information:[0m
[0;32mI (429) cpu_start: Project name:     http_request[0m
[0;32mI (435) cpu_start: App version:      e92c574-dirty[0m
[0;32mI (440) cpu_start: Compile time:     May 13 2024 00:11:55[0m
