ï¿½-zJï¿½components/lwip/lwiï¿½ets Jul 29 2019 12:21:46

rst:0x1 (POWERON_RESET),boot:0x13 (SPI_FAST_FLASH_BOOT)
configsip: 0, SPIWP:0xee
clk_drv:0x00,q_drv:0x00,d_drv:0x00,cs0_drv:0x00,hd_drv:0x00,wp_drv:0x00
mode:DIO, clock div:2
load:0x3fff0030,len:7172
load:0x40078000,len:15540
load:0x40080400,len:4
ho 8 tail 4 room 4
load:0x40080404,len:3904
entry 0x40080640
[0;32mI (31) boot: ESP-IDF v5.2.1-dirty 2nd stage bootloader[0m
[0;32mI (31) boot: compile time May 12 2024 00:01:43[0m
[0;32mI (31) boot: Multicore bootloader[0m
[0;32mI (36) boot: chip revision: v3.1[0m
[0;32mI (40) boot.esp32: SPI Speed      : 40MHz[0m
[0;32mI (44) boot.esp32: SPI Mode       : DIO[0m
[0;32mI (49) boot.esp32: SPI Flash Size : 2MB[0m
[0;32mI (53) boot: Enabling RNG early entropy source...[0m
[0;32mI (59) boot: Partition Table:[0m
[0;32mI (62) boot: ## Label            Usage          Type ST Offset   Length[0m
[0;32mI (70) boot:  0 nvs              WiFi data        01 02 00009000 00006000[0m
[0;32mI (77) boot:  1 phy_init         RF data          01 01 0000f000 00001000[0m
[0;32mI (85) boot:  2 factory          factory app      00 00 00010000 00100000[0m
[0;32mI (92) boot: End of partition table[0m
[0;32mI (96) esp_image: segment 0: paddr=00010020 vaddr=3f400020 size=0cc50h ( 52304) map[0m
[0;32mI (123) esp_image: segment 1: paddr=0001cc78 vaddr=3ffb0000 size=0228ch (  8844) load[0m
[0;32mI (126) esp_image: segment 2: paddr=0001ef0c vaddr=40080000 size=0110ch (  4364) load[0m
[0;32mI (130) esp_image: segment 3: paddr=00020020 vaddr=400d0020 size=2c24ch (180812) map[0m
[0;32mI (199) esp_image: segment 4: paddr=0004c274 vaddr=4008110c size=0b7ech ( 47084) load[0m
[0;32mI (224) boot: Loaded app from partition at offset 0x10000[0m
[0;32mI (224) boot: Disabling RNG early entropy source...[0m
[0;32mI (235) cpu_start: Multicore app[0m
[0;32mI (244) cpu_start: Pro cpu start user code[0m
[0;32mI (244) cpu_start: cpu freq: 160000000 Hz[0m
[0;32mI (244) cpu_start: Application information:[0m
[0;32mI (247) cpu_start: Project name:     http_request[0m
[0;32mI (253) cpu_start: App version:      e92c574-dirty[0m
[0;32mI (258) cpu_start: Compile time:     May 12 2024 00:01:23[0m
[0;32mI (264) cpu_start: ELF file SHA256:  03a3875e3...[0m
[0;32mI (270) cpu_start: ESP-IDF:          v5.2.1-dirty[0m
[0;32mI (275) cpu_start: Min chip rev:     v0.0[0m
[0;32mI (280) cpu_start: Max chip rev:     v3.99 [0m
[0;32mI (285) cpu_start: Chip rev:         v3.1[0m
[0;32mI (290) heap_init: Initializing. RAM available for dynamic allocation:[0m
[0;32mI (297) heap_init: At 3FFAE6E0 len 00001920 (6 KiB): DRAM[0m
[0;32mI (303) heap_init: At 3FFB35B0 len 0002CA50 (178 KiB): DRAM[0m
[0;32mI (309) heap_init: At 3FFE0440 len 00003AE0 (14 KiB): D/IRAM[0m
[0;32mI (315) heap_init: At 3FFE4350 len 0001BCB0 (111 KiB): D/IRAM[0m
[0;32mI (322) heap_init: At 4008C8F8 len 00013708 (77 KiB): IRAM[0m
[0;32mI (329) spi_flash: detected chip: generic[0m
[0;32mI (332) spi_flash: flash io: dio[0m
[0;33mW (336) spi_flash: Detected size(4096k) larger than the size in the binary image header(2048k). Using the size in the binary image header.[0m
[0;33mW (350) ADC: legacy driver is deprecated, please migrate to `esp_adc/adc_oneshot.h`[0m
[0;32mI (358) main_task: Started on CPU0[0m
[0;32mI (368) main_task: Calling app_main()[0m
[0;32mI (368) timestamp: Initializing SNTP[0m

assert failed: tcpip_callback /IDF/components/lwip/lwip/src/api/tcpip.c:313 (Invalid mbox)


Backtrace: 0x400816ae:0x3ffb56c0 0x40085929:0x3ffb56e0 0x4008b3b1:0x3ffb5700 0x400d9de6:0x3ffb5820 0x400d9d94:0x3ffb5840 0x400d61e7:0x3ffb5860 0x400d5f0f:0x3ffb5880 0x400fba47:0x3ffb58b0 0x4008618d:0x3ffb58e0




ELF file SHA256: 03a3875e3

Rebooting...
ets Jul 29 2019 12:21:46

rst:0xc (SW_CPU_RESET),boot:0x13 (SPI_FAST_FLASH_BOOT)
configsip: 0, SPIWP:0xee
clk_drv:0x00,q_drv:0x00,d_drv:0x00,cs0_drv:0x00,hd_drv:0x00,wp_drv:0x00
mode:DIO, clock div:2
load:0x3fff0030,len:7172
load:0x40078000,len:15540
load:0x40080400,len:4
ho 8 tail 4 room 4
load:0x40080404,len:3904
entry 0x40080640
[0;32mI (31) boot: ESP-IDF v5.2.1-dirty 2nd stage bootloader[0m
[0;32mI (31) boot: compile time May 12 2024 00:01:43[0m
[0;32mI (31) boot: Multicore bootloader[0m
[0;32mI (36) boot: chip revision: v3.1[0m
[0;32mI (40) boot.esp32: SPI Speed      : 40MHz[0m
[0;32mI (44) boot.esp32: SPI Mode       : DIO[0m
[0;32mI (49) boot.esp32: SPI Flash Size : 2MB[0m
[0;32mI (53) boot: Enabling RNG early entropy source...[0m
[0;32mI (59) boot: Partition Table:[0m
[0;32mI (62) boot: ## Label            Usage          Type ST Offset   Length[0m
[0;32mI (70) boot:  0 nvs              WiFi data        01 02 00009000 00006000[0m
[0;32mI (77) boot:  1 phy_init         RF data          01 01 0000f000 00001000[0m
[0;32mI (84) boot:  2 factory          factory app      00 00 00010000 00100000[0m
[0;32mI (92) boot: End of partition table[0m
[0;32mI (96) esp_image: segment 0: paddr=00010020 vaddr=3f400020 size=0cc50h ( 52304) map[0m
[0;32mI (123) esp_image: segment 1: paddr=0001cc78 vaddr=3ffb0000 size=0228ch (  8844) load[0m
[0;32mI (126) esp_image: segment 2: paddr=0001ef0c vaddr=40080000 size=0110ch (  4364) load[0m
[0;32mI (130) esp_image: segment 3: paddr=00020020 vaddr=400d0020 size=2c24ch (180812) map[0m
[0;32mI (199) esp_image: segment 4: paddr=0004c274 vaddr=4008110c size=0b7ech ( 47084) load[0m
[0;32mI (224) boot: Loaded app from partition at offset 0x10000[0m
[0;32mI (224) boot: Disabling RNG early entropy source...[0m
[0;32mI (235) cpu_start: Multicore app[0m
[0;32mI (244) cpu_start: Pro cpu start user code[0m
[0;32mI (244) cpu_start: cpu freq: 160000000 Hz[0m
[0;32mI (244) cpu_start: Application information:[0m
[0;32mI (247) cpu_start: Project name:     http_request[0m
[0;32mI (253) cpu_start: App version:      e92c574-dirty[0m
[0;32mI (258) cpu_start: Compile time:     May 12 2024 00:01:23[0m
[0;32mI (264) cpu_start: ELF file SHA256:  03a3875e3...[0m
[0;32mI (270) cpu_start: ESP-IDF:          v5.2.1-dirty[0m
[0;32mI (275) cpu_start: Min chip rev:     v0.0[0m
[0;32mI (280) cpu_start: Max chip rev:     v3.99 [0m
[0;32mI (284) cpu_start: Chip rev:         v3.1[0m
[0;32mI (289) heap_init: Initializing. RAM available for dynamic allocation:[0m
[0;32mI (297) heap_init: At 3FFAE6E0 len 00001920 (6 KiB): DRAM[0m
[0;32mI (302) heap_init: At 3FFB35B0 len 0002CA50 (178 KiB): DRAM[0m
[0;32mI (309) heap_init: At 3FFE0440 len 00003AE0 (14 KiB): D/IRAM[0m
[0;32mI (315) heap_init: At 3FFE4350 len 0001BCB0 (111 KiB): D/IRAM[0m
[0;32mI (322) heap_init: At 4008C8F8 len 00013708 (77 KiB): IRAM[0m
[0;32mI (329) spi_flash: detected chip: generic[0m
[0;32mI (332) spi_flash: flash io: dio[0m
[0;33mW (336) spi_flash: Detected size(4096k) larger than the size in the binary image header(2048k). Using the size in the binary image header.[0m
[0;33mW (349) ADC: legacy driver is deprecated, please migrate to `esp_adc/adc_oneshot.h`[0m
[0;32mI (358) main_task: Started on CPU0[0m
[0;32mI (368) main_task: Calling app_main()[0m
[0;32mI (368) timestamp: Initializing SNTP[0m

assert failed: tcpip_callback /IDF/components/lwip/lwip/src/api/tcpip.c:313 (Invalid mbox)


Backtrace: 0x400816ae:0x3ffb56c0 0x40085929:0x3ffb56e0 0x4008b3b1:0x3ffb5700 0x400d9de6:0x3ffb5820 0x400d9d94:0x3ffb5840 0x400d61e7:0x3ffb5860 0x400d5f0f:0x3ffb5880 0x400fba47:0x3ffb58b0 0x4008618d:0x3ffb58e0




ELF file SHA256: 03a3875e3

Rebooting...
ets Jul 29 2019 12:21:46

rst:0xc (SW_CPU_RESET),boot:0x13 (SPI_FAST_FLASH_BOOT)
configsip: 0, SPIWP:0xee
clk_drv:0x00,q_drv:0x00,d_drv:0x00,cs0_drv:0x00,hd_drv:0x00,wp_drv:0x00
mode:DIO, clock div:2
load:0x3fff0030,len:7172
load:0x40078000,len:15540
load:0x40080400,len:4
ho 8 tail 4 room 4
load:0x40080404,len:3904
entry 0x40080640
[0;32mI (31) boot: ESP-IDF v5.2.1-dirty 2nd stage bootloader[0m
[0;32mI (31) boot: compile time May 12 2024 00:01:43[0m
[0;32mI (31) boot: Multicore bootloader[0m
[0;32mI (36) boot: chip revision: v3.1[0m
[0;32mI (40) boot.esp32: SPI Speed      : 40MHz[0m
[0;32mI (44) boot.esp32: SPI Mode       : DIO[0m
[0;32mI (49) boot.esp32: SPI Flash Size : 2MB[0m
[0;32mI (53) boot: Enabling RNG early entropy source...[0m
[0;32mI (59) boot: Partition Table:[0m
[0;32mI (62) boot: ## Label            Usage          Type ST Offset   Length[0m
[0;32mI (70) boot:  0 nvs              WiFi data        01 02 00009000 00006000[0m
[0;32mI (77) boot:  1 phy_init         RF data          01 01 0000f000 00001000[0m
[0;32mI (84) boot:  2 factory          factory app      00 00 00010000 00100000[0m
[0;32mI (92) boot: End of partition table[0m
[0;32mI (96) esp_image: segment 0: paddr=00010020 vaddr=3f400020 size=0cc50h ( 52304) map[0m
[0;32mI (123) esp_image: segment 1: paddr=0001cc78 vaddr=3ffb0000 size=0228ch (  8844) load[0m
[0;32mI (126) esp_image: segment 2: paddr=0001ef0c vaddr=40080000 size=0110ch (  4364) load[0m
[0;32mI (130) esp_image: segment 3: paddr=00020020 vaddr=400d0020 size=2c24ch (180812) map[0m
[0;32mI (199) esp_image: segment 4: paddr=0004c274 vaddr=4008110c size=0b7ech ( 47084) load[0m
[0;32mI (224) boot: Loaded app from partition at offset 0x10000[0m
[0;32mI (224) boot: Disabling RNG early entropy source...[0m
[0;32mI (235) cpu_start: Multicore app[0m
[0;32mI (244) cpu_start: Pro cpu start user code[0m
[0;32mI (244) cpu_start: cpu freq: 160000000 Hz[0m
[0;32mI (244) cpu_start: Application information:[0m
[0;32mI (247) cpu_start: Project name:     http_request[0m
[0;32mI (253) cpu_start: App version:      e92c574-dirty[0m
[0;32mI (258) cpu_start: Compile time:     May 12 2024 00:01:23[0m
[0;32mI (264) cpu_start: ELF file SHA256:  03a3875e3...[0m
[0;32mI (270) cpu_start: ESP-IDF:          v5.2.1-dirty[0m
[0;32mI (275) cpu_start: Min chip rev:     v0.0[0m
[0;32mI (280) cpu_start: Max chip rev:     v3.99 [0m
[0;32mI (284) cpu_start: Chip rev:         v3.1[0m
[0;32mI (290) heap_init: Initializing. RAM available for dynamic allocation:[0m
[0;32mI (297) heap_init: At 3FFAE6E0 len 00001920 (6 KiB): DRAM[0m
[0;32mI (302) heap_init: At 3FFB35B0 len 0002CA50 (178 KiB): DRAM[0m
[0;32mI (309) heap_init: At 3FFE0440 len 00003AE0 (14 KiB): D/IRAM[0m
[0;32mI (315) heap_init: At 3FFE4350 len 0001BCB0 (111 KiB): D/IRAM[0m
[0;32mI (322) heap_init: At 4008C8F8 len 00013708 (77 KiB): IRAM[0m
[0;32mI (329) spi_flash: detected chip: generic[0m
[0;32mI (332) spi_flash: flash io: dio[0m
[0;33mW (336) spi_flash: Detected size(4096k) larger than the size in the binary image header(2048k). Using the size in the binary image header.[0m
[0;33mW (349) ADC: legacy driver is deprecated, please migrate to `esp_adc/adc_oneshot.h`[0m
[0;32mI (358) main_task: Started on CPU0[0m
[0;32mI (368) main_task: Calling app_main()[0m
[0;32mI (368) timestamp: Initializing SNTP[0m

assert failed: tcpip_callback /IDF/components/lwip/lwip/src/api/tcpip.c:313 (Invalid mbox)


Backtrace: 0x400816ae:0x3ffb56c0 0x40085929:0x3ffb56e0 0x4008b3b1:0x3ffb5700 0x400d9de6:0x3ffb5820 0x400d9d94:0x3ffb5840 0x400d61e7:0x3ffb5860 0x400d5f0f:0x3ffb5880 0x400fba47:0x3ffb58b0 0x4008618d:0x3ffb58e0




ELF file SHA256: 03a3875e3

Rebooting...
ets Jul 29 2019 12:21:46

rst:0xc (SW_CPU_RESET),boot:0x13 (SPI_FAST_FLASH_BOOT)
configsip: 0, SPIWP:0xee
clk_drv:0x00,q_drv:0x00,d_drv:0x00,cs0_drv:0x00,hd_drv:0x00,wp_drv:0x00
mode:DIO, clock div:2
load:0x3fff0030,len:7172
load:0x40078000,len:15540
load:0x40080400,len:4
ho 8 tail 4 room 4
load:0x40080404,len:3904
entry 0x40080640
[0;32mI (31) boot: ESP-IDF v5.2.1-dirty 2nd stage bootloader[0m
[0;32mI (31) boot: compile time May 12 2024 00:01:43[0m
[0;32mI (31) boot: Multicore bootloader[0m
[0;32mI (36) boot: chip revision: v3.1[0m
[0;32mI (40) boot.esp32: SPI Speed      : 40MHz[0m
[0;32mI (44) boot.esp32: SPI Mode       : DIO[0m
[0;32mI (49) boot.esp32: SPI Flash Size : 2MB[0m
[0;32mI (53) boot: Enabling RNG early entropy source...[0m
[0;32mI (59) boot: Partition Table:[0m
[0;32mI (62) boot: ## Label            Usage          Type ST Offset   Length[0m
[0;32mI (70) boot:  0 nvs              WiFi data        01 02 00009000 00006000[0m
[0;32mI (77) boot:  1 phy_init         RF data          01 01 0000f000 00001000[0m
[0;32mI (84) boot:  2 factory          factory app      00 00 00010000 00100000[0m
[0;32mI (92) boot: End of partition table[0m
[0;32mI (96) esp_image: segment 0: paddr=00010020 vaddr=3f400020 size=0cc50h ( 52304) map[0m
[0;32mI (123) esp_image: segment 1: paddr=0001cc78 vaddr=3ffb0000 size=0228ch (  8844) load[0m
[0;32mI (126) esp_image: segment 2: paddr=0001ef0c vaddr=40080000 size=0110ch (  4364) load[0m
[0;32mI (130) esp_image: segment 3: paddr=00020020 vaddr=400d0020 size=2c24ch (180812) map[0m
[0;32mI (199) esp_image: segment 4: paddr=0004c274 vaddr=4008110c size=0b7ech ( 47084) load[0m
[0;32mI (224) boot: Loaded app from partition at offset 0x10000[0m
[0;32mI (224) boot: Disabling RNG early entropy source...[0m
[0;32mI (235) cpu_start: Multicore app[0m
[0;32mI (244) cpu_start: Pro cpu start user code[0m
[0;32mI (244) cpu_start: cpu freq: 160000000 Hz[0m
[0;32mI (244) cpu_start: Application information:[0m
[0;32mI (247) cpu_start: Project name:     http_request[0m
[0;32mI (253) cpu_start: App version:      e92c574-dirty[0m
[0;32mI (258) cpu_start: Compile time:     May 12 2024 00:01:23[0m
[0;32mI (264) cpu_start: ELF file SHA256:  03a3875e3...[0m
[0;32mI (270) cpu_start: ESP-IDF:          v5.2.1-dirty[0m
[0;32mI (275) cpu_start: Min chip rev:     v0.0[0m
[0;32mI (280) cpu_start: Max chip rev:     v3.99 [0m
[0;32mI (284) cpu_start: Chip rev:         v3.1[0m
[0;32mI (289) heap_init: Initializing. RAM available for dynamic allocation:[0m
[0;32mI (297) heap_init: At 3FFAE6E0 len 00001920 (6 KiB): DRAM[0m
[0;32mI (302) heap_init: At 3FFB35B0 len 0002CA50 (178 KiB): DRAM[0m
[0;32mI (309) heap_init: At 3FFE0440 len 00003AE0 (14 KiB): D/IRAM[0m
[0;32mI (315) heap_init: At 3FFE4350 len 0001BCB0 (111 KiB): D/IRAM[0m
[0;32mI (322) heap_init: At 4008C8F8 len 00013708 (77 KiB): IRAM[0m
[0;32mI (329) spi_flash: detected chip: generic[0m
[0;32mI (332) spi_flash: flash io: dio[0m
[0;33mW (336) spi_flash: Detected size(4096k) larger than the size in the binary image header(2048k). Using the size in the binary image header.[0m
[0;33mW (349) ADC: legacy driver is deprecated, please migrate to `esp_adc/adc_oneshot.h`[0m
[0;32mI (358) main_task: Started on CPU0[0m
[0;32mI (368) main_task: Calling app_main()[0m
[0;32mI (368) timestamp: Initializing SNTP[0m

assert failed: tcpip_callback /IDF/components/lwip/lwip/src/api/tcpip.c:313 (Invalid mbox)


Backtrace: 0x400816ae:0x3ffb56c0 0x40085929:0x3ffb56e0 0x4008b3b1:0x3ffb5700 0x400d9de6:0x3ffb5820 0x400d9d94:0x3ffb5840 0x400d61e7:0x3ffb5860 0x400d5f0f:0x3ffb5880 0x400fba47:0x3ffb58b0 0x4008618d:0x3ffb58e0




ELF file SHA256: 03a3875e3

Rebooting...
ets Jul 29 2019 12:21:46

rst:0xc (SW_CPU_RESET),boot:0x13 (SPI_FAST_FLASH_BOOT)
configsip: 0, SPIWP:0xee
clk_drv:0x00,q_drv:0x00,d_drv:0x00,cs0_drv:0x00,hd_drv:0x00,wp_drv:0x00
mode:DIO, clock div:2
load:0x3fff0030,len:7172
load:0x40078000,len:15540
load:0x40080400,len:4
ho 8 tail 4 room 4
load:0x40080404,len:3904
entry 0x40080640
[0;32mI (31) boot: ESP-IDF v5.2.1-dirty 2nd stage bootloader[0m
[0;32mI (31) boot: compile time May 12 2024 00:01:43[0m
[0;32mI (31) boot: Multicore bootloader[0m
[0;32mI (36) boot: chip revision: v3.1[0m
[0;32mI (40) boot.esp32: SPI Speed      : 40MHz[0m
[0;32mI (44) boot.esp32: SPI Mode       : DIO[0m
[0;32mI (49) boot.esp32: SPI Flash Size : 2MB[0m
[0;32mI (53) boot: Enabling RNG early entropy source...[0m
[0;32mI (59) boot: Partition Table:[0m
[0;32mI (62) boot: ## Label            Usage          Type ST Offset   Length[0m
[0;32mI (70) boot:  0 nvs              WiFi data        01 02 00009000 00006000[0m
[0;32mI (77) boot:  1 phy_init         RF data          01 01 0000f000 00001000[0m
[0;32mI (84) boot:  2 factory          factory app      00 00 00010000 00100000[0m
[0;32mI (92) boot: End of partition table[0m
[0;32mI (96) esp_image: segment 0: paddr=00010020 vaddr=3f400020 size=0cc50h ( 52304) map[0m
[0;32mI (123) esp_image: segment 1: paddr=0001cc78 vaddr=3ffb0000 size=0228ch (  8844) load[0m
[0;32mI (126) esp_image: segment 2: paddr=0001ef0c vaddr=40080000 size=0110ch (  4364) load[0m
[0;32mI (130) esp_image: segment 3: paddr=00020020 vaddr=400d0020 size=2c24ch (180812) map[0m
[0;32mI (199) esp_image: segment 4: paddr=0004c274 vaddr=4008110c size=0b7ech ( 47084) load[0m
[0;32mI (224) boot: Loaded app from partition at offset 0x10000[0m
[0;32mI (224) boot: Disabling RNG early entropy source...[0m
[0;32mI (235) cpu_start: Multicore app[0m
[0;32mI (244) cpu_start: Pro cpu start user code[0m
[0;32mI (244) cpu_start: cpu freq: 160000000 Hz[0m
[0;32mI (244) cpu_start: Application information:[0m
[0;32mI (247) cpu_start: Project name:     http_request[0m
[0;32mI (253) cpu_start: App version:      e92c574-dirty[0m
[0;32mI (258) cpu_start: Compile time:     May 12 2024 00:01:23[0m
[0;32mI (264) cpu_start: ELF file SHA256:  03a3875e3...[0m
[0;32mI (270) cpu_start: ESP-IDF:          v5.2.1-dirty[0m
[0;32mI (275) cpu_start: Min chip rev:     v0.0[0m
[0;32mI (280) cpu_start: Max chip rev:     v3.99 [0m
[0;32mI (285) cpu_start: Chip rev:         v3.1[0m
[0;32mI (290) heap_init: Initializing. RAM available for dynamic allocation:[0m
[0;32mI (297) heap_init: At 3FFAE6E0 len 00001920 (6 KiB): DRAM[0m
[0;32mI (302) heap_init: At 3FFB35B0 len 0002CA50 (178 KiB): DRAM[0m
[0;32mI (309) heap_init: At 3FFE0440 len 00003AE0 (14 KiB): D/IRAM[0m
[0;32mI (315) heap_init: At 3FFE4350 len 0001BCB0 (111 KiB): D/IRAM[0m
[0;32mI (322) heap_init: At 4008C8F8 len 00013708 (77 KiB): IRAM[0m
[0;32mI (329) spi_flash: detected chip: generic[0m
[0;32mI (332) spi_flash: flash io: dio[0m
[0;33mW (336) spi_flash: Detected size(4096k) larger than the size in the binary image header(2048k). Using the size in the binary image header.[0m
[0;33mW (349) ADC: legacy driver is deprecated, please migrate to `esp_adc/adc_oneshot.h`[0m
[0;32mI (358) main_task: Started on CPU0[0m
[0;32mI (368) main_task: Calling app_main()[0m
[0;32mI (368) timestamp: Initializing SNTP[0m

assert failed: tcpip_callback /IDF/components/lwip/lwip/src/api/tcpip.c:313 (Invalid mbox)


Backtrace: 0x400816ae:0x3ffb56c0 0x40085929:0x3ffb56e0 0x4008b3b1:0x3ffb5700 0x400d9de6:0x3ffb5820 0x400d9d94:0x3ffb5840 0x400d61e7:0x3ffb5860 0x400d5f0f:0x3ffb5880 0x400fba47:0x3ffb58b0 0x4008618d:0x3ffb58e0




ELF file SHA256: 03a3875e3

Rebooting...
ets Jul 29 2019 12:21:46

rst:0xc (SW_CPU_RESET),boot:0x13 (SPI_FAST_FLASH_BOOT)
configsip: 0, SPIWP:0xee
clk_drv:0x00,q_drv:0x00,d_drv:0x00,cs0_drv:0x00,hd_drv:0x00,wp_drv:0x00
mode:DIO, clock div:2
load:0x3fff0030,len:7172
load:0x40078000,len:15540
load:0x40080400,len:4
ho 8 tail 4 room 4
load:0x40080404,len:3904
entry 0x40080640
[0;32mI (31) boot: ESP-IDF v5.2.1-dirty 2nd stage bootloader[0m
[0;32mI (31) boot: compile time May 12 2024 00:01:43[0m
[0;32mI (31) boot: Multicore bootloader[0m
[0;32mI (36) boot: chip revision: v3.1[0m
[0;32mI (40) boot.esp32: SPI Speed      : 40MHz[0m
[0;32mI (44) boot.esp32: SPI Mode       : DIO[0m
[0;32mI (49) boot.esp32: SPI Flash Size : 2MB[0m
[0;32mI (53) boot: Enabling RNG early entropy source...[0m
[0;32mI (59) boot: Partition Table:[0m
[0;32mI (62) boot: ## Label            Usage          Type ST Offset   Length[0m
[0;32mI (70) boot:  0 nvs              WiFi data        01 02 00009000 00006000[0m
[0;32mI (77) boot:  1 phy_init         RF data          01 01 0000f000 00001000[0m
[0;32mI (84) boot:  2 factory          factory app      00 00 00010000 00100000[0m
[0;32mI (92) boot: End of partition table[0m
[0;32mI (96) esp_image: segment 0: paddr=00010020 vaddr=3f400020 size=0cc50h ( 52304) map[0m
[0;32mI (123) esp_image: segment 1: paddr=0001cc78 vaddr=3ffb0000 size=0228ch (  8844) load[0m
[0;32mI (126) esp_image: segment 2: paddr=0001ef0c vaddr=40080000 size=0110ch (  4364) load[0m
[0;32mI (130) esp_image: segment 3: paddr=00020020 vaddr=400d0020 size=2c24ch (180812) map[0m
[0;32mI (199) esp_image: segment 4: paddr=0004c274 vaddr=4008110c size=0b7ech ( 47084) load[0m
[0;32mI (224) boot: Loaded app from partition at offset 0x10000[0m
[0;32mI (224) boot: Disabling RNG early entropy source...[0m
[0;32mI (235) cpu_start: Multicore app[0m
[0;32mI (244) cpu_start: Pro cpu start user code[0m
[0;32mI (244) cpu_start: cpu freq: 160000000 Hz[0m
[0;32mI (244) cpu_start: Application information:[0m
[0;32mI (247) cpu_start: Project name:     http_request[0m
[0;32mI (253) cpu_start: App version:      e92c574-dirty[0m
[0;32mI (258) cpu_start: Compile time:     May 12 2024 00:01:23[0m
[0;32mI (264) cpu_start: ELF file SHA256:  03a3875e3...[0m
[0;32mI (270) cpu_start: ESP-IDF:          v5.2.1-dirty[0m
[0;32mI (275) cpu_start: Min chip rev:     v0.0[0m
[0;32mI (280) cpu_start: Max chip rev:     v3.99 [0m
[0;32mI (284) cpu_start: Chip rev:         v3.1[0m
[0;32mI (290) heap_init: Initializing. RAM available for dynamic allocation:[0m
[0;32mI (297) heap_init: At 3FFAE6E0 len 00001920 (6 KiB): DRAM[0m
[0;32mI (302) heap_init: At 3FFB35B0 len 0002CA50 (178 KiB): DRAM[0m
[0;32mI (309) heap_init: At 3FFE0440 len 00003AE0 (14 KiB): D/IRAM[0m
[0;32mI (315) heap_init: At 3FFE4350 len 0001BCB0 (111 KiB): D/IRAM[0m
[0;32mI (322) heap_init: At 4008C8F8 len 00013708 (77 KiB): IRAM[0m
[0;32mI (329) spi_flash: detected chip: generic[0m
[0;32mI (332) spi_flash: flash io: dio[0m
[0;33mW (336) spi_flash: Detected size(4096k) larger than the size in the binary image header(2048k). Using the size in the binary image header.[0m
[0;33mW (349) ADC: legacy driver is deprecated, please migrate to `esp_adc/adc_oneshot.h`[0m
[0;32mI (358) main_task: Started on CPU0[0m
[0;32mI (368) main_task: Calling app_main()[0m
[0;32mI (368) timestamp: Initializing SNTP[0m

assert failed: tcpip_callback /IDF/components/lwip/lwip/src/api/tcpip.c:313 (Invalid mbox)


Backtrace: 0x400816ae:0x3ffb56c0 0x40085929:0x3ffb56e0 0x4008b3b1:0x3ffb5700 0x400d9de6:0x3ffb5820 0x400d9d94:0x3ffb5840 0x400d61e7:0x3ffb5860 0x400d5f0f:0x3ffb5880 0x400fba47:0x3ffb58b0 0x4008618d:0x3ffb58e0




ELF file SHA256: 03a3875e3

Rebooting...
ets Jul 29 2019 12:21:46

rst:0xc (SW_CPU_RESET),boot:0x13 (SPI_FAST_FLASH_BOOT)
configsip: 0, SPIWP:0xee
clk_drv:0x00,q_drv:0x00,d_drv:0x00,cs0_drv:0x00,hd_drv:0x00,wp_drv:0x00
mode:DIO, clock div:2
load:0x3fff0030,len:7172
load:0x40078000,len:15540
load:0x40080400,len:4
ho 8 tail 4 room 4
load:0x40080404,len:3904
entry 0x40080640
[0;32mI (31) boot: ESP-IDF v5.2.1-dirty 2nd stage bootloader[0m
[0;32mI (31) boot: compile time May 12 2024 00:01:43[0m
[0;32mI (31) boot: Multicore bootloader[0m
[0;32mI (36) boot: chip revision: v3.1[0m
[0;32mI (40) boot.esp32: SPI Speed      : 40MHz[0m
[0;32mI (44) boot.esp32: SPI Mode       : DIO[0m
[0;32mI (49) boot.esp32: SPI Flash Size : 2MB[0m
[0;32mI (53) boot: Enabling RNG early entropy source...[0m
[0;32mI (59) boot: Partition Table:[0m
[0;32mI (62) boot: ## Label            Usage          Type ST Offset   Length[0m
[0;32mI (70) boot:  0 nvs              WiFi data        01 02 00009000 00006000[0m
[0;32mI (77) boot:  1 phy_init         RF data          01 01 0000f000 00001000[0m
[0;32mI (84) boot:  2 factory          factory app      00 00 00010000 00100000[0m
[0;32mI (92) boot: End of partition table[0m
[0;32mI (96) esp_image: segment 0: paddr=00010020 vaddr=3f400020 size=0cc50h ( 52304) map[0m
[0;32mI (123) esp_image: segment 1: paddr=0001cc78 vaddr=3ffb0000 size=0228ch (  8844) load[0m
[0;32mI (126) esp_image: segment 2: paddr=0001ef0c vaddr=40080000 size=0110ch (  4364) load[0m
[0;32mI (130) esp_image: segment 3: paddr=00020020 vaddr=400d0020 size=2c24ch (180812) map[0m
[0;32mI (199) esp_image: segment 4: paddr=0004c274 vaddr=4008110c size=0b7ech ( 47084) load[0m
[0;32mI (224) boot: Loaded app from partition at offset 0x10000[0m
[0;32mI (224) boot: Disabling RNG early entropy source...[0m
[0;32mI (235) cpu_start: Multicore app[0m
[0;32mI (244) cpu_start: Pro cpu start user code[0m
[0;32mI (244) cpu_start: cpu freq: 160000000 Hz[0m
[0;32mI (244) cpu_start: Application information:[0m
[0;32mI (247) cpu_start: Project name:     http_request[0m
[0;32mI (253) cpu_start: App version:      e92c574-dirty[0m
[0;32mI (258) cpu_start: Compile time:     May 12 2024 00:01:23[0m
[0;32mI (264) cpu_start: ELF file SHA256:  03a3875e3...[0m
[0;32mI (270) cpu_start: ESP-IDF:          v5.2.1-dirty[0m
[0;32mI (275) cpu_start: Min chip rev:     v0.0[0m
[0;32mI (280) cpu_start: Max chip rev:     v3.99 [0m
[0;32mI (284) cpu_start: Chip rev:         v3.1[0m
[0;32mI (290) heap_init: Initializing. RAM available for dynamic allocation:[0m
[0;32mI (297) heap_init: At 3FFAE6E0 len 00001920 (6 KiB): DRAM[0m
[0;32mI (302) heap_init: At 3FFB35B0 len 0002CA50 (178 KiB): DRAM[0m
[0;32mI (309) heap_init: At 3FFE0440 len 00003AE0 (14 KiB): D/IRAM[0m
[0;32mI (315) heap_init: At 3FFE4350 len 0001BCB0 (111 KiB): D/IRAM[0m
[0;32mI (322) heap_init: At 4008C8F8 len 00013708 (77 KiB): IRAM[0m
[0;32mI (329) spi_flash: detected chip: generic[0m
[0;32mI (332) spi_flash: flash io: dio[0m
[0;33mW (336) spi_flash: Detected size(4096k) larger than the size in the binary image header(2048k). Using the size in the binary image header.[0m
[0;33mW (349) ADC: legacy driver is deprecated, please migrate to `esp_adc/adc_oneshot.h`[0m
[0;32mI (358) main_task: Started on CPU0[0m
[0;32mI (368) main_task: Calling app_main()[0m
[0;32mI (368) timestamp: Initializing SNTP[0m

assert failed: tcpip_callback /IDF/components/lwip/lwip/src/api/tcpip.c:313 (Invalid mbox)


Backtrace: 0x400816ae:0x3ffb56c0 0x40085929:0x3ffb56e0 0x4008b3b1:0x3ffb5700 0x400d9de6:0x3ffb5820 0x400d9d94:0x3ffb5840 0x400d61e7:0x3ffb5860 0x400d5f0f:0x3ffb5880 0x400fba47:0x3ffb58b0 0x4008618d:0x3ffb58e0




ELF file SHA256: 03a3875e3

Rebooting...
ets Jul 29 2019 12:21:46

rst:0xc (SW_CPU_RESET),boot:0x13 (SPI_FAST_FLASH_BOOT)
configsip: 0, SPIWP:0xee
clk_drv:0x00,q_drv:0x00,d_drv:0x00,cs0_drv:0x00,hd_drv:0x00,wp_drv:0x00
mode:DIO, clock div:2
load:0x3fff0030,len:7172
load:0x40078000,len:15540
load:0x40080400,len:4
ho 8 tail 4 room 4
load:0x40080404,len:3904
entry 0x40080640
[0;32mI (31) boot: ESP-IDF v5.2.1-dirty 2nd stage bootloader[0m
[0;32mI (31) boot: compile time May 12 2024 00:01:43[0m
[0;32mI (31) boot: Multicore bootloader[0m
[0;32mI (36) boot: chip revision: v3.1[0m
[0;32mI (40) boot.esp32: SPI Speed      : 40MHz[0m
[0;32mI (44) boot.esp32: SPI Mode       : DIO[0m
[0;32mI (49) boot.esp32: SPI Flash Size : 2MB[0m
[0;32mI (53) boot: Enabling RNG early entropy source...[0m
[0;32mI (59) boot: Partition Table:[0m
[0;32mI (62) boot: ## Label            Usage          Type ST Offset   Length[0m
[0;32mI (70) boot:  0 nvs              WiFi data        01 02 00009000 00006000[0m
[0;32mI (77) boot:  1 phy_init         RF data          01 01 0000f000 00001000[0m
[0;32mI (84) boot:  2 factory          factory app      00 00 00010000 00100000[0m
[0;32mI (92) boot: End of partition table[0m
[0;32mI (96) esp_image: segment 0: paddr=00010020 vaddr=3f400020 size=0cc50h ( 52304) map[0m
[0;32mI (123) esp_image: segment 1: paddr=0001cc78 vaddr=3ffb0000 size=0228ch (  8844) load[0m
[0;32mI (126) esp_image: segment 2: paddr=0001ef0c vaddr=40080000 size=0110ch (  4364) load[0m
[0;32mI (130) esp_image: segment 3: paddr=00020020 vaddr=400d0020 size=2c24ch (180812) map[0m
[0;32mI (199) esp_image: segment 4: paddr=0004c274 vaddr=4008110c size=0b7ech ( 47084) load[0m
[0;32mI (224) boot: Loaded app from partition at offset 0x10000[0m
[0;32mI (224) boot: Disabling RNG early entropy source...[0m
[0;32mI (235) cpu_start: Multicore app[0m
[0;32mI (244) cpu_start: Pro cpu start user code[0m
[0;32mI (244) cpu_start: cpu freq: 160000000 Hz[0m
[0;32mI (244) cpu_start: Application information:[0m
[0;32mI (247) cpu_start: Project name:     http_request[0m
[0;32mI (253) cpu_start: App version:      e92c574-dirty[0m
[0;32mI (258) cpu_start: Compile time:     May 12 2024 00:01:23[0m
[0;32mI (264) cpu_start: ELF file SHA256:  03a3875e3...[0m
[0;32mI (270) cpu_start: ESP-IDF:          v5.2.1-dirty[0m
[0;32mI (275) cpu_start: Min chip rev:     v0.0[0m
[0;32mI (280) cpu_start: Max chip rev:     v3.99 [0m
[0;32mI (284) cpu_start: Chip rev:         v3.1[0m
[0;32mI (290) heap_init: Initializing. RAM available for dynamic allocation:[0m
[0;32mI (297) heap_init: At 3FFAE6E0 len 00001920 (6 KiB): DRAM[0m
[0;32mI (302) heap_init: At 3FFB35B0 len 0002CA50 (178 KiB): DRAM[0m
[0;32mI (309) heap_init: At 3FFE0440 len 00003AE0 (14 KiB): D/IRAM[0m
[0;32mI (315) heap_init: At 3FFE4350 len 0001BCB0 (111 KiB): D/IRAM[0m
[0;32mI (322) heap_init: At 4008C8F8 len 00013708 (77 KiB): IRAM[0m
[0;32mI (329) spi_flash: detected chip: generic[0m
[0;32mI (332) spi_flash: flash io: dio[0m
[0;33mW (336) spi_flash: Detected size(4096k) larger than the size in the binary image header(2048k). Using the size in the binary image header.[0m
[0;33mW (349) ADC: legacy driver is deprecated, please migrate to `esp_adc/adc_oneshot.h`[0m
[0;32mI (358) main_task: Started on CPU0[0m
[0;32mI (368) main_task: Calling app_main()[0m
[0;32mI (368) timestamp: Initializing SNTP[0m

assert failed: tcpip_callback /IDF/components/lwip/lwip/src/api/tcpip.c:313 (Invalid mbox)


Backtrace: 0x400816ae:0x3ffb56c0 0x40085929:0x3ffb56e0 0x4008b3b1:0x3ffb5700 0x400d9de6:0x3ffb5820 0x400d9d94:0x3ffb5840 0x400d61e7:0x3ffb5860 0x400d5f0f:0x3ffb5880 0x400fba47:0x3ffb58b0 0x4008618d:0x3ffb58e0




ELF file SHA256: 03a3875e3

Rebooting...
ets Jul 29 2019 12:21:46

rst:0xc (SW_CPU_RESET),boot:0x13 (SPI_FAST_FLASH_BOOT)
configsip: 0, SPIWP:0xee
clk_drv:0x00,q_drv:0x00,d_drv:0x00,cs0_drv:0x00,hd_drv:0x00,wp_drv:0x00
mode:DIO, clock div:2
load:0x3fff0030,len:7172
load:0x40078000,len:15540
load:0x40080400,len:4
ho 8 tail 4 room 4
load:0x40080404,len:3904
entry 0x40080640
[0;32mI (31) boot: ESP-IDF v5.2.1-dirty 2nd stage bootloader[0m
[0;32mI (31) boot: compile time May 12 2024 00:01:43[0m
[0;32mI (31) boot: Multicore bootloader[0m
[0;32mI (36) boot: chip revision: v3.1[0m
[0;32mI (40) boot.esp32: SPI Speed      : 40MHz[0m
[0;32mI (44) boot.esp32: SPI Mode       : DIO[0m
[0;32mI (49) boot.esp32: SPI Flash Size : 2MB[0m
[0;32mI (53) boot: Enabling RNG early entropy source...[0m
[0;32mI (59) boot: Partition Table:[0m
[0;32mI (62) boot: ## Label            Usage          Type ST Offset   Length[0m
[0;32mI (70) boot:  0 nvs              WiFi data        01 02 00009000 00006000[0m
[0;32mI (77) boot:  1 phy_init         RF data          01 01 0000f000 00001000[0m
[0;32mI (84) boot:  2 factory          factory app      00 00 00010000 00100000[0m
[0;32mI (92) boot: End of partition table[0m
[0;32mI (96) esp_image: segment 0: paddr=00010020 vaddr=3f400020 size=0cc50h ( 52304) map[0m
[0;32mI (123) esp_image: segment 1: paddr=0001cc78 vaddr=3ffb0000 size=0228ch (  8844) load[0m
[0;32mI (126) esp_image: segment 2: paddr=0001ef0c vaddr=40080000 size=0110ch (  4364) load[0m
[0;32mI (130) esp_image: segment 3: paddr=00020020 vaddr=400d0020 size=2c24ch (180812) map[0m
[0;32mI (199) esp_image: segment 4: paddr=0004c274 vaddr=4008110c size=0b7ech ( 47084) load[0m
[0;32mI (224) boot: Loaded app from partition at offset 0x10000[0m
[0;32mI (224) boot: Disabling RNG early entropy source...[0m
[0;32mI (235) cpu_start: Multicore app[0m
[0;32mI (244) cpu_start: Pro cpu start user code[0m
[0;32mI (244) cpu_start: cpu freq: 160000000 Hz[0m
[0;32mI (244) cpu_start: Application information:[0m
[0;32mI (247) cpu_start: Project name:     http_request[0m
[0;32mI (253) cpu_start: App version:      e92c574-dirty[0m
[0;32mI (258) cpu_start: Compile time:     May 12 2024 00:01:23[0m
[0;32mI (264) cpu_start: ELF file SHA256:  03a3875e3...[0m
[0;32mI (270) cpu_start: ESP-IDF:          v5.2.1-dirty[0m
[0;32mI (275) cpu_start: Min chip rev:     v0.0[0m
[0;32mI (280) cpu_start: Max chip rev:     v3.99 [0m
[0;32mI (284) cpu_start: Chip rev:         v3.1[0m
[0;32mI (290) heap_init: Initializing. RAM available for dynamic allocation:[0m
[0;32mI (297) heap_init: At 3FFAE6E0 len 00001920 (6 KiB): DRAM[0m
[0;32mI (302) heap_init: At 3FFB35B0 len 0002CA50 (178 KiB): DRAM[0m
[0;32mI (309) heap_init: At 3FFE0440 len 00003AE0 (14 KiB): D/IRAM[0m
[0;32mI (315) heap_init: At 3FFE4350 len 0001BCB0 (111 KiB): D/IRAM[0m
[0;32mI (322) heap_init: At 4008C8F8 len 00013708 (77 KiB): IRAM[0m
[0;32mI (329) spi_flash: detected chip: generic[0m
[0;32mI (332) spi_flash: flash io: dio[0m
[0;33mW (336) spi_flash: Detected size(4096k) larger than the size in the binary image header(2048k). Using the size in the binary image header.[0m
[0;33mW (349) ADC: legacy driver is deprecated, please migrate to `esp_adc/adc_oneshot.h`[0m
[0;32mI (358) main_task: Started on CPU0[0m
[0;32mI (368) main_task: Calling app_main()[0m
[0;32mI (368) timestamp: Initializing SNTP[0m

assert failed: tcpip_callback /IDF/components/lwip/lwip/src/api/tcpip.c:313 (Invalid mbox)


Backtrace: 0x400816ae:0x3ffb56c0 0x40085929:0x3ffb56e0 0x4008b3b1:0x3ffb5700 0x400d9de6:0x3ffb5820 0x400d9d94:0x3ffb5840 0x400d61e7:0x3ffb5860 0x400d5f0f:0x3ffb5880 0x400fba47:0x3ffb58b0 0x4008618d:0x3ffb58e0




ELF file SHA256: 03a3875e3

Rebooting...
ets Jul 29 2019 12:21:46

rst:0xc (SW_CPU_RESET),boot:0x13 (SPI_FAST_FLASH_BOOT)
configsip: 0, SPIWP:0xee
clk_drv:0x00,q_drv:0x00,d_drv:0x00,cs0_drv:0x00,hd_drv:0x00,wp_drv:0x00
mode:DIO, clock div:2
load:0x3fff0030,len:7172
load:0x40078000,len:15540
load:0x40080400,len:4
ho 8 tail 4 room 4
load:0x40080404,len:3904
entry 0x40080640
[0;32mI (31) boot: ESP-IDF v5.2.1-dirty 2nd stage bootloader[0m
[0;32mI (31) boot: compile time May 12 2024 00:01:43[0m
[0;32mI (31) boot: Multicore bootloader[0m
[0;32mI (36) boot: chip revision: v3.1[0m
[0;32mI (40) boot.esp32: SPI Speed      : 40MHz[0m
[0;32mI (44) boot.esp32: SPI Mode       : DIO[0m
[0;32mI (49) boot.esp32: SPI Flash Size : 2MB[0m
[0;32mI (53) boot: Enabling RNG early entropy source...[0m
[0;32mI (59) boot: Partition Table:[0m
[0;32mI (62) boot: ## Label            Usage          Type ST Offset   Length[0m
[0;32mI (70) boot:  0 nvs              WiFi data        01 02 00009000 00006000[0m
[0;32mI (77) boot:  1 phy_init         RF data          01 01 0000f000 00001000[0m
[0;32mI (84) boot:  2 factory          factory app      00 00 00010000 00100000[0m
[0;32mI (92) boot: End of partition table[0m
[0;32mI (96) esp_image: segment 0: paddr=00010020 vaddr=3f400020 size=0cc50h ( 52304) map[0m
[0;32mI (123) esp_image: segment 1: paddr=0001cc78 vaddr=3ffb0000 size=0228ch (  8844) load[0m
[0;32mI (126) esp_image: segment 2: paddr=0001ef0c vaddr=40080000 size=0110ch (  4364) load[0m
[0;32mI (130) esp_image: segment 3: paddr=00020020 vaddr=400d0020 size=2c24ch (180812) map[0m
[0;32mI (199) esp_image: segment 4: paddr=0004c274 vaddr=4008110c size=0b7ech ( 47084) load[0m
[0;32mI (224) boot: Loaded app from partition at offset 0x10000[0m
[0;32mI (224) boot: Disabling RNG early entropy source...[0m
[0;32mI (235) cpu_start: Multicore app[0m
[0;32mI (244) cpu_start: Pro cpu start user code[0m
[0;32mI (244) cpu_start: cpu freq: 160000000 Hz[0m
[0;32mI (244) cpu_start: Application information:[0m
[0;32mI (247) cpu_start: Project name:     http_request[0m
[0;32mI (253) cpu_start: App version:      e92c574-dirty[0m
[0;32mI (258) cpu_start: Compile time:     May 12 2024 00:01:23[0m
[0;32mI (264) cpu_start: ELF file SHA256:  03a3875e3...[0m
[0;32mI (270) cpu_start: ESP-IDF:          v5.2.1-dirty[0m
[0;32mI (275) cpu_start: Min chip rev:     v0.0[0m
[0;32mI (280) cpu_start: Max chip rev:     v3.99 [0m
[0;32mI (284) cpu_start: Chip rev:         v3.1[0m
[0;32mI (290) heap_init: Initializing. RAM available for dynamic allocation:[0m
[0;32mI (297) heap_init: At 3FFAE6E0 len 00001920 (6 KiB): DRAM[0m
[0;32mI (302) heap_init: At 3FFB35B0 len 0002CA50 (178 KiB): DRAM[0m
[0;32mI (309) heap_init: At 3FFE0440 len 00003AE0 (14 KiB): D/IRAM[0m
[0;32mI (315) heap_init: At 3FFE4350 len 0001BCB0 (111 KiB): D/IRAM[0m
[0;32mI (322) heap_init: At 4008C8F8 len 00013708 (77 KiB): IRAM[0m
[0;32mI (329) spi_flash: detected chip: generic[0m
[0;32mI (332) spi_flash: flash io: dio[0m
[0;33mW (336) spi_flash: Detected size(4096k) larger than the size in the binary image header(2048k). Using the size in the binary image header.[0m
[0;33mW (349) ADC: legacy driver is deprecated, please migrate to `esp_adc/adc_oneshot.h`[0m
[0;32mI (358) main_task: Started on CPU0[0m
[0;32mI (368) main_task: Calling app_main()[0m
[0;32mI (368) timestamp: Initializing SNTP[0m

assert failed: tcpip_callback /IDF/components/lwip/lwip/src/api/tcpip.c:313 (Invalid mbox)


Backtrace: 0x400816ae:0x3ffb56c0 0x40085929:0x3ffb56e0 0x4008b3b1:0x3ffb5700 0x400d9de6:0x3ffb5820 0x400d9d94:0x3ffb5840 0x400d61e7:0x3ffb5860 0x400d5f0f:0x3ffb5880 0x400fba47:0x3ffb58b0 0x4008618d:0x3ffb58e0




ELF file SHA256: 03a3875e3

Rebooting...
ets Jul 29 2019 12:21:46

rst:0xc (SW_CPU_RESET),boot:0x13 (SPI_FAST_FLASH_BOOT)
configsip: 0, SPIWP:0xee
clk_drv:0x00,q_drv:0x00,d_drv:0x00,cs0_drv:0x00,hd_drv:0x00,wp_drv:0x00
mode:DIO, clock div:2
load:0x3fff0030,len:7172
load:0x40078000,len:15540
load:0x40080400,len:4
ho 8 tail 4 room 4
load:0x40080404,len:3904
entry 0x40080640
[0;32mI (31) boot: ESP-IDF v5.2.1-dirty 2nd stage bootloader[0m
[0;32mI (31) boot: compile time May 12 2024 00:01:43[0m
[0;32mI (31) boot: Multicore bootloader[0m
[0;32mI (36) boot: chip revision: v3.1[0m
[0;32mI (40) boot.esp32: SPI Speed      : 40MHz[0m
[0;32mI (44) boot.esp32: SPI Mode       : DIO[0m
[0;32mI (49) boot.esp32: SPI Flash Size : 2MB[0m
[0;32mI (53) boot: Enabling RNG early entropy source...[0m
[0;32mI (59) boot: Partition Table:[0m
[0;32mI (62) boot: ## Label            Usage          Type ST Offset   Length[0m
[0;32mI (70) boot:  0 nvs              WiFi data        01 02 00009000 00006000[0m
[0;32mI (77) boot:  1 phy_init         RF data          01 01 0000f000 00001000[0m
[0;32mI (84) boot:  2 factory          factory app      00 00 00010000 00100000[0m
[0;32mI (92) boot: End of partition table[0m
[0;32mI (96) esp_image: segment 0: paddr=00010020 vaddr=3f400020 size=0cc50h ( 52304) map[0m
[0;32mI (123) esp_image: segment 1: paddr=0001cc78 vaddr=3ffb0000 size=0228ch (  8844) load[0m
[0;32mI (126) esp_image: segment 2: paddr=0001ef0c vaddr=40080000 size=0110ch (  4364) load[0m
[0;32mI (130) esp_image: segment 3: paddr=00020020 vaddr=400d0020 size=2c24ch (180812) map[0m
[0;32mI (199) esp_image: segment 4: paddr=0004c274 vaddr=4008110c size=0b7ech ( 47084) load[0m
[0;32mI (224) boot: Loaded app from partition at offset 0x10000[0m
[0;32mI (224) boot: Disabling RNG early entropy source...[0m
[0;32mI (235) cpu_start: Multicore app[0m
[0;32mI (244) cpu_start: Pro cpu start user code[0m
[0;32mI (244) cpu_start: cpu freq: 160000000 Hz[0m
[0;32mI (244) cpu_start: Application information:[0m
[0;32mI (247) cpu_start: Project name:     http_request[0m
[0;32mI (253) cpu_start: App version:      e92c574-dirty[0m
[0;32mI (258) cpu_start: Compile time:     May 12 2024 00:01:23[0m
[0;32mI (264) cpu_start: ELF file SHA256:  03a3875e3...[0m
[0;32mI (270) cpu_start: ESP-IDF:          v5.2.1-dirty[0m
[0;32mI (275) cpu_start: Min chip rev:     v0.0[0m
[0;32mI (280) cpu_start: Max chip rev:     v3.99 [0m
[0;32mI (284) cpu_start: Chip rev:         v3.1[0m
[0;32mI (290) heap_init: Initializing. RAM available for dynamic allocation:[0m
[0;32mI (297) heap_init: At 3FFAE6E0 len 00001920 (6 KiB): DRAM[0m
[0;32mI (302) heap_init: At 3FFB35B0 len 0002CA50 (178 KiB): DRAM[0m
[0;32mI (309) heap_init: At 3FFE0440 len 00003AE0 (14 KiB): D/IRAM[0m
[0;32mI (315) heap_init: At 3FFE4350 len 0001BCB0 (111 KiB): D/IRAM[0m
[0;32mI (322) heap_init: At 4008C8F8 len 00013708 (77 KiB): IRAM[0m
[0;32mI (329) spi_flash: detected chip: generic[0m
[0;32mI (332) spi_flash: flash io: dio[0m
[0;33mW (336) spi_flash: Detected size(4096k) larger than the size in the binary image header(2048k). Using the size in the binary image header.[0m
[0;33mW (349) ADC: legacy driver is deprecated, please migrate to `esp_adc/adc_oneshot.h`[0m
[0;32mI (358) main_task: Started on CPU0[0m
[0;32mI (368) main_task: Calling app_main()[0m
[0;32mI (368) timestamp: Initializing SNTP[0m

assert failed: tcpip_callback /IDF/components/lwip/lwip/src/api/tcpip.c:313 (Invalid mbox)


Backtrace: 0x400816ae:0x3ffb56c0 0x40085929:0x3ffb56e0 0x4008b3b1:0x3ffb5700 0x400d9de6:0x3ffb5820 0x400d9d94:0x3ffb5840 0x400d61e7:0x3ffb5860 0x400d5f0f:0x3ffb5880 0x400fba47:0x3ffb58b0 0x4008618d:0x3ffb58e0




ELF file SHA256: 03a3875e3

Rebooting...
ets Jul 29 2019 12:21:46

rst:0xc (SW_CPU_RESET),boot:0x13 (SPI_FAST_FLASH_BOOT)
configsip: 0, SPIWP:0xee
clk_drv:0x00,q_drv:0x00,d_drv:0x00,cs0_drv:0x00,hd_drv:0x00,wp_drv:0x00
mode:DIO, clock div:2
load:0x3fff0030,len:7172
load:0x40078000,len:15540
load:0x40080400,len:4
ho 8 tail 4 room 4
load:0x40080404,len:3904
entry 0x40080640
[0;32mI (31) boot: ESP-IDF v5.2.1-dirty 2nd stage bootloader[0m
[0;32mI (31) boot: compile time May 12 2024 00:01:43[0m
[0;32mI (31) boot: Multicore bootloader[0m
[0;32mI (36) boot: chip revision: v3.1[0m
[0;32mI (40) boot.esp32: SPI Speed      : 40MHz[0m
[0;32mI (44) boot.esp32: SPI Mode       : DIO[0m
[0;32mI (49) boot.esp32: SPI Flash Size : 2MB[0m
[0;32mI (53) boot: Enabling RNG early entropy source...[0m
[0;32mI (59) boot: Partition Table:[0m
[0;32mI (62) boot: ## Label            Usage          Type ST Offset   Length[0m
[0;32mI (70) boot:  0 nvs              WiFi data        01 02 00009000 00006000[0m
[0;32mI (77) boot:  1 phy_init         RF data          01 01 0000f000 00001000[0m
[0;32mI (84) boot:  2 factory          factory app      00 00 00010000 00100000[0m
[0;32mI (92) boot: End of partition table[0m
[0;32mI (96) esp_image: segment 0: paddr=00010020 vaddr=3f400020 size=0cc50h ( 52304) map[0m
[0;32mI (123) esp_image: segment 1: paddr=0001cc78 vaddr=3ffb0000 size=0228ch (  8844) load[0m
[0;32mI (126) esp_image: segment 2: paddr=0001ef0c vaddr=40080000 size=0110ch (  4364) load[0m
[0;32mI (130) esp_image: segment 3: paddr=00020020 vaddr=400d0020 size=2c24ch (180812) map[0m
[0;32mI (199) esp_image: segment 4: paddr=0004c274 vaddr=4008110c size=0b7ech ( 47084) load[0m
[0;32mI (224) boot: Loaded app from partition at offset 0x10000[0m
[0;32mI (224) boot: Disabling RNG early entropy source...[0m
[0;32mI (235) cpu_start: Multicore app[0m
[0;32mI (244) cpu_start: Pro cpu start user code[0m
[0;32mI (244) cpu_start: cpu freq: 160000000 Hz[0m
[0;32mI (244) cpu_start: Application information:[0m
[0;32mI (247) cpu_start: Project name:     http_request[0m
[0;32mI (253) cpu_start: App version:      e92c574-dirty[0m
[0;32mI (258) cpu_start: Compile time:     May 12 2024 00:01:23[0m
[0;32mI (264) cpu_start: ELF file SHA256:  03a3875e3...[0m
[0;32mI (270) cpu_start: ESP-IDF:          v5.2.1-dirty[0m
[0;32mI (275) cpu_start: Min chip rev:     v0.0[0m
[0;32mI (280) cpu_start: Max chip rev:     v3.99 [0m
[0;32mI (284) cpu_start: Chip rev:         v3.1[0m
[0;32mI (289) heap_init: Initializing. RAM available for dynamic allocation:[0m
[0;32mI (297) heap_init: At 3FFAE6E0 len 00001920 (6 KiB): DRAM[0m
[0;32mI (302) heap_init: At 3FFB35B0 len 0002CA50 (178 KiB): DRAM[0m
[0;32mI (309) heap_init: At 3FFE0440 len 00003AE0 (14 KiB): D/IRAM[0m
[0;32mI (315) heap_init: At 3FFE4350 len 0001BCB0 (111 KiB): D/IRAM[0m
[0;32mI (322) heap_init: At 4008C8F8 len 00013708 (77 KiB): IRAM[0m
[0;32mI (329) spi_flash: detected chip: generic[0m
[0;32mI (332) spi_flash: flash io: dio[0m
[0;33mW (336) spi_flash: Detected size(4096k) larger than the size in the binary image header(2048k). Using the size in the binary image header.[0m
[0;33mW (349) ADC: legacy driver is deprecated, please migrate to `esp_adc/adc_oneshot.h`[0m
[0;32mI (358) main_task: Started on CPU0[0m
[0;32mI (368) main_task: Calling app_main()[0m
[0;32mI (368) timestamp: Initializing SNTP[0m

assert failed: tcpip_callback /IDF/components/lwip/lwip/src/api/tcpip.c:313 (Invalid mbox)


Backtrace: 0x400816ae:0x3ffb56c0 0x40085929:0x3ffb56e0 0x4008b3b1:0x3ffb5700 0x400d9de6:0x3ffb5820 0x400d9d94:0x3ffb5840 0x400d61e7:0x3ffb5860 0x400d5f0f:0x3ffb5880 0x400fba47:0x3ffb58b0 0x4008618d:0x3ffb58e0




ELF file SHA256: 03a3875e3

Rebooting...
ets Jul 29 2019 12:21:46

rst:0xc (SW_CPU_RESET),boot:0x13 (SPI_FAST_FLASH_BOOT)
configsip: 0, SPIWP:0xee
clk_drv:0x00,q_drv:0x00,d_drv:0x00,cs0_drv:0x00,hd_drv:0x00,wp_drv:0x00
mode:DIO, clock div:2
load:0x3fff0030,len:7172
load:0x40078000,len:15540
load:0x40080400,len:4
ho 8 tail 4 room 4
load:0x40080404,len:3904
entry 0x40080640
[0;32mI (31) boot: ESP-IDF v5.2.1-dirty 2nd stage bootloader[0m
[0;32mI (31) boot: compile time May 12 2024 00:01:43[0m
[0;32mI (31) boot: Multicore bootloader[0m
[0;32mI (36) boot: chip revision: v3.1[0m
[0;32mI (40) boot.esp32: SPI Speed      : 40MHz[0m
[0;32mI (44) boot.esp32: SPI Mode       : DIO[0m
[0;32mI (49) boot.esp32: SPI Flash Size : 2MB[0m
[0;32mI (53) boot: Enabling RNG early entropy source...[0m
[0;32mI (59) boot: Partition Table:[0m
[0;32mI (62) boot: ## Label            Usage          Type ST Offset   Length[0m
[0;32mI (70) boot:  0 nvs              WiFi data        01 02 00009000 00006000[0m
[0;32mI (77) boot:  1 phy_init         RF data          01 01 0000f000 00001000[0m
[0;32mI (84) boot:  2 factory          factory app      00 00 00010000 00100000[0m
[0;32mI (92) boot: End of partition table[0m
[0;32mI (96) esp_image: segment 0: paddr=00010020 vaddr=3f400020 size=0cc50h ( 52304) map[0m
[0;32mI (123) esp_image: segment 1: paddr=0001cc78 vaddr=3ffb0000 size=0228ch (  8844) load[0m
[0;32mI (126) esp_image: segment 2: paddr=0001ef0c vaddr=40080000 size=0110ch (  4364) load[0m
[0;32mI (130) esp_image: segment 3: paddr=00020020 vaddr=400d0020 size=2c24ch (180812) map[0m
[0;32mI (199) esp_image: segment 4: paddr=0004c274 vaddr=4008110c size=0b7ech ( 47084) load[0m
[0;32mI (224) boot: Loaded app from partition at offset 0x10000[0m
[0;32mI (224) boot: Disabling RNG early entropy source...[0m
[0;32mI (235) cpu_start: Multicore app[0m
[0;32mI (244) cpu_start: Pro cpu start user code[0m
[0;32mI (244) cpu_start: cpu freq: 160000000 Hz[0m
[0;32mI (244) cpu_start: Application information:[0m
[0;32mI (247) cpu_start: Project name:     http_request[0m
[0;32mI (253) cpu_start: App version:      e92c574-dirty[0m
[0;32mI (258) cpu_start: Compile time:     May 12 2024 00:01:23[0m
[0;32mI (264) cpu_start: ELF file SHA256:  03a3875e3...[0m
[0;32mI (270) cpu_start: ESP-IDF:          v5.2.1-dirty[0m
[0;32mI (275) cpu_start: Min chip rev:     v0.0[0m
[0;32mI (280) cpu_start: Max chip rev:     v3.99 [0m
[0;32mI (284) cpu_start: Chip rev:         v3.1[0m
[0;32mI (289) heap_init: Initializing. RAM available for dynamic allocation:[0m
[0;32mI (297) heap_init: At 3FFAE6E0 len 00001920 (6 KiB): DRAM[0m
[0;32mI (302) heap_init: At 3FFB35B0 len 0002CA50 (178 KiB): DRAM[0m
[0;32mI (309) heap_init: At 3FFE0440 len 00003AE0 (14 KiB): D/IRAM[0m
[0;32mI (315) heap_init: At 3FFE4350 len 0001BCB0 (111 KiB): D/IRAM[0m
[0;32mI (322) heap_init: At 4008C8F8 len 00013708 (77 KiB): IRAM[0m
[0;32mI (329) spi_flash: detected chip: generic[0m
[0;32mI (332) spi_flash: flash io: dio[0m
[0;33mW (336) spi_flash: Detected size(4096k) larger than the size in the binary image header(2048k). Using the size in the binary image header.[0m
[0;33mW (349) ADC: legacy driver is deprecated, please migrate to `esp_adc/adc_oneshot.h`[0m
[0;32mI (358) main_task: Started on CPU0[0m
[0;32mI (368) main_task: Calling app_main()[0m
[0;32mI (368) timestamp: Initializing SNTP[0m

assert failed: tcpip_callback /IDF/components/lwip/lwip/src/api/tcpip.c:313 (Invalid mbox)


Backtrace: 0x400816ae:0x3ffb56c0 0x40085929:0x3ffb56e0 0x4008b3b1:0x3ffb5700 0x400d9de6:0x3ffb5820 0x400d9d94:0x3ffb5840 0x400d61e7:0x3ffb5860 0x400d5f0f:0x3ffb5880 0x400fba47:0x3ffb58b0 0x4008618d:0x3ffb58e0




ELF file SHA256: 03a3875e3

Rebooting...
ets Jul 29 2019 12:21:46

rst:0xc (SW_CPU_RESET),boot:0x13 (SPI_FAST_FLASH_BOOT)
configsip: 0, SPIWP:0xee
clk_drv:0x00,q_drv:0x00,d_drv:0x00,cs0_drv:0x00,hd_drv:0x00,wp_drv:0x00
mode:DIO, clock div:2
load:0x3fff0030,len:7172
load:0x40078000,len:15540
load:0x40080400,len:4
ho 8 tail 4 room 4
load:0x40080404,len:3904
entry 0x40080640
[0;32mI (31) boot: ESP-IDF v5.2.1-dirty 2nd stage bootloader[0m
[0;32mI (31) boot: compile time May 12 2024 00:01:43[0m
[0;32mI (31) boot: Multicore bootloader[0m
[0;32mI (36) boot: chip revision: v3.1[0m
[0;32mI (40) boot.esp32: SPI Speed      : 40MHz[0m
[0;32mI (44) boot.esp32: SPI Mode       : DIO[0m
[0;32mI (49) boot.esp32: SPI Flash Size : 2MB[0m
[0;32mI (53) boot: Enabling RNG early entropy source...[0m
[0;32mI (59) boot: Partition Table:[0m
[0;32mI (62) boot: ## Label            Usage          Type ST Offset   Length[0m
[0;32mI (70) boot:  0 nvs              WiFi data        01 02 00009000 00006000[0m
[0;32mI (77) boot:  1 phy_init         RF data          01 01 0000f000 00001000[0m
[0;32mI (84) boot:  2 factory          factory app      00 00 00010000 00100000[0m
[0;32mI (92) boot: End of partition table[0m
[0;32mI (96) esp_image: segment 0: paddr=00010020 vaddr=3f400020 size=0cc50h ( 52304) map[0m
[0;32mI (123) esp_image: segment 1: paddr=0001cc78 vaddr=3ffb0000 size=0228ch (  8844) load[0m
[0;32mI (126) esp_image: segment 2: paddr=0001ef0c vaddr=40080000 size=0110ch (  4364) load[0m
[0;32mI (130) esp_image: segment 3: paddr=00020020 vaddr=400d0020 size=2c24ch (180812) map[0m
[0;32mI (199) esp_image: segment 4: paddr=0004c274 vaddr=4008110c size=0b7ech ( 47084) load[0m
[0;32mI (224) boot: Loaded app from partition at offset 0x10000[0m
[0;32mI (224) boot: Disabling RNG early entropy source...[0m
[0;32mI (235) cpu_start: Multicore app[0m
[0;32mI (244) cpu_start: Pro cpu start user code[0m
[0;32mI (244) cpu_start: cpu freq: 160000000 Hz[0m
[0;32mI (244) cpu_start: Application information:[0m
[0;32mI (247) cpu_start: Project name:     http_request[0m
[0;32mI (253) cpu_start: App version:      e92c574-dirty[0m
[0;32mI (258) cpu_start: Compile time:     May 12 2024 00:01:23[0m
[0;32mI (264) cpu_start: ELF file SHA256:  03a3875e3...[0m
[0;32mI (270) cpu_start: ESP-IDF:          v5.2.1-dirty[0m
[0;32mI (275) cpu_start: Min chip rev:     v0.0[0m
[0;32mI (280) cpu_start: Max chip rev:     v3.99 [0m
[0;32mI (284) cpu_start: Chip rev:         v3.1[0m
[0;32mI (290) heap_init: Initializing. RAM available for dynamic allocation:[0m
[0;32mI (297) heap_init: At 3FFAE6E0 len 00001920 (6 KiB): DRAM[0m
[0;32mI (302) heap_init: At 3FFB35B0 len 0002CA50 (178 KiB): DRAM[0m
[0;32mI (309) heap_init: At 3FFE0440 len 00003AE0 (14 KiB): D/IRAM[0m
[0;32mI (315) heap_init: At 3FFE4350 len 0001BCB0 (111 KiB): D/IRAM[0m
[0;32mI (322) heap_init: At 4008C8F8 len 00013708 (77 KiB): IRAM[0m
[0;32mI (329) spi_flash: detected chip: generic[0m
[0;32mI (332) spi_flash: flash io: dio[0m
[0;33mW (336) spi_flash: Detected size(4096k) larger than the size in the binary image header(2048k). Using the size in the binary image header.[0m
[0;33mW (349) ADC: legacy driver is deprecated, please migrate to `esp_adc/adc_oneshot.h`[0m
[0;32mI (358) main_task: Started on CPU0[0m
[0;32mI (368) main_task: Calling app_main()[0m
[0;32mI (368) timestamp: Initializing SNTP[0m

assert failed: tcpip_callback /IDF/components/lwip/lwip/src/api/tcpip.c:313 (Invalid mbox)


Backtrace: 0x400816ae:0x3ffb56c0 0x40085929:0x3ffb56e0 0x4008b3b1:0x3ffb5700 0x400d9de6:0x3ffb5820 0x400d9d94:0x3ffb5840 0x400d61e7:0x3ffb5860 0x400d5f0f:0x3ffb5880 0x400fba47:0x3ffb58b0 0x4008618d:0x3ffb58e0




ELF file SHA256: 03a3875e3

Rebooting...
ets Jul 29 2019 12:21:46

rst:0xc (SW_CPU_RESET),boot:0x13 (SPI_FAST_FLASH_BOOT)
configsip: 0, SPIWP:0xee
clk_drv:0x00,q_drv:0x00,d_drv:0x00,cs0_drv:0x00,hd_drv:0x00,wp_drv:0x00
mode:DIO, clock div:2
load:0x3fff0030,len:7172
load:0x40078000,len:15540
load:0x40080400,len:4
ho 8 tail 4 room 4
load:0x40080404,len:3904
entry 0x40080640
[0;32mI (31) boot: ESP-IDF v5.2.1-dirty 2nd stage bootloader[0m
[0;32mI (31) boot: compile time May 12 2024 00:01:43[0m
[0;32mI (31) boot: Multicore bootloader[0m
[0;32mI (36) boot: chip revision: v3.1[0m
[0;32mI (40) boot.esp32: SPI Speed      : 40MHz[0m
[0;32mI (44) boot.esp32: SPI Mode       : DIO[0m
[0;32mI (49) boot.esp32: SPI Flash Size : 2MB[0m
[0;32mI (53) boot: Enabling RNG early entropy source...[0m
[0;32mI (59) boot: Partition Table:[0m
[0;32mI (62) boot: ## Label            Usage          Type ST Offset   Length[0m
[0;32mI (70) boot:  0 nvs              WiFi data        01 02 00009000 00006000[0m
[0;32mI (77) boot:  1 phy_init         RF data          01 01 0000f000 00001000[0m
[0;32mI (84) boot:  2 factory          factory app      00 00 00010000 00100000[0m
[0;32mI (92) boot: End of partition table[0m
[0;32mI (96) esp_image: segment 0: paddr=00010020 vaddr=3f400020 size=0cc50h ( 52304) map[0m
[0;32mI (123) esp_image: segment 1: paddr=0001cc78 vaddr=3ffb0000 size=0228ch (  8844) load[0m
[0;32mI (126) esp_image: segment 2: paddr=0001ef0c vaddr=40080000 size=0110ch (  4364) load[0m
[0;32mI (130) esp_image: segment 3: paddr=00020020 vaddr=400d0020 size=2c24ch (180812) map[0m
[0;32mI (199) esp_image: segment 4: paddr=0004c274 vaddr=4008110c size=0b7ech ( 47084) load[0m
[0;32mI (224) boot: Loaded app from partition at offset 0x10000[0m
[0;32mI (224) boot: Disabling RNG early entropy source...[0m
[0;32mI (235) cpu_start: Multicore app[0m
[0;32mI (244) cpu_start: Pro cpu start user code[0m
[0;32mI (244) cpu_start: cpu freq: 160000000 Hz[0m
[0;32mI (244) cpu_start: Application information:[0m
[0;32mI (247) cpu_start: Project name:     http_request[0m
[0;32mI (253) cpu_start: App version:      e92c574-dirty[0m
[0;32mI (258) cpu_start: Compile time:     May 12 2024 00:01:23[0m
[0;32mI (264) cpu_start: ELF file SHA256:  03a3875e3...[0m
[0;32mI (270) cpu_start: ESP-IDF:          v5.2.1-dirty[0m
[0;32mI (275) cpu_start: Min chip rev:     v0.0[0m
[0;32mI (280) cpu_start: Max chip rev:     v3.99 [0m
[0;32mI (284) cpu_start: Chip rev:         v3.1[0m
[0;32mI (289) heap_init: Initializing. RAM available for dynamic allocation:[0m
[0;32mI (297) heap_init: At 3FFAE6E0 len 00001920 (6 KiB): DRAM[0m
[0;32mI (302) heap_init: At 3FFB35B0 len 0002CA50 (178 KiB): DRAM[0m
[0;32mI (309) heap_init: At 3FFE0440 len 00003AE0 (14 KiB): D/IRAM[0m
[0;32mI (315) heap_init: At 3FFE4350 len 0001BCB0 (111 KiB): D/IRAM[0m
[0;32mI (322) heap_init: At 4008C8F8 len 00013708 (77 KiB): IRAM[0m
[0;32mI (329) spi_flash: detected chip: generic[0m
[0;32mI (332) spi_flash: flash io: dio[0m
[0;33mW (336) spi_flash: Detected size(4096k) larger than the size in the binary image header(2048k). Using the size in the binary image header.[0m
[0;33mW (349) ADC: legacy driver is deprecated, please migrate to `esp_adc/adc_oneshot.h`[0m
[0;32mI (358) main_task: Started on CPU0[0m
[0;32mI (368) main_task: Calling app_main()[0m
[0;32mI (368) timestamp: Initializing SNTP[0m

assert failed: tcpip_callback /IDF/components/lwip/lwip/src/api/tcpip.c:313 (Invalid mbox)


Backtrace: 0x400816ae:0x3ffb56c0 0x40085929:0x3ffb56e0 0x4008b3b1:0x3ffb5700 0x400d9de6:0x3ffb5820 0x400d9d94:0x3ffb5840 0x400d61e7:0x3ffb5860 0x400d5f0f:0x3ffb5880 0x400fba47:0x3ffb58b0 0x4008618d:0x3ffb58e0




ELF file SHA256: 03a3875e3

Rebooting...
ets Jul 29 2019 12:21:46

rst:0xc (SW_CPU_RESET),boot:0x13 (SPI_FAST_FLASH_BOOT)
configsip: 0, SPIWP:0xee
clk_drv:0x00,q_drv:0x00,d_drv:0x00,cs0_drv:0x00,hd_drv:0x00,wp_drv:0x00
mode:DIO, clock div:2
load:0x3fff0030,len:7172
load:0x40078000,len:15540
load:0x40080400,len:4
ho 8 tail 4 room 4
load:0x40080404,len:3904
entry 0x40080640
[0;32mI (31) boot: ESP-IDF v5.2.1-dirty 2nd stage bootloader[0m
[0;32mI (31) boot: compile time May 12 2024 00:01:43[0m
[0;32mI (31) boot: Multicore bootloader[0m
[0;32mI (36) boot: chip revision: v3.1[0m
[0;32mI (40) boot.esp32: SPI Speed      : 40MHz[0m
[0;32mI (44) boot.esp32: SPI Mode       : DIO[0m
[0;32mI (49) boot.esp32: SPI Flash Size : 2MB[0m
[0;32mI (53) boot: Enabling RNG early entropy source...[0m
[0;32mI (59) boot: Partition Table:[0m
[0;32mI (62) boot: ## Label            Usage          Type ST Offset   Length[0m
[0;32mI (70) boot:  0 nvs              WiFi data        01 02 00009000 00006000[0m
[0;32mI (77) boot:  1 phy_init         RF data          01 01 0000f000 00001000[0m
[0;32mI (84) boot:  2 factory          factory app      00 00 00010000 00100000[0m
[0;32mI (92) boot: End of partition table[0m
[0;32mI (96) esp_image: segment 0: paddr=00010020 vaddr=3f400020 size=0cc50h ( 52304) map[0m
[0;32mI (123) esp_image: segment 1: paddr=0001cc78 vaddr=3ffb0000 size=0228ch (  8844) load[0m
[0;32mI (126) esp_image: segment 2: paddr=0001ef0c vaddr=40080000 size=0110ch (  4364) load[0m
[0;32mI (130) esp_image: segment 3: paddr=00020020 vaddr=400d0020 size=2c24ch (180812) map[0m
[0;32mI (199) esp_image: segment 4: paddr=0004c274 vaddr=4008110c size=0b7ech ( 47084) load[0m
[0;32mI (224) boot: Loaded app from partition at offset 0x10000[0m
[0;32mI (224) boot: Disabling RNG early entropy source...[0m
[0;32mI (235) cpu_start: Multicore app[0m
[0;32mI (244) cpu_start: Pro cpu start user code[0m
[0;32mI (244) cpu_start: cpu freq: 160000000 Hz[0m
[0;32mI (244) cpu_start: Application information:[0m
[0;32mI (247) cpu_start: Project name:     http_request[0m
[0;32mI (253) cpu_start: App version:      e92c574-dirty[0m
[0;32mI (258) cpu_start: Compile time:     May 12 2024 00:01:23[0m
[0;32mI (264) cpu_start: ELF file SHA256:  03a3875e3...[0m
[0;32mI (270) cpu_start: ESP-IDF:          v5.2.1-dirty[0m
[0;32mI (275) cpu_start: Min chip rev:     v0.0[0m
[0;32mI (280) cpu_start: Max chip rev:     v3.99 [0m
[0;32mI (284) cpu_start: Chip rev:         v3.1[0m
[0;32mI (290) heap_init: Initializing. RAM available for dynamic allocation:[0m
[0;32mI (297) heap_init: At 3FFAE6E0 len 00001920 (6 KiB): DRAM[0m
[0;32mI (302) heap_init: At 3FFB35B0 len 0002CA50 (178 KiB): DRAM[0m
[0;32mI (309) heap_init: At 3FFE0440 len 00003AE0 (14 KiB): D/IRAM[0m
[0;32mI (315) heap_init: At 3FFE4350 len 0001BCB0 (111 KiB): D/IRAM[0m
[0;32mI (322) heap_init: At 4008C8F8 len 00013708 (77 KiB): IRAM[0m
[0;32mI (329) spi_flash: detected chip: generic[0m
[0;32mI (332) spi_flash: flash io: dio[0m
[0;33mW (336) spi_flash: Detected size(4096k) larger than the size in the binary image header(2048k). Using the size in the binary image header.[0m
[0;33mW (349) ADC: legacy driver is deprecated, please migrate to `esp_adc/adc_oneshot.h`[0m
[0;32mI (358) main_task: Started on CPU0[0m
[0;32mI (368) main_task: Calling app_main()[0m
[0;32mI (368) timestamp: Initializing SNTP[0m

assert failed: tcpip_callback /IDF/components/lwip/lwip/src/api/tcpip.c:313 (Invalid mbox)


Backtrace: 0x400816ae:0x3ffb56c0 0x40085929:0x3ffb56e0 0x4008b3b1:0x3ffb5700 0x400d9de6:0x3ffb5820 0x400d9d94:0x3ffb5840 0x400d61e7:0x3ffb5860 0x400d5f0f:0x3ffb5880 0x400fba47:0x3ffb58b0 0x4008618d:0x3ffb58e0




ELF file SHA256: 03a3875e3

Rebooting...
ets Jul 29 2019 12:21:46

rst:0xc (SW_CPU_RESET),boot:0x13 (SPI_FAST_FLASH_BOOT)
configsip: 0, SPIWP:0xee
clk_drv:0x00,q_drv:0x00,d_drv:0x00,cs0_drv:0x00,hd_drv:0x00,wp_drv:0x00
mode:DIO, clock div:2
load:0x3fff0030,len:7172
load:0x40078000,len:15540
load:0x40080400,len:4
ho 8 tail 4 room 4
load:0x40080404,len:3904
entry 0x40080640
[0;32mI (31) boot: ESP-IDF v5.2.1-dirty 2nd stage bootloader[0m
[0;32mI (31) boot: compile time May 12 2024 00:01:43[0m
[0;32mI (31) boot: Multicore bootloader[0m
[0;32mI (36) boot: chip revision: v3.1[0m
[0;32mI (40) boot.esp32: SPI Speed      : 40MHz[0m
[0;32mI (44) boot.esp32: SPI Mode       : DIO[0m
[0;32mI (49) boot.esp32: SPI Flash Size : 2MB[0m
[0;32mI (53) boot: Enabling RNG early entropy source...[0m
[0;32mI (59) boot: Partition Table:[0m
[0;32mI (62) boot: ## Label            Usage          Type ST Offset   Length[0m
[0;32mI (70) boot:  0 nvs              WiFi data        01 02 00009000 00006000[0m
[0;32mI (77) boot:  1 phy_init         RF data          01 01 0000f000 00001000[0m
[0;32mI (84) boot:  2 factory          factory app      00 00 00010000 00100000[0m
[0;32mI (92) boot: End of partition table[0m
[0;32mI (96) esp_image: segment 0: paddr=00010020 vaddr=3f400020 size=0cc50h ( 52304) map[0m
[0;32mI (123) esp_image: segment 1: paddr=0001cc78 vaddr=3ffb0000 size=0228ch (  8844) load[0m
[0;32mI (126) esp_image: segment 2: paddr=0001ef0c vaddr=40080000 size=0110ch (  4364) load[0m
[0;32mI (130) esp_image: segment 3: paddr=00020020 vaddr=400d0020 size=2c24ch (180812) map[0m
[0;32mI (199) esp_image: segment 4: paddr=0004c274 vaddr=4008110c size=0b7ech ( 47084) load[0m
[0;32mI (224) boot: Loaded app from partition at offset 0x10000[0m
[0;32mI (224) boot: Disabling RNG early entropy source...[0m
[0;32mI (235) cpu_start: Multicore app[0m
[0;32mI (244) cpu_start: Pro cpu start user code[0m
[0;32mI (244) cpu_start: cpu freq: 160000000 Hz[0m
[0;32mI (244) cpu_start: Application information:[0m
[0;32mI (247) cpu_start: Project name:     http_request[0m
[0;32mI (253) cpu_start: App version:      e92c574-dirty[0m
[0;32mI (258) cpu_start: Compile time:     May 12 2024 00:01:23[0m
[0;32mI (264) cpu_start: ELF file SHA256:  03a3875e3...[0m
[0;32mI (270) cpu_start: ESP-IDF:          v5.2.1-dirty[0m
[0;32mI (275) cpu_start: Min chip rev:     v0.0[0m
[0;32mI (280) cpu_start: Max chip rev:     v3.99 [0m
[0;32mI (284) cpu_start: Chip rev:         v3.1[0m
[0;32mI (290) heap_init: Initializing. RAM available for dynamic allocation:[0m
[0;32mI (297) heap_init: At 3FFAE6E0 len 00001920 (6 KiB): DRAM[0m
[0;32mI (302) heap_init: At 3FFB35B0 len 0002CA50 (178 KiB): DRAM[0m
[0;32mI (309) heap_init: At 3FFE0440 len 00003AE0 (14 KiB): D/IRAM[0m
[0;32mI (315) heap_init: At 3FFE4350 len 0001BCB0 (111 KiB): D/IRAM[0m
[0;32mI (322) heap_init: At 4008C8F8 len 00013708 (77 KiB): IRAM[0m
[0;32mI (329) spi_flash: detected chip: generic[0m
[0;32mI (332) spi_flash: flash io: dio[0m
[0;33mW (336) spi_flash: Detected size(4096k) larger than the size in the binary image header(2048k). Using the size in the binary image header.[0m
[0;33mW (349) ADC: legacy driver is deprecated, please migrate to `esp_adc/adc_oneshot.h`[0m
[0;32mI (358) main_task: Started on CPU0[0m
[0;32mI (368) main_task: Calling app_main()[0m
[0;32mI (368) timestamp: Initializing SNTP[0m

assert failed: tcpip_callback /IDF/components/lwip/lwip/src/api/tcpip.c:313 (Invalid mbox)


Backtrace: 0x400816ae:0x3ffb56c0 0x40085929:0x3ffb56e0 0x4008b3b1:0x3ffb5700 0x400d9de6:0x3ffb5820 0x400d9d94:0x3ffb5840 0x400d61e7:0x3ffb5860 0x400d5f0f:0x3ffb5880 0x400fba47:0x3ffb58b0 0x4008618d:0x3ffb58e0




ELF file SHA256: 03a3875e3

Rebooting...
ets Jul 29 2019 12:21:46

rst:0xc (SW_CPU_RESET),boot:0x13 (SPI_FAST_FLASH_BOOT)
configsip: 0, SPIWP:0xee
clk_drv:0x00,q_drv:0x00,d_drv:0x00,cs0_drv:0x00,hd_drv:0x00,wp_drv:0x00
mode:DIO, clock div:2
load:0x3fff0030,len:7172
load:0x40078000,len:15540
load:0x40080400,len:4
ho 8 tail 4 room 4
load:0x40080404,len:3904
entry 0x40080640
[0;32mI (31) boot: ESP-IDF v5.2.1-dirty 2nd stage bootloader[0m
[0;32mI (31) boot: compile time May 12 2024 00:01:43[0m
[0;32mI (31) boot: Multicore bootloader[0m
[0;32mI (36) boot: chip revision: v3.1[0m
[0;32mI (40) boot.esp32: SPI Speed      : 40MHz[0m
[0;32mI (44) boot.esp32: SPI Mode       : DIO[0m
[0;32mI (49) boot.esp32: SPI Flash Size : 2MB[0m
[0;32mI (53) boot: Enabling RNG early entropy source...[0m
[0;32mI (59) boot: Partition Table:[0m
[0;32mI (62) boot: ## Label            Usage          Type ST Offset   Length[0m
[0;32mI (70) boot:  0 nvs              WiFi data        01 02 00009000 00006000[0m
[0;32mI (77) boot:  1 phy_init         RF data          01 01 0000f000 00001000[0m
[0;32mI (84) boot:  2 factory          factory app      00 00 00010000 00100000[0m
[0;32mI (92) boot: End of partition table[0m
[0;32mI (96) esp_image: segment 0: paddr=00010020 vaddr=3f400020 size=0cc50h ( 52304) map[0m
[0;32mI (123) esp_image: segment 1: paddr=0001cc78 vaddr=3ffb0000 size=0228ch (  8844) load[0m
[0;32mI (126) esp_image: segment 2: paddr=0001ef0c vaddr=40080000 size=0110ch (  4364) load[0m
[0;32mI (130) esp_image: segment 3: paddr=00020020 vaddr=400d0020 size=2c24ch (180812) map[0m
[0;32mI (199) esp_image: segment 4: paddr=0004c274 vaddr=4008110c size=0b7ech ( 47084) load[0m
[0;32mI (224) boot: Loaded app from partition at offset 0x10000[0m
[0;32mI (224) boot: Disabling RNG early entropy source...[0m
[0;32mI (235) cpu_start: Multicore app[0m
[0;32mI (244) cpu_start: Pro cpu start user code[0m
[0;32mI (244) cpu_start: cpu freq: 160000000 Hz[0m
[0;32mI (244) cpu_start: Application information:[0m
[0;32mI (247) cpu_start: Project name:     http_request[0m
[0;32mI (253) cpu_start: App version:      e92c574-dirty[0m
[0;32mI (258) cpu_start: Compile time:     May 12 2024 00:01:23[0m
[0;32mI (264) cpu_start: ELF file SHA256:  03a3875e3...[0m
[0;32mI (270) cpu_start: ESP-IDF:          v5.2.1-dirty[0m
[0;32mI (275) cpu_start: Min chip rev:     v0.0[0m
[0;32mI (280) cpu_start: Max chip rev:     v3.99 [0m
[0;32mI (284) cpu_start: Chip rev:         v3.1[0m
[0;32mI (289) heap_init: Initializing. RAM available for dynamic allocation:[0m
[0;32mI (297) heap_init: At 3FFAE6E0 len 00001920 (6 KiB): DRAM[0m
[0;32mI (302) heap_init: At 3FFB35B0 len 0002CA50 (178 KiB): DRAM[0m
[0;32mI (309) heap_init: At 3FFE0440 len 00003AE0 (14 KiB): D/IRAM[0m
[0;32mI (315) heap_init: At 3FFE4350 len 0001BCB0 (111 KiB): D/IRAM[0m
[0;32mI (322) heap_init: At 4008C8F8 len 00013708 (77 KiB): IRAM[0m
[0;32mI (329) spi_flash: detected chip: generic[0m
[0;32mI (332) spi_flash: flash io: dio[0m
[0;33mW (336) spi_flash: Detected size(4096k) larger than the size in the binary image header(2048k). Using the size in the binary image header.[0m
[0;33mW (349) ADC: legacy driver is deprecated, please migrate to `esp_adc/adc_oneshot.h`[0m
[0;32mI (358) main_task: Started on CPU0[0m
[0;32mI (368) main_task: Calling app_main()[0m
[0;32mI (368) timestamp: Initializing SNTP[0m

assert failed: tcpip_callback /IDF/components/lwip/lwip/src/api/tcpip.c:313 (Invalid mbox)


Backtrace: 0x400816ae:0x3ffb56c0 0x40085929:0x3ffb56e0 0x4008b3b1:0x3ffb5700 0x400d9de6:0x3ffb5820 0x400d9d94:0x3ffb5840 0x400d61e7:0x3ffb5860 0x400d5f0f:0x3ffb5880 0x400fba47:0x3ffb58b0 0x4008618d:0x3ffb58e0




ELF file SHA256: 03a3875e3

Rebooting...
ets Jul 29 2019 12:21:46

rst:0xc (SW_CPU_RESET),boot:0x13 (SPI_FAST_FLASH_BOOT)
configsip: 0, SPIWP:0xee
clk_drv:0x00,q_drv:0x00,d_drv:0x00,cs0_drv:0x00,hd_drv:0x00,wp_drv:0x00
mode:DIO, clock div:2
load:0x3fff0030,len:7172
load:0x40078000,len:15540
load:0x40080400,len:4
ho 8 tail 4 room 4
load:0x40080404,len:3904
entry 0x40080640
[0;32mI (31) boot: ESP-IDF v5.2.1-dirty 2nd stage bootloader[0m
[0;32mI (31) boot: compile time May 12 2024 00:01:43[0m
[0;32mI (31) boot: Multicore bootloader[0m
[0;32mI (36) boot: chip revision: v3.1[0m
[0;32mI (40) boot.esp32: SPI Speed      : 40MHz[0m
[0;32mI (44) boot.esp32: SPI Mode       : DIO[0m
[0;32mI (49) boot.esp32: SPI Flash Size : 2MB[0m
[0;32mI (53) boot: Enabling RNG early entropy source...[0m
[0;32mI (59) boot: Partition Table:[0m
[0;32mI (62) boot: ## Label            Usage          Type ST Offset   Length[0m
[0;32mI (70) boot:  0 nvs              WiFi data        01 02 00009000 00006000[0m
[0;32mI (77) boot:  1 phy_init         RF data          01 01 0000f000 00001000[0m
[0;32mI (84) boot:  2 factory          factory app      00 00 00010000 00100000[0m
[0;32mI (92) boot: End of partition table[0m
[0;32mI (96) esp_image: segment 0: paddr=00010020 vaddr=3f400020 size=0cc50h ( 52304) map[0m
[0;32mI (123) esp_image: segment 1: paddr=0001cc78 vaddr=3ffb0000 size=0228ch (  8844) load[0m
[0;32mI (126) esp_image: segment 2: paddr=0001ef0c vaddr=40080000 size=0110ch (  4364) load[0m
[0;32mI (130) esp_image: segment 3: paddr=00020020 vaddr=400d0020 size=2c24ch (180812) map[0m
[0;32mI (199) esp_image: segment 4: paddr=0004c274 vaddr=4008110c size=0b7ech ( 47084) load[0m
[0;32mI (224) boot: Loaded app from partition at offset 0x10000[0m
[0;32mI (224) boot: Disabling RNG early entropy source...[0m
[0;32mI (235) cpu_start: Multicore app[0m
[0;32mI (244) cpu_start: Pro cpu start user code[0m
[0;32mI (244) cpu_start: cpu freq: 160000000 Hz[0m
[0;32mI (244) cpu_start: Application information:[0m
[0;32mI (247) cpu_start: Project name:     http_request[0m
[0;32mI (253) cpu_start: App version:      e92c574-dirty[0m
[0;32mI (258) cpu_start: Compile time:     May 12 2024 00:01:23[0m
[0;32mI (264) cpu_start: ELF file SHA256:  03a3875e3...[0m
[0;32mI (270) cpu_start: ESP-IDF:          v5.2.1-dirty[0m
[0;32mI (275) cpu_start: Min chip rev:     v0.0[0m
[0;32mI (280) cpu_start: Max chip rev:     v3.99 [0m
[0;32mI (284) cpu_start: Chip rev:         v3.1[0m
[0;32mI (290) heap_init: Initializing. RAM available for dynamic allocation:[0m
[0;32mI (297) heap_init: At 3FFAE6E0 len 00001920 (6 KiB): DRAM[0m
[0;32mI (302) heap_init: At 3FFB35B0 len 0002CA50 (178 KiB): DRAM[0m
[0;32mI (309) heap_init: At 3FFE0440 len 00003AE0 (14 KiB): D/IRAM[0m
[0;32mI (315) heap_init: At 3FFE4350 len 0001BCB0 (111 KiB): D/IRAM[0m
[0;32mI (322) heap_init: At 4008C8F8 len 00013708 (77 KiB): IRAM[0m
[0;32mI (329) spi_flash: detected chip: generic[0m
[0;32mI (332) spi_flash: flash io: dio[0m
[0;33mW (336) spi_flash: Detected size(4096k) larger than the size in the binary image header(2048k). Using the size in the binary image header.[0m
[0;33mW (349) ADC: legacy driver is deprecated, please migrate to `esp_adc/adc_oneshot.h`[0m
[0;32mI (358) main_task: Started on CPU0[0m
[0;32mI (368) main_task: Calling app_main()[0m
[0;32mI (368) timestamp: Initializing SNTP[0m

assert failed: tcpip_callback /IDF/components/lwip/lwip/src/api/tcpip.c:313 (Invalid mbox)


Backtrace: 0x400816ae:0x3ffb56c0 0x40085929:0x3ffb56e0 0x4008b3b1:0x3ffb5700 0x400d9de6:0x3ffb5820 0x400d9d94:0x3ffb5840 0x400d61e7:0x3ffb5860 0x400d5f0f:0x3ffb5880 0x400fba47:0x3ffb58b0 0x4008618d:0x3ffb58e0




ELF file SHA256: 03a3875e3

Rebooting...
ets Jul 29 2019 12:21:46

rst:0xc (SW_CPU_RESET),boot:0x13 (SPI_FAST_FLASH_BOOT)
configsip: 0, SPIWP:0xee
clk_drv:0x00,q_drv:0x00,d_drv:0x00,cs0_drv:0x00,hd_drv:0x00,wp_drv:0x00
mode:DIO, clock div:2
load:0x3fff0030,len:7172
load:0x40078000,len:15540
load:0x40080400,len:4
ho 8 tail 4 room 4
load:0x40080404,len:3904
entry 0x40080640
[0;32mI (31) boot: ESP-IDF v5.2.1-dirty 2nd stage bootloader[0m
[0;32mI (31) boot: compile time May 12 2024 00:01:43[0m
[0;32mI (31) boot: Multicore bootloader[0m
[0;32mI (36) boot: chip revision: v3.1[0m
[0;32mI (40) boot.esp32: SPI Speed      : 40MHz[0m
[0;32mI (44) boot.esp32: SPI Mode       : DIO[0m
[0;32mI (49) boot.esp32: SPI Flash Size : 2MB[0m
[0;32mI (53) boot: Enabling RNG early entropy source...[0m
[0;32mI (59) boot: Partition Table:[0m
[0;32mI (62) boot: ## Label            Usage          Type ST Offset   Length[0m
[0;32mI (70) boot:  0 nvs              WiFi data        01 02 00009000 00006000[0m
[0;32mI (77) boot:  1 phy_init         RF data          01 01 0000f000 00001000[0m
[0;32mI (84) boot:  2 factory          factory app      00 00 00010000 00100000[0m
[0;32mI (92) boot: End of partition table[0m
[0;32mI (96) esp_image: segment 0: paddr=00010020 vaddr=3f400020 size=0cc50h ( 52304) map[0m
[0;32mI (123) esp_image: segment 1: paddr=0001cc78 vaddr=3ffb0000 size=0228ch (  8844) load[0m
[0;32mI (126) esp_image: segment 2: paddr=0001ef0c vaddr=40080000 size=0110ch (  4364) load[0m
[0;32mI (130) esp_image: segment 3: paddr=00020020 vaddr=400d0020 size=2c24ch (180812) map[0m
[0;32mI (199) esp_image: segment 4: paddr=0004c274 vaddr=4008110c size=0b7ech ( 47084) load[0m
[0;32mI (224) boot: Loaded app from partition at offset 0x10000[0m
[0;32mI (224) boot: Disabling RNG early entropy source...[0m
[0;32mI (235) cpu_start: Multicore app[0m
[0;32mI (244) cpu_start: Pro cpu start user code[0m
[0;32mI (244) cpu_start: cpu freq: 160000000 Hz[0m
[0;32mI (244) cpu_start: Application information:[0m
[0;32mI (247) cpu_start: Project name:     http_request[0m
[0;32mI (253) cpu_start: App version:      e92c574-dirty[0m
[0;32mI (258) cpu_start: Compile time:     May 12 2024 00:01:23[0m
[0;32mI (264) cpu_start: ELF file SHA256:  03a3875e3...[0m
[0;32mI (270) cpu_start: ESP-IDF:          v5.2.1-dirty[0m
[0;32mI (275) cpu_start: Min chip rev:     v0.0[0m
[0;32mI (280) cpu_start: Max chip rev:     v3.99 [0m
[0;32mI (284) cpu_start: Chip rev:         v3.1[0m
[0;32mI (289) heap_init: Initializing. RAM available for dynamic allocation:[0m
[0;32mI (297) heap_init: At 3FFAE6E0 len 00001920 (6 KiB): DRAM[0m
[0;32mI (302) heap_init: At 3FFB35B0 len 0002CA50 (178 KiB): DRAM[0m
[0;32mI (309) heap_init: At 3FFE0440 len 00003AE0 (14 KiB): D/IRAM[0m
[0;32mI (315) heap_init: At 3FFE4350 len 0001BCB0 (111 KiB): D/IRAM[0m
[0;32mI (322) heap_init: At 4008C8F8 len 00013708 (77 KiB): IRAM[0m
[0;32mI (329) spi_flash: detected chip: generic[0m
[0;32mI (332) spi_flash: flash io: dio[0m
[0;33mW (336) spi_flash: Detected size(4096k) larger than the size in the binary image header(2048k). Using the size in the binary image header.[0m
[0;33mW (349) ADC: legacy driver is deprecated, please migrate to `esp_adc/adc_oneshot.h`[0m
[0;32mI (358) main_task: Started on CPU0[0m
[0;32mI (368) main_task: Calling app_main()[0m
[0;32mI (368) timestamp: Initializing SNTP[0m

assert failed: tcpip_callback /IDF/components/lwip/lwip/src/api/tcpip.c:313 (Invalid mbox)


Backtrace: 0x400816ae:0x3ffb56c0 0x40085929:0x3ffb56e0 0x4008b3b1:0x3ffb5700 0x400d9de6:0x3ffb5820 0x400d9d94:0x3ffb5840 0x400d61e7:0x3ffb5860 0x400d5f0f:0x3ffb5880 0x400fba47:0x3ffb58b0 0x4008618d:0x3ffb58e0




ELF file SHA256: 03a3875e3

Rebooting...
ets Jul 29 2019 12:21:46

rst:0xc (SW_CPU_RESET),boot:0x13 (SPI_FAST_FLASH_BOOT)
configsip: 0, SPIWP:0xee
clk_drv:0x00,q_drv:0x00,d_drv:0x00,cs0_drv:0x00,hd_drv:0x00,wp_drv:0x00
mode:DIO, clock div:2
load:0x3fff0030,len:7172
load:0x40078000,len:15540
load:0x40080400,len:4
ho 8 tail 4 room 4
load:0x40080404,len:3904
entry 0x40080640
[0;32mI (31) boot: ESP-IDF v5.2.1-dirty 2nd stage bootloader[0m
[0;32mI (31) boot: compile time May 12 2024 00:01:43[0m
[0;32mI (31) boot: Multicore bootloader[0m
[0;32mI (36) boot: chip revision: v3.1[0m
[0;32mI (40) boot.esp32: SPI Speed      : 40MHz[0m
[0;32mI (44) boot.esp32: SPI Mode       : DIO[0m
[0;32mI (49) boot.esp32: SPI Flash Size : 2MB[0m
[0;32mI (53) boot: Enabling RNG early entropy source...[0m
[0;32mI (59) boot: Partition Table:[0m
[0;32mI (62) boot: ## Label            Usage          Type ST Offset   Length[0m
[0;32mI (70) boot:  0 nvs              WiFi data        01 02 00009000 00006000[0m
[0;32mI (77) boot:  1 phy_init         RF data          01 01 0000f000 00001000[0m
[0;32mI (84) boot:  2 factory          factory app      00 00 00010000 00100000[0m
[0;32mI (92) boot: End of partition table[0m
[0;32mI (96) esp_image: segment 0: paddr=00010020 vaddr=3f400020 size=0cc50h ( 52304) map[0m
[0;32mI (123) esp_image: segment 1: paddr=0001cc78 vaddr=3ffb0000 size=0228ch (  8844) load[0m
[0;32mI (126) esp_image: segment 2: paddr=0001ef0c vaddr=40080000 size=0110ch (  4364) load[0m
[0;32mI (130) esp_image: segment 3: paddr=00020020 vaddr=400d0020 size=2c24ch (180812) map[0m
[0;32mI (199) esp_image: segment 4: paddr=0004c274 vaddr=4008110c size=0b7ech ( 47084) load[0m
[0;32mI (224) boot: Loaded app from partition at offset 0x10000[0m
[0;32mI (224) boot: Disabling RNG early entropy source...[0m
[0;32mI (235) cpu_start: Multicore app[0m
[0;32mI (244) cpu_start: Pro cpu start user code[0m
[0;32mI (244) cpu_start: cpu freq: 160000000 Hz[0m
[0;32mI (244) cpu_start: Application information:[0m
[0;32mI (247) cpu_start: Project name:     http_request[0m
[0;32mI (253) cpu_start: App version:      e92c574-dirty[0m
[0;32mI (258) cpu_start: Compile time:     May 12 2024 00:01:23[0m
[0;32mI (264) cpu_start: ELF file SHA256:  03a3875e3...[0m
[0;32mI (270) cpu_start: ESP-IDF:          v5.2.1-dirty[0m
[0;32mI (275) cpu_start: Min chip rev:     v0.0[0m
[0;32mI (280) cpu_start: Max chip rev:     v3.99 [0m
[0;32mI (284) cpu_start: Chip rev:         v3.1[0m
[0;32mI (290) heap_init: Initializing. RAM available for dynamic allocation:[0m
[0;32mI (297) heap_init: At 3FFAE6E0 len 00001920 (6 KiB): DRAM[0m
[0;32mI (302) heap_init: At 3FFB35B0 len 0002CA50 (178 KiB): DRAM[0m
[0;32mI (309) heap_init: At 3FFE0440 len 00003AE0 (14 KiB): D/IRAM[0m
[0;32mI (315) heap_init: At 3FFE4350 len 0001BCB0 (111 KiB): D/IRAM[0m
[0;32mI (322) heap_init: At 4008C8F8 len 00013708 (77 KiB): IRAM[0m
[0;32mI (329) spi_flash: detected chip: generic[0m
[0;32mI (332) spi_flash: flash io: dio[0m
[0;33mW (336) spi_flash: Detected size(4096k) larger than the size in the binary image header(2048k). Using the size in the binary image header.[0m
[0;33mW (349) ADC: legacy driver is deprecated, please migrate to `esp_adc/adc_oneshot.h`[0m
[0;32mI (358) main_task: Started on CPU0[0m
[0;32mI (368) main_task: Calling app_main()[0m
[0;32mI (368) timestamp: Initializing SNTP[0m

assert failed: tcpip_callback /IDF/components/lwip/lwip/src/api/tcpip.c:313 (Invalid mbox)


Backtrace: 0x400816ae:0x3ffb56c0 0x40085929:0x3ffb56e0 0x4008b3b1:0x3ffb5700 0x400d9de6:0x3ffb5820 0x400d9d94:0x3ffb5840 0x400d61e7:0x3ffb5860 0x400d5f0f:0x3ffb5880 0x400fba47:0x3ffb58b0 0x4008618d:0x3ffb58e0




ELF file SHA256: 03a3875e3

Rebooting...
ets Jul 29 2019 12:21:46

rst:0xc (SW_CPU_RESET),boot:0x13 (SPI_FAST_FLASH_BOOT)
configsip: 0, SPIWP:0xee
clk_drv:0x00,q_drv:0x00,d_drv:0x00,cs0_drv:0x00,hd_drv:0x00,wp_drv:0x00
mode:DIO, clock div:2
load:0x3fff0030,len:7172
load:0x40078000,len:15540
load:0x40080400,len:4
ho 8 tail 4 room 4
load:0x40080404,len:3904
entry 0x40080640
[0;32mI (31) boot: ESP-IDF v5.2.1-dirty 2nd stage bootloader[0m
[0;32mI (31) boot: compile time May 12 2024 00:01:43[0m
[0;32mI (31) boot: Multicore bootloader[0m
[0;32mI (36) boot: chip revision: v3.1[0m
[0;32mI (40) boot.esp32: SPI Speed      : 40MHz[0m
[0;32mI (44) boot.esp32: SPI Mode       : DIO[0m
[0;32mI (49) boot.esp32: SPI Flash Size : 2MB[0m
[0;32mI (53) boot: Enabling RNG early entropy source...[0m
[0;32mI (59) boot: Partition Table:[0m
[0;32mI (62) boot: ## Label            Usage          Type ST Offset   Length[0m
[0;32mI (70) boot:  0 nvs              WiFi data        01 02 00009000 00006000[0m
[0;32mI (77) boot:  1 phy_init         RF data          01 01 0000f000 00001000[0m
[0;32mI (84) boot:  2 factory          factory app      00 00 00010000 00100000[0m
[0;32mI (92) boot: End of partition table[0m
[0;32mI (96) esp_image: segment 0: paddr=00010020 vaddr=3f400020 size=0cc50h ( 52304) map[0m
[0;32mI (123) esp_image: segment 1: paddr=0001cc78 vaddr=3ffb0000 size=0228ch (  8844) load[0m
[0;32mI (126) esp_image: segment 2: paddr=0001ef0c vaddr=40080000 size=0110ch (  4364) load[0m
[0;32mI (130) esp_image: segment 3: paddr=00020020 vaddr=400d0020 size=2c24ch (180812) map[0m
[0;32mI (199) esp_image: segment 4: paddr=0004c274 vaddr=4008110c size=0b7ech ( 47084) load[0m
[0;32mI (224) boot: Loaded app from partition at offset 0x10000[0m
[0;32mI (224) boot: Disabling RNG early entropy source...[0m
[0;32mI (235) cpu_start: Multicore app[0m
[0;32mI (244) cpu_start: Pro cpu start user code[0m
[0;32mI (244) cpu_start: cpu freq: 160000000 Hz[0m
[0;32mI (244) cpu_start: Application information:[0m
[0;32mI (247) cpu_start: Project name:     http_request[0m
[0;32mI (253) cpu_start: App version:      e92c574-dirty[0m
[0;32mI (258) cpu_start: Compile time:     May 12 2024 00:01:23[0m
[0;32mI (264) cpu_start: ELF file SHA256:  03a3875e3...[0m
[0;32mI (270) cpu_start: ESP-IDF:          v5.2.1-dirty[0m
[0;32mI (275) cpu_start: Min chip rev:     v0.0[0m
[0;32mI (280) cpu_start: Max chip rev:     v3.99 [0m
[0;32mI (284) cpu_start: Chip rev:         v3.1[0m
[0;32mI (290) heap_init: Initializing. RAM available for dynamic allocation:[0m
[0;32mI (297) heap_init: At 3FFAE6E0 len 00001920 (6 KiB): DRAM[0m
[0;32mI (302) heap_init: At 3FFB35B0 len 0002CA50 (178 KiB): DRAM[0m
[0;32mI (309) heap_init: At 3FFE0440 len 00003AE0 (14 KiB): D/IRAM[0m
[0;32mI (315) heap_init: At 3FFE4350 len 0001BCB0 (111 KiB): D/IRAM[0m
[0;32mI (322) heap_init: At 4008C8F8 len 00013708 (77 KiB): IRAM[0m
[0;32mI (329) spi_flash: detected chip: generic[0m
[0;32mI (332) spi_flash: flash io: dio[0m
[0;33mW (336) spi_flash: Detected size(4096k) larger than the size in the binary image header(2048k). Using the size in the binary image header.[0m
[0;33mW (349) ADC: legacy driver is deprecated, please migrate to `esp_adc/adc_oneshot.h`[0m
[0;32mI (358) main_task: Started on CPU0[0m
[0;32mI (368) main_task: Calling app_main()[0m
[0;32mI (368) timestamp: Initializing SNTP[0m

assert failed: tcpip_callback /IDF/components/lwip/lwip/src/api/tcpip.c:313 (Invalid mbox)


Backtrace: 0x400816ae:0x3ffb56c0 0x40085929:0x3ffb56e0 0x4008b3b1:0x3ffb5700 0x400d9de6:0x3ffb5820 0x400d9d94:0x3ffb5840 0x400d61e7:0x3ffb5860 0x400d5f0f:0x3ffb5880 0x400fba47:0x3ffb58b0 0x4008618d:0x3ffb58e0




ELF file SHA256: 03a3875e3

Rebooting...
ets Jul 29 2019 12:21:46

rst:0xc (SW_CPU_RESET),boot:0x13 (SPI_FAST_FLASH_BOOT)
configsip: 0, SPIWP:0xee
clk_drv:0x00,q_drv:0x00,d_drv:0x00,cs0_drv:0x00,hd_drv:0x00,wp_drv:0x00
mode:DIO, clock div:2
load:0x3fff0030,len:7172
load:0x40078000,len:15540
load:0x40080400,len:4
ho 8 tail 4 room 4
load:0x40080404,len:3904
entry 0x40080640
[0;32mI (31) boot: ESP-IDF v5.2.1-dirty 2nd stage bootloader[0m
[0;32mI (31) boot: compile time May 12 2024 00:01:43[0m
[0;32mI (31) boot: Multicore bootloader[0m
[0;32mI (36) boot: chip revision: v3.1[0m
[0;32mI (40) boot.esp32: SPI Speed      : 40MHz[0m
[0;32mI (44) boot.esp32: SPI Mode       : DIO[0m
[0;32mI (49) boot.esp32: SPI Flash Size : 2MB[0m
[0;32mI (53) boot: Enabling RNG early entropy source...[0m
[0;32mI (59) boot: Partition Table:[0m
[0;32mI (62) boot: ## Label            Usage          Type ST Offset   Length[0m
[0;32mI (70) boot:  0 nvs              WiFi data        01 02 00009000 00006000[0m
[0;32mI (77) boot:  1 phy_init         RF data          01 01 0000f000 00001000[0m
[0;32mI (84) boot:  2 factory          factory app      00 00 00010000 00100000[0m
[0;32mI (92) boot: End of partition table[0m
[0;32mI (96) esp_image: segment 0: paddr=00010020 vaddr=3f400020 size=0cc50h ( 52304) map[0m
[0;32mI (123) esp_image: segment 1: paddr=0001cc78 vaddr=3ffb0000 size=0228ch (  8844) load[0m
[0;32mI (126) esp_image: segment 2: paddr=0001ef0c vaddr=40080000 size=0110ch (  4364) load[0m
[0;32mI (130) esp_image: segment 3: paddr=00020020 vaddr=400d0020 size=2c24ch (180812) map[0m
[0;32mI (199) esp_image: segment 4: paddr=0004c274 vaddr=4008110c size=0b7ech ( 47084) load[0m
[0;32mI (224) boot: Loaded app from partition at offset 0x10000[0m
[0;32mI (224) boot: Disabling RNG early entropy source...[0m
[0;32mI (235) cpu_start: Multicore app[0m
[0;32mI (244) cpu_start: Pro cpu start user code[0m
[0;32mI (244) cpu_start: cpu freq: 160000000 Hz[0m
[0;32mI (244) cpu_start: Application information:[0m
[0;32mI (247) cpu_start: Project name:     http_request[0m
[0;32mI (253) cpu_start: App version:      e92c574-dirty[0m
[0;32mI (258) cpu_start: Compile time:     May 12 2024 00:01:23[0m
[0;32mI (264) cpu_start: ELF file SHA256:  03a3875e3...[0m
[0;32mI (270) cpu_start: ESP-IDF:          v5.2.1-dirty[0m
[0;32mI (275) cpu_start: Min chip rev:     v0.0[0m
[0;32mI (280) cpu_start: Max chip rev:     v3.99 [0m
[0;32mI (284) cpu_start: Chip rev:         v3.1[0m
[0;32mI (290) heap_init: Initializing. RAM available for dynamic allocation:[0m
[0;32mI (297) heap_init: At 3FFAE6E0 len 00001920 (6 KiB): DRAM[0m
[0;32mI (302) heap_init: At 3FFB35B0 len 0002CA50 (178 KiB): DRAM[0m
[0;32mI (309) heap_init: At 3FFE0440 len 00003AE0 (14 KiB): D/IRAM[0m
[0;32mI (315) heap_init: At 3FFE4350 len 0001BCB0 (111 KiB): D/IRAM[0m
[0;32mI (322) heap_init: At 4008C8F8 len 00013708 (77 KiB): IRAM[0m
[0;32mI (329) spi_flash: detected chip: generic[0m
[0;32mI (332) spi_flash: flash io: dio[0m
[0;33mW (336) spi_flash: Detected size(4096k) larger than the size in the binary image header(2048k). Using the size in the binary image header.[0m
[0;33mW (349) ADC: legacy driver is deprecated, please migrate to `esp_adc/adc_oneshot.h`[0m
[0;32mI (358) main_task: Started on CPU0[0m
[0;32mI (368) main_task: Calling app_main()[0m
[0;32mI (368) timestamp: Initializing SNTP[0m

assert failed: tcpip_callback /IDF/components/lwip/lwip/src/api/tcpip.c:313 (Invalid mbox)


Backtrace: 0x400816ae:0x3ffb56c0 0x40085929:0x3ffb56e0 0x4008b3b1:0x3ffb5700 0x400d9de6:0x3ffb5820 0x400d9d94:0x3ffb5840 0x400d61e7:0x3ffb5860 0x400d5f0f:0x3ffb5880 0x400fba47:0x3ffb58b0 0x4008618d:0x3ffb58e0




ELF file SHA256: 03a3875e3

Rebooting...
ets Jul 29 2019 12:21:46

rst:0xc (SW_CPU_RESET),boot:0x13 (SPI_FAST_FLASH_BOOT)
configsip: 0, SPIWP:0xee
clk_drv:0x00,q_drv:0x00,d_drv:0x00,cs0_drv:0x00,hd_drv:0x00,wp_drv:0x00
mode:DIO, clock div:2
load:0x3fff0030,len:7172
load:0x40078000,len:15540
load:0x40080400,len:4
ho 8 tail 4 room 4
load:0x40080404,len:3904
entry 0x40080640
[0;32mI (31) boot: ESP-IDF v5.2.1-dirty 2nd stage bootloader[0m
[0;32mI (31) boot: compile time May 12 2024 00:01:43[0m
[0;32mI (31) boot: Multicore bootloader[0m
[0;32mI (36) boot: chip revision: v3.1[0m
[0;32mI (40) boot.esp32: SPI Speed      : 40MHz[0m
[0;32mI (44) boot.esp32: SPI Mode       : DIO[0m
[0;32mI (49) boot.esp32: SPI Flash Size : 2MB[0m
[0;32mI (53) boot: Enabling RNG early entropy source...[0m
[0;32mI (59) boot: Partition Table:[0m
[0;32mI (62) boot: ## Label            Usage          Type ST Offset   Length[0m
[0;32mI (70) boot:  0 nvs              WiFi data        01 02 00009000 00006000[0m
[0;32mI (77) boot:  1 phy_init         RF data          01 01 0000f000 00001000[0m
[0;32mI (84) boot:  2 factory          factory app      00 00 00010000 00100000[0m
[0;32mI (92) boot: End of partition table[0m
[0;32mI (96) esp_image: segment 0: paddr=00010020 vaddr=3f400020 size=0cc50h ( 52304) map[0m
[0;32mI (123) esp_image: segment 1: paddr=0001cc78 vaddr=3ffb0000 size=0228ch (  8844) load[0m
[0;32mI (126) esp_image: segment 2: paddr=0001ef0c vaddr=40080000 size=0110ch (  4364) load[0m
[0;32mI (130) esp_image: segment 3: paddr=00020020 vaddr=400d0020 size=2c24ch (180812) map[0m
[0;32mI (199) esp_image: segment 4: paddr=0004c274 vaddr=4008110c size=0b7ech ( 47084) load[0m
[0;32mI (224) boot: Loaded app from partition at offset 0x10000[0m
[0;32mI (224) boot: Disabling RNG early entropy source...[0m
[0;32mI (235) cpu_start: Multicore app[0m
[0;32mI (244) cpu_start: Pro cpu start user code[0m
[0;32mI (244) cpu_start: cpu freq: 160000000 Hz[0m
[0;32mI (244) cpu_start: Application information:[0m
[0;32mI (247) cpu_start: Project name:     http_request[0m
[0;32mI (253) cpu_start: App version:      e92c574-dirty[0m
[0;32mI (258) cpu_start: Compile time:     May 12 2024 00:01:23[0m
[0;32mI (264) cpu_start: ELF file SHA256:  03a3875e3...[0m
[0;32mI (270) cpu_start: ESP-IDF:          v5.2.1-dirty[0m
[0;32mI (275) cpu_start: Min chip rev:     v0.0[0m
[0;32mI (280) cpu_start: Max chip rev:     v3.99 [0m
[0;32mI (284) cpu_start: Chip rev:         v3.1[0m
[0;32mI (289) heap_init: Initializing. RAM available for dynamic allocation:[0m
[0;32mI (297) heap_init: At 3FFAE6E0 len 00001920 (6 KiB): DRAM[0m
[0;32mI (302) heap_init: At 3FFB35B0 len 0002CA50 (178 KiB): DRAM[0m
[0;32mI (309) heap_init: At 3FFE0440 len 00003AE0 (14 KiB): D/IRAM[0m
[0;32mI (315) heap_init: At 3FFE4350 len 0001BCB0 (111 KiB): D/IRAM[0m
[0;32mI (322) heap_init: At 4008C8F8 len 00013708 (77 KiB): IRAM[0m
[0;32mI (329) spi_flash: detected chip: generic[0m
[0;32mI (332) spi_flash: flash io: dio[0m
[0;33mW (336) spi_flash: Detected size(4096k) larger than the size in the binary image header(2048k). Using the size in the binary image header.[0m
[0;33mW (349) ADC: legacy driver is deprecated, please migrate to `esp_adc/adc_oneshot.h`[0m
[0;32mI (358) main_task: Started on CPU0[0m
[0;32mI (368) main_task: Calling app_main()[0m
[0;32mI (368) timestamp: Initializing SNTP[0m

assert failed: tcpip_callback /IDF/components/lwip/lwip/src/api/tcpip.c:313 (Invalid mbox)


Backtrace: 0x400816ae:0x3ffb56c0 0x40085929:0x3ffb56e0 0x4008b3b1:0x3ffb5700 0x400d9de6:0x3ffb5820 0x400d9d94:0x3ffb5840 0x400d61e7:0x3ffb5860 0x400d5f0f:0x3ffb5880 0x400fba47:0x3ffb58b0 0x4008618d:0x3ffb58e0




ELF file SHA256: 03a3875e3

Rebooting...
ets Jul 29 2019 12:21:46

rst:0xc (SW_CPU_RESET),boot:0x13 (SPI_FAST_FLASH_BOOT)
configsip: 0, SPIWP:0xee
clk_drv:0x00,q_drv:0x00,d_drv:0x00,cs0_drv:0x00,hd_drv:0x00,wp_drv:0x00
mode:DIO, clock div:2
load:0x3fff0030,len:7172
load:0x40078000,len:15540
load:0x40080400,len:4
ho 8 tail 4 room 4
load:0x40080404,len:3904
entry 0x40080640
[0;32mI (31) boot: ESP-IDF v5.2.1-dirty 2nd stage bootloader[0m
[0;32mI (31) boot: compile time May 12 2024 00:01:43[0m
[0;32mI (31) boot: Multicore bootloader[0m
[0;32mI (36) boot: chip revision: v3.1[0m
[0;32mI (40) boot.esp32: SPI Speed      : 40MHz[0m
[0;32mI (44) boot.esp32: SPI Mode       : DIO[0m
[0;32mI (49) boot.esp32: SPI Flash Size : 2MB[0m
[0;32mI (53) boot: Enabling RNG early entropy source...[0m
[0;32mI (59) boot: Partition Table:[0m
[0;32mI (62) boot: ## Label            Usage          Type ST Offset   Length[0m
[0;32mI (70) boot:  0 nvs              WiFi data        01 02 00009000 00006000[0m
[0;32mI (77) boot:  1 phy_init         RF data          01 01 0000f000 00001000[0m
[0;32mI (84) boot:  2 factory          factory app      00 00 00010000 00100000[0m
[0;32mI (92) boot: End of partition table[0m
[0;32mI (96) esp_image: segment 0: paddr=00010020 vaddr=3f400020 size=0cc50h ( 52304) map[0m
[0;32mI (123) esp_image: segment 1: paddr=0001cc78 vaddr=3ffb0000 size=0228ch (  8844) load[0m
[0;32mI (126) esp_image: segment 2: paddr=0001ef0c vaddr=40080000 size=0110ch (  4364) load[0m
[0;32mI (130) esp_image: segment 3: paddr=00020020 vaddr=400d0020 size=2c24ch (180812) map[0m
[0;32mI (199) esp_image: segment 4: paddr=0004c274 vaddr=4008110c size=0b7ech ( 47084) load[0m
[0;32mI (224) boot: Loaded app from partition at offset 0x10000[0m
[0;32mI (224) boot: Disabling RNG early entropy source...[0m
[0;32mI (235) cpu_start: Multicore app[0m
[0;32mI (244) cpu_start: Pro cpu start user code[0m
[0;32mI (244) cpu_start: cpu freq: 160000000 Hz[0m
[0;32mI (244) cpu_start: Application information:[0m
[0;32mI (247) cpu_start: Project name:     http_request[0m
[0;32mI (253) cpu_start: App version:      e92c574-dirty[0m
[0;32mI (258) cpu_start: Compile time:     May 12 2024 00:01:23[0m
[0;32mI (264) cpu_start: ELF file SHA256:  03a3875e3...[0m
[0;32mI (270) cpu_start: ESP-IDF:          v5.2.1-dirty[0m
[0;32mI (275) cpu_start: Min chip rev:     v0.0[0m
[0;32mI (280) cpu_start: Max chip rev:     v3.99 [0m
[0;32mI (284) cpu_start: Chip rev:         v3.1[0m
[0;32mI (289) heap_init: Initializing. RAM available for dynamic allocation:[0m
[0;32mI (297) heap_init: At 3FFAE6E0 len 00001920 (6 KiB): DRAM[0m
[0;32mI (302) heap_init: At 3FFB35B0 len 0002CA50 (178 KiB): DRAM[0m
[0;32mI (309) heap_init: At 3FFE0440 len 00003AE0 (14 KiB): D/IRAM[0m
[0;32mI (315) heap_init: At 3FFE4350 len 0001BCB0 (111 KiB): D/IRAM[0m
[0;32mI (322) heap_init: At 4008C8F8 len 00013708 (77 KiB): IRAM[0m
[0;32mI (329) spi_flash: detected chip: generic[0m
[0;32mI (332) spi_flash: flash io: dio[0m
[0;33mW (336) spi_flash: Detected size(4096k) larger than the size in the binary image header(2048k). Using the size in the binary image header.[0m
[0;33mW (349) ADC: legacy driver is deprecated, please migrate to `esp_adc/adc_oneshot.h`[0m
[0;32mI (358) main_task: Started on CPU0[0m
[0;32mI (368) main_task: Calling app_main()[0m
[0;32mI (368) timestamp: Initializing SNTP[0m

assert failed: tcpip_callback /IDF/components/lwip/lwip/src/api/tcpip.c:313 (Invalid mbox)


Backtrace: 0x400816ae:0x3ffb56c0 0x40085929:0x3ffb56e0 0x4008b3b1:0x3ffb5700 0x400d9de6:0x3ffb5820 0x400d9d94:0x3ffb5840 0x400d61e7:0x3ffb5860 0x400d5f0f:0x3ffb5880 0x400fba47:0x3ffb58b0 0x4008618d:0x3ffb58e0




ELF file SHA256: 03a3875e3

Rebooting...
ets Jul 29 2019 12:21:46

rst:0xc (SW_CPU_RESET),boot:0x13 (SPI_FAST_FLASH_BOOT)
configsip: 0, SPIWP:0xee
clk_drv:0x00,q_drv:0x00,d_drv:0x00,cs0_drv:0x00,hd_drv:0x00,wp_drv:0x00
mode:DIO, clock div:2
load:0x3fff0030,len:7172
load:0x40078000,len:15540
load:0x40080400,len:4
ho 8 tail 4 room 4
load:0x40080404,len:3904
entry 0x40080640
[0;32mI (31) boot: ESP-IDF v5.2.1-dirty 2nd stage bootloader[0m
[0;32mI (31) boot: compile time May 12 2024 00:01:43[0m
[0;32mI (31) boot: Multicore bootloader[0m
[0;32mI (36) boot: chip revision: v3.1[0m
[0;32mI (40) boot.esp32: SPI Speed      : 40MHz[0m
[0;32mI (44) boot.esp32: SPI Mode       : DIO[0m
[0;32mI (49) boot.esp32: SPI Flash Size : 2MB[0m
[0;32mI (53) boot: Enabling RNG early entropy source...[0m
[0;32mI (59) boot: Partition Table:[0m
[0;32mI (62) boot: ## Label            Usage          Type ST Offset   Length[0m
[0;32mI (70) boot:  0 nvs              WiFi data        01 02 00009000 00006000[0m
[0;32mI (77) boot:  1 phy_init         RF data          01 01 0000f000 00001000[0m
[0;32mI (84) boot:  2 factory          factory app      00 00 00010000 00100000[0m
[0;32mI (92) boot: End of partition table[0m
[0;32mI (96) esp_image: segment 0: paddr=00010020 vaddr=3f400020 size=0cc50h ( 52304) map[0m
[0;32mI (123) esp_image: segment 1: paddr=0001cc78 vaddr=3ffb0000 size=0228ch (  8844) load[0m
[0;32mI (126) esp_image: segment 2: paddr=0001ef0c vaddr=40080000 size=0110ch (  4364) load[0m
[0;32mI (130) esp_image: segment 3: paddr=00020020 vaddr=400d0020 size=2c24ch (180812) map[0m
[0;32mI (199) esp_image: segment 4: paddr=0004c274 vaddr=4008110c size=0b7ech ( 47084) load[0m
[0;32mI (224) boot: Loaded app from partition at offset 0x10000[0m
[0;32mI (224) boot: Disabling RNG early entropy source...[0m
[0;32mI (235) cpu_start: Multicore app[0m
[0;32mI (244) cpu_start: Pro cpu start user code[0m
[0;32mI (244) cpu_start: cpu freq: 160000000 Hz[0m
[0;32mI (244) cpu_start: Application information:[0m
[0;32mI (247) cpu_start: Project name:     http_request[0m
[0;32mI (253) cpu_start: App version:      e92c574-dirty[0m
[0;32mI (258) cpu_start: Compile time:     May 12 2024 00:01:23[0m
[0;32mI (264) cpu_start: ELF file SHA256:  03a3875e3...[0m
[0;32mI (270) cpu_start: ESP-IDF:          v5.2.1-dirty[0m
[0;32mI (275) cpu_start: Min chip rev:     v0.0[0m
[0;32mI (280) cpu_start: Max chip rev:     v3.99 [0m
[0;32mI (284) cpu_start: Chip rev:         v3.1[0m
[0;32mI (289) heap_init: Initializing. RAM available for dynamic allocation:[0m
[0;32mI (297) heap_init: At 3FFAE6E0 len 00001920 (6 KiB): DRAM[0m
[0;32mI (302) heap_init: At 3FFB35B0 len 0002CA50 (178 KiB): DRAM[0m
[0;32mI (309) heap_init: At 3FFE0440 len 00003AE0 (14 KiB): D/IRAM[0m
[0;32mI (315) heap_init: At 3FFE4350 len 0001BCB0 (111 KiB): D/IRAM[0m
[0;32mI (322) heap_init: At 4008C8F8 len 00013708 (77 KiB): IRAM[0m
[0;32mI (329) spi_flash: detected chip: generic[0m
[0;32mI (332) spi_flash: flash io: dio[0m
[0;33mW (336) spi_flash: Detected size(4096k) larger than the size in the binary image header(2048k). Using the size in the binary image header.[0m
[0;33mW (349) ADC: legacy driver is deprecated, please migrate to `esp_adc/adc_oneshot.h`[0m
[0;32mI (358) main_task: Started on CPU0[0m
[0;32mI (368) main_task: Calling app_main()[0m
[0;32mI (368) timestamp: Initializing SNTP[0m

assert failed: tcpip_callback /IDF/components/lwip/lwip/src/api/tcpip.c:313 (Invalid mbox)


Backtrace: 0x400816ae:0x3ffb56c0 0x40085929:0x3ffb56e0 0x4008b3b1:0x3ffb5700 0x400d9de6:0x3ffb5820 0x400d9d94:0x3ffb5840 0x400d61e7:0x3ffb5860 0x400d5f0f:0x3ffb5880 0x400fba47:0x3ffb58b0 0x4008618d:0x3ffb58e0




ELF file SHA256: 03a3875e3

Rebooting...
ets Jul 29 2019 12:21:46

rst:0xc (SW_CPU_RESET),boot:0x13 (SPI_FAST_FLASH_BOOT)
configsip: 0, SPIWP:0xee
clk_drv:0x00,q_drv:0x00,d_drv:0x00,cs0_drv:0x00,hd_drv:0x00,wp_drv:0x00
mode:DIO, clock div:2
load:0x3fff0030,len:7172
load:0x40078000,len:15540
load:0x40080400,len:4
ho 8 tail 4 room 4
load:0x40080404,len:3904
entry 0x40080640
[0;32mI (31) boot: ESP-IDF v5.2.1-dirty 2nd stage bootloader[0m
[0;32mI (31) boot: compile time May 12 2024 00:01:43[0m
[0;32mI (31) boot: Multicore bootloader[0m
