um: 32
I (643) wifi:Init dynamiï¿½ets Jul 29 2019 12:21:46

rst:0x1 (POWERON_RESET),boot:0x13 (SPI_FAST_FLASH_BOOT)
configsip: 0, SPIWP:0xee
clk_drv:0x00,q_drv:0x00,d_drv:0x00,cs0_drv:0x00,hd_drv:0x00,wp_drv:0x00
mode:DIO, clock div:2
load:0x3fff0030,len:7172
load:0x40078000,len:15540
load:0x40080400,len:4
ho 8 tail 4 room 4
load:0x40080404,len:3904
entry 0x40080640
[0;32mI (31) boot: ESP-IDF v5.2.1-dirty 2nd stage bootloader[0m
[0;32mI (31) boot: compile time May 12 2024 00:01:43[0m
[0;32mI (31) boot: Multicore bootloader[0m
[0;32mI (36) boot: chip revision: v3.1[0m
[0;32mI (40) boot.esp32: SPI Speed      : 40MHz[0m
[0;32mI (44) boot.esp32: SPI Mode       : DIO[0m
[0;32mI (49) boot.esp32: SPI Flash Size : 2MB[0m
[0;32mI (53) boot: Enabling RNG early entropy source...[0m
[0;32mI (59) boot: Partition Table:[0m
[0;32mI (62) boot: ## Label            Usage          Type ST Offset   Length[0m
[0;32mI (70) boot:  0 nvs              WiFi data        01 02 00009000 00006000[0m
[0;32mI (77) boot:  1 phy_init         RF data          01 01 0000f000 00001000[0m
[0;32mI (85) boot:  2 factory          factory app      00 00 00010000 00100000[0m
[0;32mI (92) boot: End of partition table[0m
[0;32mI (96) esp_image: segment 0: paddr=00010020 vaddr=3f400020 size=23a0ch (145932) map[0m
[0;32mI (155) esp_image: segment 1: paddr=00033a34 vaddr=3ffb0000 size=03c34h ( 15412) load[0m
[0;32mI (161) esp_image: segment 2: paddr=00037670 vaddr=40080000 size=089a8h ( 35240) load[0m
[0;32mI (175) esp_image: segment 3: paddr=00040020 vaddr=400d0020 size=8e32ch (582444) map[0m
[0;32mI (375) esp_image: segment 4: paddr=000ce354 vaddr=400889a8 size=0dcfch ( 56572) load[0m
[0;32mI (408) boot: Loaded app from partition at offset 0x10000[0m
[0;32mI (408) boot: Disabling RNG early entropy source...[0m
[0;32mI (420) cpu_start: Multicore app[0m
[0;32mI (429) cpu_start: Pro cpu start user code[0m
[0;32mI (429) cpu_start: cpu freq: 160000000 Hz[0m
[0;32mI (429) cpu_start: Application information:[0m
[0;32mI (432) cpu_start: Project name:     http_request[0m
[0;32mI (437) cpu_start: App version:      e92c574-dirty[0m
[0;32mI (443) cpu_start: Compile time:     May 12 2024 23:24:14[0m
[0;32mI (449) cpu_start: ELF file SHA256:  1f44da274...[0m
[0;32mI (454) cpu_start: ESP-IDF:          v5.2.1-dirty[0m
[0;32mI (459) cpu_start: Min chip rev:     v0.0[0m
[0;32mI (464) cpu_start: Max chip rev:     v3.99 [0m
[0;32mI (469) cpu_start: Chip rev:         v3.1[0m
[0;32mI (474) heap_init: Initializing. RAM available for dynamic allocation:[0m
[0;32mI (481) heap_init: At 3FFAE6E0 len 00001920 (6 KiB): DRAM[0m
[0;32mI (487) heap_init: At 3FFB82B8 len 00027D48 (159 KiB): DRAM[0m
[0;32mI (493) heap_init: At 3FFE0440 len 00003AE0 (14 KiB): D/IRAM[0m
[0;32mI (499) heap_init: At 3FFE4350 len 0001BCB0 (111 KiB): D/IRAM[0m
[0;32mI (506) heap_init: At 400966A4 len 0000995C (38 KiB): IRAM[0m
[0;32mI (514) spi_flash: detected chip: generic[0m
[0;32mI (517) spi_flash: flash io: dio[0m
[0;33mW (521) spi_flash: Detected size(4096k) larger than the size in the binary image header(2048k). Using the size in the binary image header.[0m
[0;33mW (534) ADC: legacy driver is deprecated, please migrate to `esp_adc/adc_oneshot.h`[0m
[0;32mI (543) main_task: Started on CPU0[0m
[0;32mI (553) main_task: Calling app_main()[0m
I (603) wifi:wifi driver task: 3ffc03f8, prio:23, stack:6656, core=0
I (623) wifi:wifi firmware version: a9f5b59
I (623) wifi:wifi certification version: v7.0
I (623) wifi:config NVS flash: enabled
I (623) wifi:config nano formating: disabled
I (633) wifi:Init data frame dynamic rx buffer num: 32
I (633) wifi:Init static rx mgmt buffer num: 5
I (633) wifi:Init management short buffer num: 32
I (643) wifi:Init dynamic tx buffer num: 32
I (643) wifi:Init static rx buffer size: 1600
I (653) wifi:Init static rx buffer num: 10
I (653) wifi:Init dynamic rx buffer num: 32
[0;32mI (663) wifi_init: rx ba win: 6[0m
[0;32mI (663) wifi_init: tcpip mbox: 32[0m
[0;32mI (663) wifi_init: udp mbox: 6[0m
[0;32mI (673) wifi_init: tcp mbox: 6[0m
[0;32mI (673) wifi_init: tcp tx win: 5760[0m
[0;32mI (673) wifi_init: tcp rx win: 5760[0m
[0;32mI (683) wifi_init: tcp mss: 1440[0m
[0;32mI (683) wifi_init: WiFi IRAM OP enabled[0m
[0;32mI (693) wifi_init: WiFi RX IRAM OP enabled[0m
[0;32mI (693) phy_init: phy_version 4791,2c4672b,Dec 20 2023,16:06:06[0m
I (793) wifi:mode : sta (b0:a7:32:28:4a:7c)
I (793) wifi:enable tsf
[0;32mI (793) wifi_connect: wifi_init_sta finished.[0m
[0;32mI (793) timestamp: Initializing SNTP[0m
Waiting for time set...
I (803) wifi:new:<11,0>, old:<1,0>, ap:<255,255>, sta:<11,0>, prof:1
I (803) wifi:state: init -> auth (b0)
I (813) wifi:state: auth -> assoc (0)
I (813) wifi:state: assoc -> run (10)
I (823) wifi:connected with Sv 2022, aid = 4, channel 11, BW20, bssid = 7c:a1:07:aa:c0:60
I (823) wifi:security: WPA2-PSK, phy: bgn, rssi: -54
I (833) wifi:pm start, type: 1

I (1003) wifi:AP's beacon interval = 204800 us, DTIM period = 1
Waiting for time set...
[0;32mI (1833) esp_netif_handlers: sta ip: 192.168.1.70, mask: 255.255.255.0, gw: 192.168.1.1[0m
Waiting for time set...
Waiting for time set...
I (4643) wifi:<ba-add>idx:0 (ifx:0, 7c:a1:07:aa:c0:60), tid:0, ssn:15, winSize:64
I (4643) wifi:<ba-add>idx:1 (ifx:0, 7c:a1:07:aa:c0:60), tid:7, ssn:6, winSize:64
Waiting for time set...
[0;32mI (5173) timestamp: Notification of a time synchronization event[0m
ESP_ERROR_CHECK failed: esp_err_t 0x103 (ESP_ERR_INVALID_STATE) at 0x400d6cb1
file: "./main/main.c" line 24
func: app_main
expression: esp_event_loop_create_default()

abort() was called at PC 0x400890fb on core 0


Backtrace: 0x400817d2:0x3ffba4a0 0x40089105:0x3ffba4c0 0x400908bd:0x3ffba4e0 0x400890fb:0x3ffba550 0x400d6cb1:0x3ffba580 0x4015c3bf:0x3ffba5b0 0x40089c11:0x3ffba5e0




ELF file SHA256: 1f44da274

Rebooting...
ets Jul 29 2019 12:21:46

rst:0xc (SW_CPU_RESET),boot:0x13 (SPI_FAST_FLASH_BOOT)
configsip: 0, SPIWP:0xee
clk_drv:0x00,q_drv:0x00,d_drv:0x00,cs0_drv:0x00,hd_drv:0x00,wp_drv:0x00
mode:DIO, clock div:2
load:0x3fff0030,len:7172
load:0x40078000,len:15540
load:0x40080400,len:4
ho 8 tail 4 room 4
load:0x40080404,len:3904
entry 0x40080640
[0;32mI (31) boot: ESP-IDF v5.2.1-dirty 2nd stage bootloader[0m
[0;32mI (31) boot: compile time May 12 2024 00:01:43[0m
[0;32mI (31) boot: Multicore bootloader[0m
[0;32mI (36) boot: chip revision: v3.1[0m
[0;32mI (40) boot.esp32: SPI Speed      : 40MHz[0m
[0;32mI (44) boot.esp32: SPI Mode       : DIO[0m
[0;32mI (49) boot.esp32: SPI Flash Size : 2MB[0m
[0;32mI (53) boot: Enabling RNG early entropy source...[0m
[0;32mI (59) boot: Partition Table:[0m
[0;32mI (62) boot: ## Label            Usage          Type ST Offset   Length[0m
[0;32mI (70) boot:  0 nvs              WiFi data        01 02 00009000 00006000[0m
[0;32mI (77) boot:  1 phy_init         RF data          01 01 0000f000 00001000[0m
[0;32mI (84) boot:  2 factory          factory app      00 00 00010000 00100000[0m
[0;32mI (92) boot: End of partition table[0m
[0;32mI (96) esp_image: segment 0: paddr=00010020 vaddr=3f400020 size=23a0ch (145932) map[0m
[0;32mI (155) esp_image: segment 1: paddr=00033a34 vaddr=3ffb0000 size=03c34h ( 15412) load[0m
[0;32mI (161) esp_image: segment 2: paddr=00037670 vaddr=40080000 size=089a8h ( 35240) load[0m
[0;32mI (175) esp_image: segment 3: paddr=00040020 vaddr=400d0020 size=8e32ch (582444) map[0m
[0;32mI (374) esp_image: segment 4: paddr=000ce354 vaddr=400889a8 size=0dcfch ( 56572) load[0m
[0;32mI (408) boot: Loaded app from partition at offset 0x10000[0m
[0;32mI (408) boot: Disabling RNG early entropy source...[0m
[0;32mI (420) cpu_start: Multicore app[0m
[0;32mI (428) cpu_start: Pro cpu start user code[0m
[0;32mI (429) cpu_start: cpu freq: 160000000 Hz[0m
[0;32mI (429) cpu_start: Application information:[0m
[0;32mI (432) cpu_start: Project name:     http_request[0m
[0;32mI (437) cpu_start: App version:      e92c574-dirty[0m
[0;32mI (442) cpu_start: Compile time:     May 12 2024 23:24:14[0m
[0;32mI (449) cpu_start: ELF file SHA256:  1f44da274...[0m
[0;32mI (454) cpu_start: ESP-IDF:          v5.2.1-dirty[0m
[0;32mI (459) cpu_start: Min chip rev:     v0.0[0m
[0;32mI (464) cpu_start: Max chip rev:     v3.99 [0m
[0;32mI (469) cpu_start: Chip rev:         v3.1[0m
[0;32mI (474) heap_init: Initializing. RAM available for dynamic allocation:[0m
[0;32mI (481) heap_init: At 3FFAE6E0 len 00001920 (6 KiB): DRAM[0m
[0;32mI (487) heap_init: At 3FFB82B8 len 00027D48 (159 KiB): DRAM[0m
[0;32mI (493) heap_init: At 3FFE0440 len 00003AE0 (14 KiB): D/IRAM[0m
[0;32mI (499) heap_init: At 3FFE4350 len 0001BCB0 (111 KiB): D/IRAM[0m
[0;32mI (506) heap_init: At 400966A4 len 0000995C (38 KiB): IRAM[0m
[0;32mI (514) spi_flash: detected chip: generic[0m
[0;32mI (517) spi_flash: flash io: dio[0m
[0;33mW (521) spi_flash: Detected size(4096k) larger than the size in the binary image header(2048k). Using the size in the binary image header.[0m
[0;33mW (534) ADC: legacy driver is deprecated, please migrate to `esp_adc/adc_oneshot.h`[0m
[0;32mI (543) main_task: Started on CPU0[0m
[0;32mI (553) main_task: Calling app_main()[0m
I (603) wifi:wifi driver task: 3ffc03f8, prio:23, stack:6656, core=0
I (623) wifi:wifi firmware version: a9f5b59
I (623) wifi:wifi certification version: v7.0
I (623) wifi:config NVS flash: enabled
I (623) wifi:config nano formating: disabled
I (633) wifi:Init data frame dynamic rx buffer num: 32
I (633) wifi:Init static rx mgmt buffer num: 5
I (633) wifi:Init management short buffer num: 32
I (643) wifi:Init dynamic tx buffer num: 32
I (643) wifi:Init static rx buffer size: 1600
I (653) wifi:Init static rx buffer num: 10
I (653) wifi:Init dynamic rx buffer num: 32
[0;32mI (663) wifi_init: rx ba win: 6[0m
[0;32mI (663) wifi_init: tcpip mbox: 32[0m
[0;32mI (663) wifi_init: udp mbox: 6[0m
[0;32mI (673) wifi_init: tcp mbox: 6[0m
[0;32mI (673) wifi_init: tcp tx win: 5760[0m
[0;32mI (673) wifi_init: tcp rx win: 5760[0m
[0;32mI (683) wifi_init: tcp mss: 1440[0m
[0;32mI (683) wifi_init: WiFi IRAM OP enabled[0m
[0;32mI (693) wifi_init: WiFi RX IRAM OP enabled[0m
[0;32mI (693) phy_init: phy_version 4791,2c4672b,Dec 20 2023,16:06:06[0m
I (793) wifi:mode : sta (b0:a7:32:28:4a:7c)
I (793) wifi:enable tsf
[0;32mI (793) wifi_connect: wifi_init_sta finished.[0m
[0;32mI (793) timestamp: Initializing SNTP[0m
Waiting for time set...
I (913) wifi:new:<11,0>, old:<1,0>, ap:<255,255>, sta:<11,0>, prof:1
I (913) wifi:state: init -> auth (b0)
I (913) wifi:state: auth -> assoc (0)
I (923) wifi:state: assoc -> run (10)
I (933) wifi:connected with Sv 2022, aid = 4, channel 11, BW20, bssid = 7c:a1:07:aa:c0:60
I (933) wifi:security: WPA2-PSK, phy: bgn, rssi: -59
I (933) wifi:pm start, type: 1

I (1113) wifi:AP's beacon interval = 204800 us, DTIM period = 1
ESP_ERROR_CHECK failed: esp_err_t 0x103 (ESP_ERR_INVALID_STATE) at 0x400d6cb1
file: "./main/main.c" line 24
func: app_main
expression: esp_event_loop_create_default()

abort() was called at PC 0x400890fb on core 0


Backtrace: 0x400817d2:0x3ffba4a0 0x40089105:0x3ffba4c0 0x400908bd:0x3ffba4e0 0x400890fb:0x3ffba550 0x400d6cb1:0x3ffba580 0x4015c3bf:0x3ffba5b0 0x40089c11:0x3ffba5e0




ELF file SHA256: 1f44da274

Rebooting...
ets Jul 29 2019 12:21:46

rst:0xc (SW_CPU_RESET),boot:0x13 (SPI_FAST_FLASH_BOOT)
configsip: 0, SPIWP:0xee
clk_drv:0x00,q_drv:0x00,d_drv:0x00,cs0_drv:0x00,hd_drv:0x00,wp_drv:0x00
mode:DIO, clock div:2
load:0x3fff0030,len:7172
load:0x40078000,len:15540
load:0x40080400,len:4
ho 8 tail 4 room 4
load:0x40080404,len:3904
entry 0x40080640
[0;32mI (31) boot: ESP-IDF v5.2.1-dirty 2nd stage bootloader[0m
[0;32mI (31) boot: compile time May 12 2024 00:01:43[0m
[0;32mI (31) boot: Multicore bootloader[0m
[0;32mI (36) boot: chip revision: v3.1[0m
[0;32mI (40) boot.esp32: SPI Speed      : 40MHz[0m
[0;32mI (44) boot.esp32: SPI Mode       : DIO[0m
[0;32mI (49) boot.esp32: SPI Flash Size : 2MB[0m
[0;32mI (53) boot: Enabling RNG early entropy source...[0m
[0;32mI (59) boot: Partition Table:[0m
[0;32mI (62) boot: ## Label            Usage          Type ST Offset   Length[0m
[0;32mI (70) boot:  0 nvs              WiFi data        01 02 00009000 00006000[0m
[0;32mI (77) boot:  1 phy_init         RF data          01 01 0000f000 00001000[0m
[0;32mI (84) boot:  2 factory          factory app      00 00 00010000 00100000[0m
[0;32mI (92) boot: End of partition table[0m
[0;32mI (96) esp_image: segment 0: paddr=00010020 vaddr=3f400020 size=23a0ch (145932) map[0m
[0;32mI (155) esp_image: segment 1: paddr=00033a34 vaddr=3ffb0000 size=03c34h ( 15412) load[0m
[0;32mI (161) esp_image: segment 2: paddr=00037670 vaddr=40080000 size=089a8h ( 35240) load[0m
[0;32mI (175) esp_image: segment 3: paddr=00040020 vaddr=400d0020 size=8e32ch (582444) map[0m
[0;32mI (374) esp_image: segment 4: paddr=000ce354 vaddr=400889a8 size=0dcfch ( 56572) load[0m
[0;32mI (408) boot: Loaded app from partition at offset 0x10000[0m
[0;32mI (408) boot: Disabling RNG early entropy source...[0m
[0;32mI (420) cpu_start: Multicore app[0m
[0;32mI (428) cpu_start: Pro cpu start user code[0m
[0;32mI (429) cpu_start: cpu freq: 160000000 Hz[0m
[0;32mI (429) cpu_start: Application information:[0m
[0;32mI (432) cpu_start: Project name:     http_request[0m
[0;32mI (437) cpu_start: App version:      e92c574-dirty[0m
[0;32mI (442) cpu_start: Compile time:     May 12 2024 23:24:14[0m
[0;32mI (449) cpu_start: ELF file SHA256:  1f44da274...[0m
[0;32mI (454) cpu_start: ESP-IDF:          v5.2.1-dirty[0m
[0;32mI (459) cpu_start: Min chip rev:     v0.0[0m
[0;32mI (464) cpu_start: Max chip rev:     v3.99 [0m
[0;32mI (469) cpu_start: Chip rev:         v3.1[0m
[0;32mI (474) heap_init: Initializing. RAM available for dynamic allocation:[0m
[0;32mI (481) heap_init: At 3FFAE6E0 len 00001920 (6 KiB): DRAM[0m
[0;32mI (487) heap_init: At 3FFB82B8 len 00027D48 (159 KiB): DRAM[0m
[0;32mI (493) heap_init: At 3FFE0440 len 00003AE0 (14 KiB): D/IRAM[0m
[0;32mI (499) heap_init: At 3FFE4350 len 0001BCB0 (111 KiB): D/IRAM[0m
[0;32mI (506) heap_init: At 400966A4 len 0000995C (38 KiB): IRAM[0m
[0;32mI (514) spi_flash: detected chip: generic[0m
[0;32mI (517) spi_flash: flash io: dio[0m
[0;33mW (521) spi_flash: Detected size(4096k) larger than the size in the binary image header(2048k). Using the size in the binary image header.[0m
[0;33mW (534) ADC: legacy driver is deprecated, please migrate to `esp_adc/adc_oneshot.h`[0m
[0;32mI (543) main_task: Started on CPU0[0m
[0;32mI (553) main_task: Calling app_main()[0m
I (603) wifi:wifi driver task: 3ffc03f8, prio:23, stack:6656, core=0
I (623) wifi:wifi firmware version: a9f5b59
I (623) wifi:wifi certification version: v7.0
I (623) wifi:config NVS flash: enabled
I (623) wifi:config nano formating: disabled
I (633) wifi:Init data frame dynamic rx buffer num: 32
I (633) wifi:Init static rx mgmt buffer num: 5
I (633) wifi:Init management short buffer num: 32
I (643) wifi:Init dynamic tx buffer num: 32
I (643) wifi:Init static rx buffer size: 1600
I (653) wifi:Init static rx buffer num: 10
I (653) wifi:Init dynamic rx buffer num: 32
[0;32mI (663) wifi_init: rx ba win: 6[0m
[0;32mI (663) wifi_init: tcpip mbox: 32[0m
[0;32mI (663) wifi_init: udp mbox: 6[0m
[0;32mI (673) wifi_init: tcp mbox: 6[0m
[0;32mI (673) wifi_init: tcp tx win: 5760[0m
[0;32mI (673) wifi_init: tcp rx win: 5760[0m
[0;32mI (683) wifi_init: tcp mss: 1440[0m
[0;32mI (683) wifi_init: WiFi IRAM OP enabled[0m
[0;32mI (693) wifi_init: WiFi RX IRAM OP enabled[0m
[0;32mI (693) phy_init: phy_version 4791,2c4672b,Dec 20 2023,16:06:06[0m
I (793) wifi:mode : sta (b0:a7:32:28:4a:7c)
I (793) wifi:enable tsf
[0;32mI (793) wifi_connect: wifi_init_sta finished.[0m
[0;32mI (793) timestamp: Initializing SNTP[0m
Waiting for time set...
ESP_ERROR_CHECK failed: esp_err_t 0x103 (ESP_ERR_INVALID_STATE) at 0x400d6cb1
file: "./main/main.c" line 24
func: app_main
expression: esp_event_loop_create_default()

abort() was called at PC 0x400890fb on core 0


Backtrace: 0x400817d2:0x3ffba4a0 0x40089105:0x3ffba4c0 0x400908bd:0x3ffba4e0 0x400890fb:0x3ffba550 0x400d6cb1:0x3ffba580 0x4015c3bf:0x3ffba5b0 0x40089c11:0x3ffba5e0




ELF file SHA256: 1f44da274

Rebooting...
ets Jul 29 2019 12:21:46

rst:0xc (SW_CPU_RESET),boot:0x13 (SPI_FAST_FLASH_BOOT)
configsip: 0, SPIWP:0xee
clk_drv:0x00,q_drv:0x00,d_drv:0x00,cs0_drv:0x00,hd_drv:0x00,wp_drv:0x00
mode:DIO, clock div:2
load:0x3fff0030,len:7172
load:0x40078000,len:15540
load:0x40080400,len:4
ho 8 tail 4 room 4
load:0x40080404,len:3904
entry 0x40080640
[0;32mI (31) boot: ESP-IDF v5.2.1-dirty 2nd stage bootloader[0m
[0;32mI (31) boot: compile time May 12 2024 00:01:43[0m
[0;32mI (31) boot: Multicore bootloader[0m
[0;32mI (36) boot: chip revision: v3.1[0m
[0;32mI (40) boot.esp32: SPI Speed      : 40MHz[0m
[0;32mI (44) boot.esp32: SPI Mode       : DIO[0m
[0;32mI (49) boot.esp32: SPI Flash Size : 2MB[0m
[0;32mI (53) boot: Enabling RNG early entropy source...[0m
[0;32mI (59) boot: Partition Table:[0m
[0;32mI (62) boot: ## Label            Usage          Type ST Offset   Length[0m
[0;32mI (70) boot:  0 nvs              WiFi data        01 02 00009000 00006000[0m
[0;32mI (77) boot:  1 phy_init         RF data          01 01 0000f000 00001000[0m
[0;32mI (84) boot:  2 factory          factory app      00 00 00010000 00100000[0m
[0;32mI (92) boot: End of partition table[0m
[0;32mI (96) esp_image: segment 0: paddr=00010020 vaddr=3f400020 size=23a0ch (145932) map[0m
[0;32mI (155) esp_image: segment 1: paddr=00033a34 vaddr=3ffb0000 size=03c34h ( 15412) load[0m
[0;32mI (161) esp_image: segment 2: paddr=00037670 vaddr=40080000 size=089a8h ( 35240) load[0m
[0;32mI (175) esp_image: segment 3: paddr=00040020 vaddr=400d0020 size=8e32ch (582444) map[0m
[0;32mI (374) esp_image: segment 4: paddr=000ce354 vaddr=400889a8 size=0dcfch ( 56572) load[0m
[0;32mI (408) boot: Loaded app from partition at offset 0x10000[0m
[0;32mI (408) boot: Disabling RNG early entropy source...[0m
[0;32mI (420) cpu_start: Multicore app[0m
[0;32mI (428) cpu_start: Pro cpu start user code[0m
[0;32mI (429) cpu_start: cpu freq: 160000000 Hz[0m
[0;32mI (429) cpu_start: Application information:[0m
[0;32mI (432) cpu_start: Project name:     http_request[0m
[0;32mI (437) cpu_start: App version:      e92c574-dirty[0m
[0;32mI (442) cpu_start: Compile time:     May 12 2024 23:24:14[0m
[0;32mI (449) cpu_start: ELF file SHA256:  1f44da274...[0m
[0;32mI (454) cpu_start: ESP-IDF:          v5.2.1-dirty[0m
[0;32mI (459) cpu_start: Min chip rev:     v0.0[0m
[0;32mI (464) cpu_start: Max chip rev:     v3.99 [0m
[0;32mI (469) cpu_start: Chip rev:         v3.1[0m
[0;32mI (474) heap_init: Initializing. RAM available for dynamic allocation:[0m
[0;32mI (481) heap_init: At 3FFAE6E0 len 00001920 (6 KiB): DRAM[0m
[0;32mI (487) heap_init: At 3FFB82B8 len 00027D48 (159 KiB): DRAM[0m
[0;32mI (493) heap_init: At 3FFE0440 len 00003AE0 (14 KiB): D/IRAM[0m
[0;32mI (499) heap_init: At 3FFE4350 len 0001BCB0 (111 KiB): D/IRAM[0m
[0;32mI (506) heap_init: At 400966A4 len 0000995C (38 KiB): IRAM[0m
[0;32mI (514) spi_flash: detected chip: generic[0m
[0;32mI (517) spi_flash: flash io: dio[0m
[0;33mW (521) spi_flash: Detected size(4096k) larger than the size in the binary image header(2048k). Using the size in the binary image header.[0m
[0;33mW (534) ADC: legacy driver is deprecated, please migrate to `esp_adc/adc_oneshot.h`[0m
[0;32mI (543) main_task: Started on CPU0[0m
[0;32mI (553) main_task: Calling app_main()[0m
I (603) wifi:wifi driver task: 3ffc03f8, prio:23, stack:6656, core=0
I (623) wifi:wifi firmware version: a9f5b59
I (623) wifi:wifi certification version: v7.0
I (623) wifi:config NVS flash: enabled
I (623) wifi:config nano formating: disabled
I (633) wifi:Init data frame dynamic rx buffer num: 32
I (633) wifi:Init static rx mgmt buffer num: 5
I (633) wifi:Init management short buffer num: 32
I (643) wifi:Init dynamic tx buffer num: 32
I (643) wifi:Init static rx buffer size: 1600
I (653) wifi:Init static rx buffer num: 10
I (653) wifi:Init dynamic rx buffer num: 32
[0;32mI (663) wifi_init: rx ba win: 6[0m
[0;32mI (663) wifi_init: tcpip mbox: 32[0m
[0;32mI (663) wifi_init: udp mbox: 6[0m
[0;32mI (673) wifi_init: tcp mbox: 6[0m
[0;32mI (673) wifi_init: tcp tx win: 5760[0m
[0;32mI (673) wifi_init: tcp rx win: 5760[0m
[0;32mI (683) wifi_init: tcp mss: 1440[0m
[0;32mI (683) wifi_init: WiFi IRAM OP enabled[0m
[0;32mI (693) wifi_init: WiFi RX IRAM OP enabled[0m
[0;32mI (693) phy_init: phy_version 4791,2c4672b,Dec 20 2023,16:06:06[0m
I (793) wifi:mode : sta (b0:a7:32:28:4a:7c)
I (793) wifi:enable tsf
[0;32mI (793) wifi_connect: wifi_init_sta finished.[0m
[0;32mI (793) timestamp: Initializing SNTP[0m
Waiting for time set...
ESP_ERROR_CHECK failed: esp_err_t 0x103 (ESP_ERR_INVALID_STATE) at 0x400d6cb1
file: "./main/main.c" line 24
func: app_main
expression: esp_event_loop_create_default()

abort() was called at PC 0x400890fb on core 0


Backtrace: 0x400817d2:0x3ffba4a0 0x40089105:0x3ffba4c0 0x400908bd:0x3ffba4e0 0x400890fb:0x3ffba550 0x400d6cb1:0x3ffba580 0x4015c3bf:0x3ffba5b0 0x40089c11:0x3ffba5e0




ELF file SHA256: 1f44da274

Rebooting...
ets Jul 29 2019 12:21:46

rst:0xc (SW_CPU_RESET),boot:0x13 (SPI_FAST_FLASH_BOOT)
configsip: 0, SPIWP:0xee
clk_drv:0x00,q_drv:0x00,d_drv:0x00,cs0_drv:0x00,hd_drv:0x00,wp_drv:0x00
mode:DIO, clock div:2
load:0x3fff0030,len:7172
load:0x40078000,len:15540
load:0x40080400,len:4
ho 8 tail 4 room 4
load:0x40080404,len:3904
entry 0x40080640
[0;32mI (31) boot: ESP-IDF v5.2.1-dirty 2nd stage bootloader[0m
[0;32mI (31) boot: compile time May 12 2024 00:01:43[0m
[0;32mI (31) boot: Multicore bootloader[0m
[0;32mI (36) boot: chip revision: v3.1[0m
[0;32mI (40) boot.esp32: SPI Speed      : 40MHz[0m
[0;32mI (44) boot.esp32: SPI Mode       : DIO[0m
[0;32mI (49) boot.esp32: SPI Flash Size : 2MB[0m
[0;32mI (53) boot: Enabling RNG early entropy source...[0m
[0;32mI (59) boot: Partition Table:[0m
[0;32mI (62) boot: ## Label            Usage          Type ST Offset   Length[0m
[0;32mI (70) boot:  0 nvs              WiFi data        01 02 00009000 00006000[0m
[0;32mI (77) boot:  1 phy_init         RF data          01 01 0000f000 00001000[0m
[0;32mI (84) boot:  2 factory          factory app      00 00 00010000 00100000[0m
[0;32mI (92) boot: End of partition table[0m
[0;32mI (96) esp_image: segment 0: paddr=00010020 vaddr=3f400020 size=23a0ch (145932) map[0m
[0;32mI (155) esp_image: segment 1: paddr=00033a34 vaddr=3ffb0000 size=03c34h ( 15412) load[0m
[0;32mI (161) esp_image: segment 2: paddr=00037670 vaddr=40080000 size=089a8h ( 35240) load[0m
[0;32mI (175) esp_image: segment 3: paddr=00040020 vaddr=400d0020 size=8e32ch (582444) map[0m
[0;32mI (374) esp_image: segment 4: paddr=000ce354 vaddr=400889a8 size=0dcfch ( 56572) load[0m
[0;32mI (408) boot: Loaded app from partition at offset 0x10000[0m
[0;32mI (408) boot: Disabling RNG early entropy source...[0m
[0;32mI (420) cpu_start: Multicore app[0m
[0;32mI (428) cpu_start: Pro cpu start user code[0m
[0;32mI (429) cpu_start: cpu freq: 160000000 Hz[0m
[0;32mI (429) cpu_start: Application information:[0m
[0;32mI (432) cpu_start: Project name:     http_request[0m
[0;32mI (437) cpu_start: App version:      e92c574-dirty[0m
[0;32mI (442) cpu_start: Compile time:     May 12 2024 23:24:14[0m
[0;32mI (449) cpu_start: ELF file SHA256:  1f44da274...[0m
[0;32mI (454) cpu_start: ESP-IDF:          v5.2.1-dirty[0m
[0;32mI (459) cpu_start: Min chip rev:     v0.0[0m
[0;32mI (464) cpu_start: Max chip rev:     v3.99 [0m
[0;32mI (469) cpu_start: Chip rev:         v3.1[0m
[0;32mI (474) heap_init: Initializing. RAM available for dynamic allocation:[0m
[0;32mI (481) heap_init: At 3FFAE6E0 len 00001920 (6 KiB): DRAM[0m
[0;32mI (487) heap_init: At 3FFB82B8 len 00027D48 (159 KiB): DRAM[0m
[0;32mI (493) heap_init: At 3FFE0440 len 00003AE0 (14 KiB): D/IRAM[0m
[0;32mI (499) heap_init: At 3FFE4350 len 0001BCB0 (111 KiB): D/IRAM[0m
[0;32mI (506) heap_init: At 400966A4 len 0000995C (38 KiB): IRAM[0m
[0;32mI (514) spi_flash: detected chip: generic[0m
[0;32mI (517) spi_flash: flash io: dio[0m
[0;33mW (521) spi_flash: Detected size(4096k) larger than the size in the binary image header(2048k). Using the size in the binary image header.[0m
[0;33mW (534) ADC: legacy driver is deprecated, please migrate to `esp_adc/adc_oneshot.h`[0m
[0;32mI (543) main_task: Started on CPU0[0m
[0;32mI (553) main_task: Calling app_main()[0m
I (603) wifi:wifi driver task: 3ffc03f8, prio:23, stack:6656, core=0
I (623) wifi:wifi firmware version: a9f5b59
I (623) wifi:wifi certification version: v7.0
I (623) wifi:config NVS flash: enabled
I (623) wifi:config nano formating: disabled
I (633) wifi:Init data frame dynamic rx buffer num: 32
I (633) wifi:Init static rx mgmt buffer num: 5
I (633) wifi:Init management short buffer num: 32
I (643) wifi:Init dynamic tx buffer num: 32
I (643) wifi:Init static rx buffer size: 1600
I (653) wifi:Init static rx buffer num: 10
I (653) wifi:Init dynamic rx buffer num: 32
[0;32mI (663) wifi_init: rx ba win: 6[0m
[0;32mI (663) wifi_init: tcpip mbox: 32[0m
[0;32mI (663) wifi_init: udp mbox: 6[0m
[0;32mI (673) wifi_init: tcp mbox: 6[0m
[0;32mI (673) wifi_init: tcp tx win: 5760[0m
[0;32mI (673) wifi_init: tcp rx win: 5760[0m
[0;32mI (683) wifi_init: tcp mss: 1440[0m
[0;32mI (683) wifi_init: WiFi IRAM OP enabled[0m
[0;32mI (693) wifi_init: WiFi RX IRAM OP enabled[0m
[0;32mI (693) phy_init: phy_version 4791,2c4672b,Dec 20 2023,16:06:06[0m
I (793) wifi:mode : sta (b0:a7:32:28:4a:7c)
I (793) wifi:enable tsf
[0;32mI (793) wifi_connect: wifi_init_sta finished.[0m
[0;32mI (793) timestamp: Initializing SNTP[0m
Waiting for time set...
ESP_ERROR_CHECK failed: esp_err_t 0x103 (ESP_ERR_INVALID_STATE) at 0x400d6cb1
file: "./main/main.c" line 24
func: app_main
expression: esp_event_loop_create_default()

abort() was called at PC 0x400890fb on core 0


Backtrace: 0x400817d2:0x3ffba4a0 0x40089105:0x3ffba4c0 0x400908bd:0x3ffba4e0 0x400890fb:0x3ffba550 0x400d6cb1:0x3ffba580 0x4015c3bf:0x3ffba5b0 0x40089c11:0x3ffba5e0




ELF file SHA256: 1f44da274

Rebooting...
ets Jul 29 2019 12:21:46

rst:0xc (SW_CPU_RESET),boot:0x13 (SPI_FAST_FLASH_BOOT)
configsip: 0, SPIWP:0xee
clk_drv:0x00,q_drv:0x00,d_drv:0x00,cs0_drv:0x00,hd_drv:0x00,wp_drv:0x00
mode:DIO, clock div:2
load:0x3fff0030,len:7172
load:0x40078000,len:15540
load:0x40080400,len:4
ho 8 tail 4 room 4
load:0x40080404,len:3904
entry 0x40080640
[0;32mI (31) boot: ESP-IDF v5.2.1-dirty 2nd stage bootloader[0m
[0;32mI (31) boot: compile time May 12 2024 00:01:43[0m
[0;32mI (31) boot: Multicore bootloader[0m
[0;32mI (36) boot: chip revision: v3.1[0m
[0;32mI (40) boot.esp32: SPI Speed      : 40MHz[0m
[0;32mI (44) boot.esp32: SPI Mode       : DIO[0m
[0;32mI (49) boot.esp32: SPI Flash Size : 2MB[0m
[0;32mI (53) boot: Enabling RNG early entropy source...[0m
[0;32mI (59) boot: Partition Table:[0m
[0;32mI (62) boot: ## Label            Usage          Type ST Offset   Length[0m
[0;32mI (70) boot:  0 nvs              WiFi data        01 02 00009000 00006000[0m
[0;32mI (77) boot:  1 phy_init         RF data          01 01 0000f000 00001000[0m
[0;32mI (84) boot:  2 factory          factory app      00 00 00010000 00100000[0m
[0;32mI (92) boot: End of partition table[0m
[0;32mI (96) esp_image: segment 0: paddr=00010020 vaddr=3f400020 size=23a0ch (145932) map[0m
[0;32mI (155) esp_image: segment 1: paddr=00033a34 vaddr=3ffb0000 size=03c34h ( 15412) load[0m
[0;32mI (161) esp_image: segment 2: paddr=00037670 vaddr=40080000 size=089a8h ( 35240) load[0m
[0;32mI (175) esp_image: segment 3: paddr=00040020 vaddr=400d0020 size=8e32ch (582444) map[0m
[0;32mI (374) esp_image: segment 4: paddr=000ce354 vaddr=400889a8 size=0dcfch ( 56572) load[0m
[0;32mI (408) boot: Loaded app from partition at offset 0x10000[0m
[0;32mI (408) boot: Disabling RNG early entropy source...[0m
[0;32mI (420) cpu_start: Multicore app[0m
[0;32mI (428) cpu_start: Pro cpu start user code[0m
[0;32mI (429) cpu_start: cpu freq: 160000000 Hz[0m
[0;32mI (429) cpu_start: Application information:[0m
[0;32mI (432) cpu_start: Project name:     http_request[0m
[0;32mI (437) cpu_start: App version:      e92c574-dirty[0m
[0;32mI (442) cpu_start: Compile time:     May 12 2024 23:24:14[0m
[0;32mI (449) cpu_start: ELF file SHA256:  1f44da274...[0m
[0;32mI (454) cpu_start: ESP-IDF:          v5.2.1-dirty[0m
[0;32mI (459) cpu_start: Min chip rev:     v0.0[0m
[0;32mI (464) cpu_start: Max chip rev:     v3.99 [0m
[0;32mI (469) cpu_start: Chip rev:         v3.1[0m
[0;32mI (474) heap_init: Initializing. RAM available for dynamic allocation:[0m
[0;32mI (481) heap_init: At 3FFAE6E0 len 00001920 (6 KiB): DRAM[0m
[0;32mI (487) heap_init: At 3FFB82B8 len 00027D48 (159 KiB): DRAM[0m
[0;32mI (493) heap_init: At 3FFE0440 len 00003AE0 (14 KiB): D/IRAM[0m
[0;32mI (499) heap_init: At 3FFE4350 len 0001BCB0 (111 KiB): D/IRAM[0m
[0;32mI (506) heap_init: At 400966A4 len 0000995C (38 KiB): IRAM[0m
[0;32mI (514) spi_flash: detected chip: generic[0m
[0;32mI (517) spi_flash: flash io: dio[0m
[0;33mW (521) spi_flash: Detected size(4096k) larger than the size in the binary image header(2048k). Using the size in the binary image header.[0m
[0;33mW (534) ADC: legacy driver is deprecated, please migrate to `esp_adc/adc_oneshot.h`[0m
[0;32mI (543) main_task: Started on CPU0[0m
[0;32mI (553) main_task: Calling app_main()[0m
I (603) wifi:wifi driver task: 3ffc03f8, prio:23, stack:6656, core=0
I (623) wifi:wifi firmware version: a9f5b59
I (623) wifi:wifi certification version: v7.0
I (623) wifi:config NVS flash: enabled
I (623) wifi:config nano formating: disabled
I (633) wifi:Init data frame dynamic rx buffer num: 32
I (633) wifi:Init static rx mgmt buffer num: 5
I (633) wifi:Init management short buffer num: 32
I (643) wifi:Init dynamic tx buffer num: 32
I (643) wifi:Init static rx buffer size: 1600
I (653) wifi:Init static rx buffer num: 10
I (653) wifi:Init dynamic rx buffer num: 32
[0;32mI (663) wifi_init: rx ba win: 6[0m
[0;32mI (663) wifi_init: tcpip mbox: 32[0m
[0;32mI (663) wifi_init: udp mbox: 6[0m
[0;32mI (673) wifi_init: tcp mbox: 6[0m
[0;32mI (673) wifi_init: tcp tx win: 5760[0m
[0;32mI (673) wifi_init: tcp rx win: 5760[0m
[0;32mI (683) wifi_init: tcp mss: 1440[0m
[0;32mI (683) wifi_init: WiFi IRAM OP enabled[0m
[0;32mI (693) wifi_init: WiFi RX IRAM OP enabled[0m
[0;32mI (693) phy_init: phy_version 4791,2c4672b,Dec 20 2023,16:06:06[0m
I (793) wifi:mode : sta (b0:a7:32:28:4a:7c)
I (793) wifi:enable tsf
[0;32mI (793) wifi_connect: wifi_init_sta finished.[0m
[0;32mI (793) timestamp: Initializing SNTP[0m
Waiting for time set...
ESP_ERROR_CHECK failed: esp_err_t 0x103 (ESP_ERR_INVALID_STATE) at 0x400d6cb1
file: "./main/main.c" line 24
func: app_main
expression: esp_event_loop_create_default()

abort() was called at PC 0x400890fb on core 0


Backtrace: 0x400817d2:0x3ffba4a0 0x40089105:0x3ffba4c0 0x400908bd:0x3ffba4e0 0x400890fb:0x3ffba550 0x400d6cb1:0x3ffba580 0x4015c3bf:0x3ffba5b0 0x40089c11:0x3ffba5e0




ELF file SHA256: 1f44da274

Rebooting...
ets Jul 29 2019 12:21:46

rst:0xc (SW_CPU_RESET),boot:0x13 (SPI_FAST_FLASH_BOOT)
configsip: 0, SPIWP:0xee
clk_drv:0x00,q_drv:0x00,d_drv:0x00,cs0_drv:0x00,hd_drv:0x00,wp_drv:0x00
mode:DIO, clock div:2
load:0x3fff0030,len:7172
load:0x40078000,len:15540
load:0x40080400,len:4
ho 8 tail 4 room 4
load:0x40080404,len:3904
entry 0x40080640
[0;32mI (31) boot: ESP-IDF v5.2.1-dirty 2nd stage bootloader[0m
[0;32mI (31) boot: compile time May 12 2024 00:01:43[0m
[0;32mI (31) boot: Multicore bootloader[0m
[0;32mI (36) boot: chip revision: v3.1[0m
[0;32mI (40) boot.esp32: SPI Speed      : 40MHz[0m
[0;32mI (44) boot.esp32: SPI Mode       : DIO[0m
[0;32mI (49) boot.esp32: SPI Flash Size : 2MB[0m
[0;32mI (53) boot: Enabling RNG early entropy source...[0m
[0;32mI (59) boot: Partition Table:[0m
[0;32mI (62) boot: ## Label            Usage          Type ST Offset   Length[0m
[0;32mI (70) boot:  0 nvs              WiFi data        01 02 00009000 00006000[0m
[0;32mI (77) boot:  1 phy_init         RF data          01 01 0000f000 00001000[0m
[0;32mI (84) boot:  2 factory          factory app      00 00 00010000 00100000[0m
[0;32mI (92) boot: End of partition table[0m
[0;32mI (96) esp_image: segment 0: paddr=00010020 vaddr=3f400020 size=23a0ch (145932) map[0m
[0;32mI (155) esp_image: segment 1: paddr=00033a34 vaddr=3ffb0000 size=03c34h ( 15412) load[0m
[0;32mI (161) esp_image: segment 2: paddr=00037670 vaddr=40080000 size=089a8h ( 35240) load[0m
[0;32mI (175) esp_image: segment 3: paddr=00040020 vaddr=400d0020 size=8e32ch (582444) map[0m
[0;32mI (374) esp_image: segment 4: paddr=000ce354 vaddr=400889a8 size=0dcfch ( 56572) load[0m
[0;32mI (408) boot: Loaded app from partition at offset 0x10000[0m
[0;32mI (408) boot: Disabling RNG early entropy source...[0m
[0;32mI (420) cpu_start: Multicore app[0m
[0;32mI (428) cpu_start: Pro cpu start user code[0m
[0;32mI (429) cpu_start: cpu freq: 160000000 Hz[0m
[0;32mI (429) cpu_start: Application information:[0m
[0;32mI (432) cpu_start: Project name:     http_request[0m
[0;32mI (437) cpu_start: App version:      e92c574-dirty[0m
[0;32mI (442) cpu_start: Compile time:     May 12 2024 23:24:14[0m
[0;32mI (449) cpu_start: ELF file SHA256:  1f44da274...[0m
[0;32mI (454) cpu_start: ESP-IDF:          v5.2.1-dirty[0m
[0;32mI (459) cpu_start: Min chip rev:     v0.0[0m
[0;32mI (464) cpu_start: Max chip rev:     v3.99 [0m
[0;32mI (469) cpu_start: Chip rev:         v3.1[0m
[0;32mI (474) heap_init: Initializing. RAM available for dynamic allocation:[0m
[0;32mI (481) heap_init: At 3FFAE6E0 len 00001920 (6 KiB): DRAM[0m
[0;32mI (487) heap_init: At 3FFB82B8 len 00027D48 (159 KiB): DRAM[0m
[0;32mI (493) heap_init: At 3FFE0440 len 00003AE0 (14 KiB): D/IRAM[0m
[0;32mI (499) heap_init: At 3FFE4350 len 0001BCB0 (111 KiB): D/IRAM[0m
[0;32mI (506) heap_init: At 400966A4 len 0000995C (38 KiB): IRAM[0m
[0;32mI (514) spi_flash: detected chip: generic[0m
[0;32mI (517) spi_flash: flash io: dio[0m
[0;33mW (521) spi_flash: Detected size(4096k) larger than the size in the binary image header(2048k). Using the size in the binary image header.[0m
[0;33mW (534) ADC: legacy driver is deprecated, please migrate to `esp_adc/adc_oneshot.h`[0m
[0;32mI (543) main_task: Started on CPU0[0m
[0;32mI (553) main_task: Calling app_main()[0m
I (603) wifi:wifi driver task: 3ffc03f8, prio:23, stack:6656, core=0
I (623) wifi:wifi firmware version: a9f5b59
I (623) wifi:wifi certification version: v7.0
I (623) wifi:config NVS flash: enabled
I (623) wifi:config nano formating: disabled
I (633) wifi:Init data frame dynamic rx buffer num: 32
I (633) wifi:Init static rx mgmt buffer num: 5
I (633) wifi:Init management short buffer num: 32
I (643) wifi:Init dynamic tx buffer num: 32
I (643) wifi:Init static rx buffer size: 1600
I (653) wifi:Init static rx buffer num: 10
I (653) wifi:Init dynamic rx buffer num: 32
[0;32mI (663) wifi_init: rx ba win: 6[0m
[0;32mI (663) wifi_init: tcpip mbox: 32[0m
[0;32mI (663) wifi_init: udp mbox: 6[0m
[0;32mI (673) wifi_init: tcp mbox: 6[0m
[0;32mI (673) wifi_init: tcp tx win: 5760[0m
[0;32mI (673) wifi_init: tcp rx win: 5760[0m
[0;32mI (683) wifi_init: tcp mss: 1440[0m
[0;32mI (683) wifi_init: WiFi IRAM OP enabled[0m
[0;32mI (693) wifi_init: WiFi RX IRAM OP enabled[0m
[0;32mI (693) phy_init: phy_version 4791,2c4672b,Dec 20 2023,16:06:06[0m
I (783) wifi:mode : sta (b0:a7:32:28:4a:7c)
I (793) wifi:enable tsf
[0;32mI (793) wifi_connect: wifi_init_sta finished.[0m
[0;32mI (793) timestamp: Initializing SNTP[0m
Waiting for time set...
ESP_ERROR_CHECK failed: esp_err_t 0x103 (ESP_ERR_INVALID_STATE) at 0x400d6cb1
file: "./main/main.c" line 24
func: app_main
expression: esp_event_loop_create_default()

abort() was called at PC 0x400890fb on core 0


Backtrace: 0x400817d2:0x3ffba4a0 0x40089105:0x3ffba4c0 0x400908bd:0x3ffba4e0 0x400890fb:0x3ffba550 0x400d6cb1:0x3ffba580 0x4015c3bf:0x3ffba5b0 0x40089c11:0x3ffba5e0




ELF file SHA256: 1f44da274

Rebooting...
ets Jul 29 2019 12:21:46

rst:0xc (SW_CPU_RESET),boot:0x13 (SPI_FAST_FLASH_BOOT)
configsip: 0, SPIWP:0xee
clk_drv:0x00,q_drv:0x00,d_drv:0x00,cs0_drv:0x00,hd_drv:0x00,wp_drv:0x00
mode:DIO, clock div:2
load:0x3fff0030,len:7172
load:0x40078000,len:15540
load:0x40080400,len:4
ho 8 tail 4 room 4
load:0x40080404,len:3904
entry 0x40080640
[0;32mI (31) boot: ESP-IDF v5.2.1-dirty 2nd stage bootloader[0m
[0;32mI (31) boot: compile time May 12 2024 00:01:43[0m
[0;32mI (31) boot: Multicore bootloader[0m
[0;32mI (36) boot: chip revision: v3.1[0m
[0;32mI (40) boot.esp32: SPI Speed      : 40MHz[0m
[0;32mI (44) boot.esp32: SPI Mode       : DIO[0m
[0;32mI (49) boot.esp32: SPI Flash Size : 2MB[0m
[0;32mI (53) boot: Enabling RNG early entropy source...[0m
[0;32mI (59) boot: Partition Table:[0m
[0;32mI (62) boot: ## Label            Usage          Type ST Offset   Length[0m
[0;32mI (70) boot:  0 nvs              WiFi data        01 02 00009000 00006000[0m
[0;32mI (77) boot:  1 phy_init         RF data          01 01 0000f000 00001000[0m
[0;32mI (84) boot:  2 factory          factory app      00 00 00010000 00100000[0m
[0;32mI (92) boot: End of partition table[0m
[0;32mI (96) esp_image: segment 0: paddr=00010020 vaddr=3f400020 size=23a0ch (145932) map[0m
[0;32mI (155) esp_image: segment 1: paddr=00033a34 vaddr=3ffb0000 size=03c34h ( 15412) load[0m
[0;32mI (161) esp_image: segment 2: paddr=00037670 vaddr=40080000 size=089a8h ( 35240) load[0m
[0;32mI (175) esp_image: segment 3: paddr=00040020 vaddr=400d0020 size=8e32ch (582444) map[0m
[0;32mI (374) esp_image: segment 4: paddr=000ce354 vaddr=400889a8 size=0dcfch ( 56572) load[0m
[0;32mI (408) boot: Loaded app from partition at offset 0x10000[0m
[0;32mI (408) boot: Disabling RNG early entropy source...[0m
[0;32mI (420) cpu_start: Multicore app[0m
[0;32mI (428) cpu_start: Pro cpu start user code[0m
[0;32mI (429) cpu_start: cpu freq: 160000000 Hz[0m
[0;32mI (429) cpu_start: Application information:[0m
[0;32mI (432) cpu_start: Project name:     http_request[0m
[0;32mI (437) cpu_start: App version:      e92c574-dirty[0m
[0;32mI (442) cpu_start: Compile time:     May 12 2024 23:24:14[0m
[0;32mI (449) cpu_start: ELF file SHA256:  1f44da274...[0m
[0;32mI (454) cpu_start: ESP-IDF:          v5.2.1-dirty[0m
[0;32mI (459) cpu_start: Min chip rev:     v0.0[0m
[0;32mI (464) cpu_start: Max chip rev:     v3.99 [0m
[0;32mI (469) cpu_start: Chip rev:         v3.1[0m
[0;32mI (474) heap_init: Initializing. RAM available for dynamic allocation:[0m
[0;32mI (481) heap_init: At 3FFAE6E0 len 00001920 (6 KiB): DRAM[0m
[0;32mI (487) heap_init: At 3FFB82B8 len 00027D48 (159 KiB): DRAM[0m
[0;32mI (493) heap_init: At 3FFE0440 len 00003AE0 (14 KiB): D/IRAM[0m
[0;32mI (499) heap_init: At 3FFE4350 len 0001BCB0 (111 KiB): D/IRAM[0m
[0;32mI (506) heap_init: At 400966A4 len 0000995C (38 KiB): IRAM[0m
[0;32mI (514) spi_flash: detected chip: generic[0m
[0;32mI (517) spi_flash: flash io: dio[0m
[0;33mW (521) spi_flash: Detected size(4096k) larger than the size in the binary image header(2048k). Using the size in the binary image header.[0m
[0;33mW (534) ADC: legacy driver is deprecated, please migrate to `esp_adc/adc_oneshot.h`[0m
[0;32mI (543) main_task: Started on CPU0[0m
[0;32mI (553) main_task: Calling app_main()[0m
I (603) wifi:wifi driver task: 3ffc03f8, prio:23, stack:6656, core=0
I (623) wifi:wifi firmware version: a9f5b59
I (623) wifi:wifi certification version: v7.0
I (623) wifi:config NVS flash: enabled
I (623) wifi:config nano formating: disabled
I (633) wifi:Init data frame dynamic rx buffer num: 32
I (633) wifi:Init static rx mgmt buffer num: 5
I (633) wifi:Init management short buffer num: 32
I (643) wifi:Init dynamic tx buffer num: 32
I (643) wifi:Init static rx buffer size: 1600
I (653) wifi:Init static rx buffer num: 10
I (653) wifi:Init dynamic rx buffer num: 32
[0;32mI (663) wifi_init: rx ba win: 6[0m
[0;32mI (663) wifi_init: tcpip mbox: 32[0m
[0;32mI (663) wifi_init: udp mbox: 6[0m
[0;32mI (673) wifi_init: tcp mbox: 6[0m
[0;32mI (673) wifi_init: tcp tx win: 5760[0m
[0;32mI (673) wifi_init: tcp rx win: 5760[0m
[0;32mI (683) wifi_init: tcp mss: 1440[0m
[0;32mI (683) wifi_init: WiFi IRAM OP enabled[0m
[0;32mI (693) wifi_init: WiFi RX IRAM OP enabled[0m
[0;32mI (693) phy_init: phy_version 4791,2c4672b,Dec 20 2023,16:06:06[0m
I (793) wifi:mode : sta (b0:a7:32:28:4a:7c)
I (793) wifi:enable tsf
[0;32mI (793) wifi_connect: wifi_init_sta finished.[0m
[0;32mI (793) timestamp: Initializing SNTP[0m
Waiting for time set...
ESP_ERROR_CHECK failed: esp_err_t 0x103 (ESP_ERR_INVALID_STATE) at 0x400d6cb1
file: "./main/main.c" line 24
func: app_main
expression: esp_event_loop_create_default()

abort() was called at PC 0x400890fb on core 0


Backtrace: 0x400817d2:0x3ffba4a0 0x40089105:0x3ffba4c0 0x400908bd:0x3ffba4e0 0x400890fb:0x3ffba550 0x400d6cb1:0x3ffba580 0x4015c3bf:0x3ffba5b0 0x40089c11:0x3ffba5e0




ELF file SHA256: 1f44da274

Rebooting...
ets Jul 29 2019 12:21:46

rst:0xc (SW_CPU_RESET),boot:0x13 (SPI_FAST_FLASH_BOOT)
configsip: 0, SPIWP:0xee
clk_drv:0x00,q_drv:0x00,d_drv:0x00,cs0_drv:0x00,hd_drv:0x00,wp_drv:0x00
mode:DIO, clock div:2
load:0x3fff0030,len:7172
load:0x40078000,len:15540
load:0x40080400,len:4
ho 8 tail 4 room 4
load:0x40080404,len:3904
entry 0x40080640
[0;32mI (31) boot: ESP-IDF v5.2.1-dirty 2nd stage bootloader[0m
[0;32mI (31) boot: compile time May 12 2024 00:01:43[0m
[0;32mI (31) boot: Multicore bootloader[0m
[0;32mI (36) boot: chip revision: v3.1[0m
[0;32mI (40) boot.esp32: SPI Speed      : 40MHz[0m
[0;32mI (44) boot.esp32: SPI Mode       : DIO[0m
[0;32mI (49) boot.esp32: SPI Flash Size : 2MB[0m
[0;32mI (53) boot: Enabling RNG early entropy source...[0m
[0;32mI (59) boot: Partition Table:[0m
[0;32mI (62) boot: ## Label            Usage          Type ST Offset   Length[0m
[0;32mI (70) boot:  0 nvs              WiFi data        01 02 00009000 00006000[0m
[0;32mI (77) boot:  1 phy_init         RF data          01 01 0000f000 00001000[0m
[0;32mI (84) boot:  2 factory          factory app      00 00 00010000 00100000[0m
[0;32mI (92) boot: End of partition table[0m
[0;32mI (96) esp_image: segment 0: paddr=00010020 vaddr=3f400020 size=23a0ch (145932) map[0m
[0;32mI (155) esp_image: segment 1: paddr=00033a34 vaddr=3ffb0000 size=03c34h ( 15412) load[0m
[0;32mI (161) esp_image: segment 2: paddr=00037670 vaddr=40080000 size=089a8h ( 35240) load[0m
[0;32mI (175) esp_image: segment 3: paddr=00040020 vaddr=400d0020 size=8e32ch (582444) map[0m
[0;32mI (374) esp_image: segment 4: paddr=000ce354 vaddr=400889a8 size=0dcfch ( 56572) load[0m
[0;32mI (408) boot: Loaded app from partition at offset 0x10000[0m
[0;32mI (408) boot: Disabling RNG early entropy source...[0m
[0;32mI (420) cpu_start: Multicore app[0m
[0;32mI (428) cpu_start: Pro cpu start user code[0m
[0;32mI (429) cpu_start: cpu freq: 160000000 Hz[0m
[0;32mI (429) cpu_start: Application information:[0m
[0;32mI (432) cpu_start: Project name:     http_request[0m
[0;32mI (437) cpu_start: App version:      e92c574-dirty[0m
[0;32mI (442) cpu_start: Compile time:     May 12 2024 23:24:14[0m
[0;32mI (449) cpu_start: ELF file SHA256:  1f44da274...[0m
[0;32mI (454) cpu_start: ESP-IDF:          v5.2.1-dirty[0m
[0;32mI (459) cpu_start: Min chip rev:     v0.0[0m
[0;32mI (464) cpu_start: Max chip rev:     v3.99 [0m
[0;32mI (469) cpu_start: Chip rev:         v3.1[0m
[0;32mI (474) heap_init: Initializing. RAM available for dynamic allocation:[0m
[0;32mI (481) heap_init: At 3FFAE6E0 len 00001920 (6 KiB): DRAM[0m
[0;32mI (487) heap_init: At 3FFB82B8 len 00027D48 (159 KiB): DRAM[0m
[0;32mI (493) heap_init: At 3FFE0440 len 00003AE0 (14 KiB): D/IRAM[0m
[0;32mI (499) heap_init: At 3FFE4350 len 0001BCB0 (111 KiB): D/IRAM[0m
[0;32mI (506) heap_init: At 400966A4 len 0000995C (38 KiB): IRAM[0m
[0;32mI (514) spi_flash: detected chip: generic[0m
[0;32mI (517) spi_flash: flash io: dio[0m
[0;33mW (521) spi_flash: Detected size(4096k) larger than the size in the binary image header(2048k). Using the size in the binary image header.[0m
[0;33mW (534) ADC: legacy driver is deprecated, please migrate to `esp_adc/adc_oneshot.h`[0m
[0;32mI (543) main_task: Started on CPU0[0m
[0;32mI (553) main_task: Calling app_main()[0m
I (603) wifi:wifi driver task: 3ffc03f8, prio:23, stack:6656, core=0
I (623) wifi:wifi firmware version: a9f5b59
I (623) wifi:wifi certification version: v7.0
I (623) wifi:config NVS flash: enabled
I (623) wifi:config nano formating: disabled
I (633) wifi:Init data frame dynamic rx buffer num: 32
I (633) wifi:Init static rx mgmt buffer num: 5
I (633) wifi:Init management short buffer num: 32
I (643) wifi:Init dynamic tx buffer num: 32
I (643) wifi:Init static rx buffer size: 1600
I (653) wifi:Init static rx buffer num: 10
I (653) wifi:Init dynamic rx buffer num: 32
[0;32mI (663) wifi_init: rx ba win: 6[0m
[0;32mI (663) wifi_init: tcpip mbox: 32[0m
[0;32mI (663) wifi_init: udp mbox: 6[0m
[0;32mI (673) wifi_init: tcp mbox: 6[0m
[0;32mI (673) wifi_init: tcp tx win: 5760[0m
[0;32mI (673) wifi_init: tcp rx win: 5760[0m
[0;32mI (683) wifi_init: tcp mss: 1440[0m
[0;32mI (683) wifi_init: WiFi IRAM OP enabled[0m
[0;32mI (693) wifi_init: WiFi RX IRAM OP enabled[0m
[0;32mI (693) phy_init: phy_version 4791,2c4672b,Dec 20 2023,16:06:06[0m
I (793) wifi:mode : sta (b0:a7:32:28:4a:7c)
I (793) wifi:enable tsf
[0;32mI (793) wifi_connect: wifi_init_sta finished.[0m
[0;32mI (793) timestamp: Initializing SNTP[0m
Waiting for time set...
ESP_ERROR_CHECK failed: esp_err_t 0x103 (ESP_ERR_INVALID_STATE) at 0x400d6cb1
file: "./main/main.c" line 24
func: app_main
expression: esp_event_loop_create_default()

abort() was called at PC 0x400890fb on core 0


Backtrace: 0x400817d2:0x3ffba4a0 0x40089105:0x3ffba4c0 0x400908bd:0x3ffba4e0 0x400890fb:0x3ffba550 0x400d6cb1:0x3ffba580 0x4015c3bf:0x3ffba5b0 0x40089c11:0x3ffba5e0




ELF file SHA256: 1f44da274

Rebooting...
ets Jul 29 2019 12:21:46

rst:0xc (SW_CPU_RESET),boot:0x13 (SPI_FAST_FLASH_BOOT)
configsip: 0, SPIWP:0xee
clk_drv:0x00,q_drv:0x00,d_drv:0x00,cs0_drv:0x00,hd_drv:0x00,wp_drv:0x00
mode:DIO, clock div:2
load:0x3fff0030,len:7172
load:0x40078000,len:15540
load:0x40080400,len:4
ho 8 tail 4 room 4
load:0x40080404,len:3904
entry 0x40080640
[0;32mI (31) boot: ESP-IDF v5.2.1-dirty 2nd stage bootloader[0m
[0;32mI (31) boot: compile time May 12 2024 00:01:43[0m
[0;32mI (31) boot: Multicore bootloader[0m
[0;32mI (36) boot: chip revision: v3.1[0m
[0;32mI (40) boot.esp32: SPI Speed      : 40MHz[0m
[0;32mI (44) boot.esp32: SPI Mode       : DIO[0m
[0;32mI (49) boot.esp32: SPI Flash Size : 2MB[0m
[0;32mI (53) boot: Enabling RNG early entropy source...[0m
[0;32mI (59) boot: Partition Table:[0m
[0;32mI (62) boot: ## Label            Usage          Type ST Offset   Length[0m
[0;32mI (70) boot:  0 nvs              WiFi data        01 02 00009000 00006000[0m
[0;32mI (77) boot:  1 phy_init         RF data          01 01 0000f000 00001000[0m
[0;32mI (84) boot:  2 factory          factory app      00 00 00010000 00100000[0m
[0;32mI (92) boot: End of partition table[0m
[0;32mI (96) esp_image: segment 0: paddr=00010020 vaddr=3f400020 size=23a0ch (145932) map[0m
[0;32mI (155) esp_image: segment 1: paddr=00033a34 vaddr=3ffb0000 size=03c34h ( 15412) load[0m
[0;32mI (161) esp_image: segment 2: paddr=00037670 vaddr=40080000 size=089a8h ( 35240) load[0m
[0;32mI (175) esp_image: segment 3: paddr=00040020 vaddr=400d0020 size=8e32ch (582444) map[0m
[0;32mI (374) esp_image: segment 4: paddr=000ce354 vaddr=400889a8 size=0dcfch ( 56572) load[0m
[0;32mI (408) boot: Loaded app from partition at offset 0x10000[0m
[0;32mI (408) boot: Disabling RNG early entropy source...[0m
[0;32mI (420) cpu_start: Multicore app[0m
[0;32mI (428) cpu_start: Pro cpu start user code[0m
[0;32mI (429) cpu_start: cpu freq: 160000000 Hz[0m
[0;32mI (429) cpu_start: Application information:[0m
[0;32mI (432) cpu_start: Project name:     http_request[0m
[0;32mI (437) cpu_start: App version:      e92c574-dirty[0m
[0;32mI (442) cpu_start: Compile time:     May 12 2024 23:24:14[0m
[0;32mI (449) cpu_start: ELF file SHA256:  1f44da274...[0m
[0;32mI (454) cpu_start: ESP-IDF:          v5.2.1-dirty[0m
[0;32mI (459) cpu_start: Min chip rev:     v0.0[0m
[0;32mI (464) cpu_start: Max chip rev:     v3.99 [0m
[0;32mI (469) cpu_start: Chip rev:         v3.1[0m
[0;32mI (474) heap_init: Initializing. RAM available for dynamic allocation:[0m
[0;32mI (481) heap_init: At 3FFAE6E0 len 00001920 (6 KiB): DRAM[0m
[0;32mI (487) heap_init: At 3FFB82B8 len 00027D48 (159 KiB): DRAM[0m
[0;32mI (493) heap_init: At 3FFE0440 len 00003AE0 (14 KiB): D/IRAM[0m
[0;32mI (499) heap_init: At 3FFE4350 len 0001BCB0 (111 KiB): D/IRAM[0m
[0;32mI (506) heap_init: At 400966A4 len 0000995C (38 KiB): IRAM[0m
[0;32mI (514) spi_flash: detected chip: generic[0m
[0;32mI (517) spi_flash: flash io: dio[0m
[0;33mW (521) spi_flash: Detected size(4096k) larger than the size in the binary image header(2048k). Using the size in the binary image header.[0m
[0;33mW (534) ADC: legacy driver is deprecated, please migrate to `esp_adc/adc_oneshot.h`[0m
[0;32mI (543) main_task: Started on CPU0[0m
[0;32mI (553) main_task: Calling app_main()[0m
I (603) wifi:wifi driver task: 3ffc03f8, prio:23, stack:6656, core=0
I (623) wifi:wifi firmware version: a9f5b59
I (623) wifi:wifi certification version: v7.0
I (623) wifi:config NVS flash: enabled
I (623) wifi:config nano formating: disabled
I (633) wifi:Init data frame dynamic rx buffer num: 32
I (633) wifi:Init static rx mgmt buffer num: 5
I (633) wifi:Init management short buffer num: 32
I (643) wifi:Init dynamic tx buffer num: 32
I (643) wifi:Init static rx buffer size: 1600
I (653) wifi:Init static rx buffer num: 10
I (653) wifi:Init dynamic rx buffer num: 32
[0;32mI (663) wifi_init: rx ba win: 6[0m
[0;32mI (663) wifi_init: tcpip mbox: 32[0m
[0;32mI (663) wifi_init: udp mbox: 6[0m
[0;32mI (673) wifi_init: tcp mbox: 6[0m
[0;32mI (673) wifi_init: tcp tx win: 5760[0m
[0;32mI (673) wifi_init: tcp rx win: 5760[0m
[0;32mI (683) wifi_init: tcp mss: 1440[0m
[0;32mI (683) wifi_init: WiFi IRAM OP enabled[0m
[0;32mI (693) wifi_init: WiFi RX IRAM OP enabled[0m
[0;32mI (693) phy_init: phy_version 4791,2c4672b,Dec 20 2023,16:06:06[0m
I (793) wifi:mode : sta (b0:a7:32:28:4a:7c)
I (793) wifi:enable tsf
[0;32mI (793) wifi_connect: wifi_init_sta finished.[0m
[0;32mI (793) timestamp: Initializing SNTP[0m
Waiting for time set...
ESP_ERROR_CHECK failed: esp_err_t 0x103 (ESP_ERR_INVALID_STATE) at 0x400d6cb1
file: "./main/main.c" line 24
func: app_main
expression: esp_event_loop_create_default()

abort() was called at PC 0x400890fb on core 0


Backtrace: 0x400817d2:0x3ffba4a0 0x40089105:0x3ffba4c0 0x400908bd:0x3ffba4e0 0x400890fb:0x3ffba550 0x400d6cb1:0x3ffba580 0x4015c3bf:0x3ffba5b0 0x40089c11:0x3ffba5e0




ELF file SHA256: 1f44da274

Rebooting...
ets Jul 29 2019 12:21:46

rst:0xc (SW_CPU_RESET),boot:0x13 (SPI_FAST_FLASH_BOOT)
configsip: 0, SPIWP:0xee
clk_drv:0x00,q_drv:0x00,d_drv:0x00,cs0_drv:0x00,hd_drv:0x00,wp_drv:0x00
mode:DIO, clock div:2
load:0x3fff0030,len:7172
load:0x40078000,len:15540
load:0x40080400,len:4
ho 8 tail 4 room 4
load:0x40080404,len:3904
entry 0x40080640
[0;32mI (31) boot: ESP-IDF v5.2.1-dirty 2nd stage bootloader[0m
[0;32mI (31) boot: compile time May 12 2024 00:01:43[0m
[0;32mI (31) boot: Multicore bootloader[0m
[0;32mI (36) boot: chip revision: v3.1[0m
[0;32mI (40) boot.esp32: SPI Speed      : 40MHz[0m
[0;32mI (44) boot.esp32: SPI Mode       : DIO[0m
[0;32mI (49) boot.esp32: SPI Flash Size : 2MB[0m
[0;32mI (53) boot: Enabling RNG early entropy source...[0m
[0;32mI (59) boot: Partition Table:[0m
[0;32mI (62) boot: ## Label            Usage          Type ST Offset   Length[0m
[0;32mI (70) boot:  0 nvs              WiFi data        01 02 00009000 00006000[0m
[0;32mI (77) boot:  1 phy_init         RF data          01 01 0000f000 00001000[0m
[0;32mI (84) boot:  2 factory          factory app      00 00 00010000 00100000[0m
[0;32mI (92) boot: End of partition table[0m
[0;32mI (96) esp_image: segment 0: paddr=00010020 vaddr=3f400020 size=23a0ch (145932) map[0m
[0;32mI (155) esp_image: segment 1: paddr=00033a34 vaddr=3ffb0000 size=03c34h ( 15412) load[0m
[0;32mI (161) esp_image: segment 2: paddr=00037670 vaddr=40080000 size=089a8h ( 35240) load[0m
[0;32mI (175) esp_image: segment 3: paddr=00040020 vaddr=400d0020 size=8e32ch (582444) map[0m
[0;32mI (374) esp_image: segment 4: paddr=000ce354 vaddr=400889a8 size=0dcfch ( 56572) load[0m
[0;32mI (408) boot: Loaded app from partition at offset 0x10000[0m
[0;32mI (408) boot: Disabling RNG early entropy source...[0m
[0;32mI (420) cpu_start: Multicore app[0m
[0;32mI (428) cpu_start: Pro cpu start user code[0m
[0;32mI (429) cpu_start: cpu freq: 160000000 Hz[0m
[0;32mI (429) cpu_start: Application information:[0m
[0;32mI (432) cpu_start: Project name:     http_request[0m
[0;32mI (437) cpu_start: App version:      e92c574-dirty[0m
[0;32mI (442) cpu_start: Compile time:     May 12 2024 23:24:14[0m
[0;32mI (449) cpu_start: ELF file SHA256:  1f44da274...[0m
[0;32mI (454) cpu_start: ESP-IDF:          v5.2.1-dirty[0m
[0;32mI (459) cpu_start: Min chip rev:     v0.0[0m
[0;32mI (464) cpu_start: Max chip rev:     v3.99 [0m
[0;32mI (469) cpu_start: Chip rev:         v3.1[0m
[0;32mI (474) heap_init: Initializing. RAM available for dynamic allocation:[0m
[0;32mI (481) heap_init: At 3FFAE6E0 len 00001920 (6 KiB): DRAM[0m
[0;32mI (487) heap_init: At 3FFB82B8 len 00027D48 (159 KiB): DRAM[0m
[0;32mI (493) heap_init: At 3FFE0440 len 00003AE0 (14 KiB): D/IRAM[0m
[0;32mI (499) heap_init: At 3FFE4350 len 0001BCB0 (111 KiB): D/IRAM[0m
[0;32mI (506) heap_init: At 400966A4 len 0000995C (38 KiB): IRAM[0m
[0;32mI (514) spi_flash: detected chip: generic[0m
[0;32mI (517) spi_flash: flash io: dio[0m
[0;33mW (521) spi_flash: Detected size(4096k) larger than the size in the binary image header(2048k). Using the size in the binary image header.[0m
[0;33mW (534) ADC: legacy driver is deprecated, please migrate to `esp_adc/adc_oneshot.h`[0m
[0;32mI (543) main_task: Started on CPU0[0m
[0;32mI (553) main_task: Calling app_main()[0m
I (603) wifi:wifi driver task: 3ffc03f8, prio:23, stack:6656, core=0
I (623) wifi:wifi firmware version: a9f5b59
I (623) wifi:wifi certification version: v7.0
I (623) wifi:config NVS flash: enabled
I (623) wifi:config nano formating: disabled
I (633) wifi:Init data frame dynamic rx buffer num: 32
I (633) wifi:Init static rx mgmt buffer num: 5
I (633) wifi:Init management short buffer num: 32
I (643) wifi:Init dynamic tx buffer num: 32
I (643) wifi:Init static rx buffer size: 1600
I (653) wifi:Init static rx buffer num: 10
