ets Jul 29 2019 12:21:46

rst:0x1 (POWERON_RESET),boot:0x13 (SPI_FAST_FLASH_BOOT)
configsip: 0, SPIWP:0xee
clk_drv:0x00,q_drv:0x00,d_drv:0x00,cs0_drv:0x00,hd_drv:0x00,wp_drv:0x00
mode:DIO, clock div:2
load:0x3fff0030,len:7172
load:0x40078000,len:15540
load:0x40080400,len:4
ho 8 tail 4 room 4
load:0x40080404,len:3904
entry 0x40080640
[0;32mI (31) boot: ESP-IDF v5.2.1-dirty 2nd stage bootloader[0m
[0;32mI (31) boot: compile time May 13 2024 00:12:18[0m
[0;32mI (31) boot: Multicore bootloader[0m
[0;32mI (36) boot: chip revision: v3.1[0m
[0;32mI (40) boot.esp32: SPI Speed      : 40MHz[0m
[0;32mI (44) boot.esp32: SPI Mode       : DIO[0m
[0;32mI (49) boot.esp32: SPI Flash Size : 4MB[0m
[0;32mI (53) boot: Enabling RNG early entropy source...[0m
[0;32mI (59) boot: Partition Table:[0m
[0;32mI (62) boot: ## Label            Usage          Type ST Offset   Length[0m
[0;32mI (70) boot:  0 nvs              WiFi data        01 02 00009000 00006000[0m
[0;32mI (77) boot:  1 phy_init         RF data          01 01 0000f000 00001000[0m
[0;32mI (85) boot:  2 factory          factory app      00 00 00010000 00100000[0m
[0;32mI (92) boot: End of partition table[0m
[0;32mI (96) esp_image: segment 0: paddr=00010020 vaddr=3f400020 size=2293ch (141628) map[0m
[0;32mI (153) esp_image: segment 1: paddr=00032964 vaddr=3ffb0000 size=03c04h ( 15364) load[0m
[0;32mI (159) esp_image: segment 2: paddr=00036570 vaddr=40080000 size=09aa8h ( 39592) load[0m
[0;32mI (175) esp_image: segment 3: paddr=00040020 vaddr=400d0020 size=8b0e8h (569576) map[0m
[0;32mI (370) esp_image: segment 4: paddr=000cb110 vaddr=40089aa8 size=0cbfch ( 52220) load[0m
[0;32mI (402) boot: Loaded app from partition at offset 0x10000[0m
[0;32mI (402) boot: Disabling RNG early entropy source...[0m
[0;32mI (414) cpu_start: Multicore app[0m
[0;32mI (423) cpu_start: Pro cpu start user code[0m
[0;32mI (423) cpu_start: cpu freq: 160000000 Hz[0m
[0;32mI (423) cpu_start: Application information:[0m
[0;32mI (426) cpu_start: Project name:     http_request[0m
[0;32mI (431) cpu_start: App version:      e92c574-dirty[0m
[0;32mI (437) cpu_start: Compile time:     May 13 2024 00:11:55[0m
[0;32mI (443) cpu_start: ELF file SHA256:  a478074a9...[0m
[0;32mI (448) cpu_start: ESP-IDF:          v5.2.1-dirty[0m
[0;32mI (453) cpu_start: Min chip rev:     v0.0[0m
[0;32mI (458) cpu_start: Max chip rev:     v3.99 [0m
[0;32mI (463) cpu_start: Chip rev:         v3.1[0m
[0;32mI (468) heap_init: Initializing. RAM available for dynamic allocation:[0m
[0;32mI (475) heap_init: At 3FFAE6E0 len 00001920 (6 KiB): DRAM[0m
[0;32mI (481) heap_init: At 3FFB8268 len 00027D98 (159 KiB): DRAM[0m
[0;32mI (487) heap_init: At 3FFE0440 len 00003AE0 (14 KiB): D/IRAM[0m
[0;32mI (494) heap_init: At 3FFE4350 len 0001BCB0 (111 KiB): D/IRAM[0m
[0;32mI (500) heap_init: At 400966A4 len 0000995C (38 KiB): IRAM[0m
[0;32mI (508) spi_flash: detected chip: generic[0m
[0;32mI (511) spi_flash: flash io: dio[0m
[0;33mW (515) ADC: legacy driver is deprecated, please migrate to `esp_adc/adc_oneshot.h`[0m
[0;32mI (524) main_task: Started on CPU0[0m
[0;32mI (534) main_task: Calling app_main()[0m
I (584) wifi:wifi driver task: 3ffc03a8, prio:23, stack:6656, core=0
I (604) wifi:wifi firmware version: a9f5b59
I (604) wifi:wifi certification version: v7.0
I (604) wifi:config NVS flash: enabled
I (604) wifi:config nano formating: disabled
I (614) wifi:Init data frame dynamic rx buffer num: 32
I (614) wifi:Init static rx mgmt buffer num: 5
I (614) wifi:Init management short buffer num: 32
I (624) wifi:Init dynamic tx buffer num: 32
I (624) wifi:Init static rx buffer size: 1600
I (634) wifi:Init static rx buffer num: 10
I (634) wifi:Init dynamic rx buffer num: 32
[0;32mI (644) wifi_init: rx ba win: 6[0m
[0;32mI (644) wifi_init: tcpip mbox: 32[0m
[0;32mI (644) wifi_init: udp mbox: 6[0m
[0;32mI (654) wifi_init: tcp mbox: 6[0m
[0;32mI (654) wifi_init: tcp tx win: 5760[0m
[0;32mI (654) wifi_init: tcp rx win: 5760[0m
[0;32mI (664) wifi_init: tcp mss: 1440[0m
[0;32mI (664) wifi_init: WiFi IRAM OP enabled[0m
[0;32mI (674) wifi_init: WiFi RX IRAM OP enabled[0m
[0;32mI (674) phy_init: phy_version 4791,2c4672b,Dec 20 2023,16:06:06[0m
I (774) wifi:mode : sta (b0:a7:32:28:4a:7c)
I (774) wifi:enable tsf
[0;32mI (774) wifi_connect: wifi_init_sta finished.[0m
[0;32mI (774) timestamp: Initializing SNTP[0m
Waiting for time set...
I (814) wifi:new:<11,0>, old:<1,0>, ap:<255,255>, sta:<11,0>, prof:1
I (814) wifi:state: init -> auth (b0)
I (824) wifi:state: auth -> assoc (0)
I (824) wifi:state: assoc -> run (10)
I (834) wifi:connected with Sv 2022, aid = 4, channel 11, BW20, bssid = 7c:a1:07:aa:c0:60
I (834) wifi:security: WPA2-PSK, phy: bgn, rssi: -54
I (844) wifi:pm start, type: 1

I (1014) wifi:AP's beacon interval = 204800 us, DTIM period = 1
Waiting for time set...
[0;32mI (1844) esp_netif_handlers: sta ip: 192.168.1.70, mask: 255.255.255.0, gw: 192.168.1.1[0m
Waiting for time set...
I (2974) wifi:<ba-add>idx:0 (ifx:0, 7c:a1:07:aa:c0:60), tid:0, ssn:2, winSize:64
I (2984) wifi:<ba-add>idx:1 (ifx:0, 7c:a1:07:aa:c0:60), tid:7, ssn:2, winSize:64
[0;32mI (3504) timestamp: Notification of a time synchronization event[0m
[0;32mI (3774) main_task: Returned from app_main()[0m

assert failed: xQueueGenericSend queue.c:936 (pxQueue)


Backtrace: 0x400817d2:0x3ffc8210 0x40089105:0x3ffc8230 0x400909f9:0x3ffc8250 0x400894f3:0x3ffc8370 0x400d6c86:0x3ffc83b0 0x40089c11:0x3ffc8fa0




ELF file SHA256: a478074a9

Rebooting...
ets Jul 29 2019 12:21:46

rst:0xc (SW_CPU_RESET),boot:0x13 (SPI_FAST_FLASH_BOOT)
configsip: 0, SPIWP:0xee
clk_drv:0x00,q_drv:0x00,d_drv:0x00,cs0_drv:0x00,hd_drv:0x00,wp_drv:0x00
mode:DIO, clock div:2
load:0x3fff0030,len:7172
load:0x40078000,len:15540
load:0x40080400,len:4
ho 8 tail 4 room 4
load:0x40080404,len:3904
entry 0x40080640
[0;32mI (31) boot: ESP-IDF v5.2.1-dirty 2nd stage bootloader[0m
[0;32mI (31) boot: compile time May 13 2024 00:12:18[0m
[0;32mI (31) boot: Multicore bootloader[0m
[0;32mI (36) boot: chip revision: v3.1[0m
[0;32mI (40) boot.esp32: SPI Speed      : 40MHz[0m
[0;32mI (44) boot.esp32: SPI Mode       : DIO[0m
[0;32mI (49) boot.esp32: SPI Flash Size : 4MB[0m
[0;32mI (53) boot: Enabling RNG early entropy source...[0m
[0;32mI (59) boot: Partition Table:[0m
[0;32mI (62) boot: ## Label            Usage          Type ST Offset   Length[0m
[0;32mI (70) boot:  0 nvs              WiFi data        01 02 00009000 00006000[0m
[0;32mI (77) boot:  1 phy_init         RF data          01 01 0000f000 00001000[0m
[0;32mI (84) boot:  2 factory          factory app      00 00 00010000 00100000[0m
[0;32mI (92) boot: End of partition table[0m
[0;32mI (96) esp_image: segment 0: paddr=00010020 vaddr=3f400020 size=2293ch (141628) map[0m
[0;32mI (153) esp_image: segment 1: paddr=00032964 vaddr=3ffb0000 size=03c04h ( 15364) load[0m
[0;32mI (159) esp_image: segment 2: paddr=00036570 vaddr=40080000 size=09aa8h ( 39592) load[0m
[0;32mI (175) esp_image: segment 3: paddr=00040020 vaddr=400d0020 size=8b0e8h (569576) map[0m
[0;32mI (370) esp_image: segment 4: paddr=000cb110 vaddr=40089aa8 size=0cbfch ( 52220) load[0m
[0;32mI (402) boot: Loaded app from partition at offset 0x10000[0m
[0;32mI (402) boot: Disabling RNG early entropy source...[0m
[0;32mI (414) cpu_start: Multicore app[0m
[0;32mI (423) cpu_start: Pro cpu start user code[0m
[0;32mI (423) cpu_start: cpu freq: 160000000 Hz[0m
[0;32mI (423) cpu_start: Application information:[0m
[0;32mI (426) cpu_start: Project name:     http_request[0m
[0;32mI (431) cpu_start: App version:      e92c574-dirty[0m
[0;32mI (437) cpu_start: Compile time:     May 13 2024 00:11:55[0m
[0;32mI (443) cpu_start: ELF file SHA256:  a478074a9...[0m
[0;32mI (448) cpu_start: ESP-IDF:          v5.2.1-dirty[0m
[0;32mI (453) cpu_start: Min chip rev:     v0.0[0m
[0;32mI (458) cpu_start: Max chip rev:     v3.99 [0m
[0;32mI (463) cpu_start: Chip rev:         v3.1[0m
[0;32mI (468) heap_init: Initializing. RAM available for dynamic allocation:[0m
[0;32mI (475) heap_init: At 3FFAE6E0 len 00001920 (6 KiB): DRAM[0m
[0;32mI (481) heap_init: At 3FFB8268 len 00027D98 (159 KiB): DRAM[0m
[0;32mI (487) heap_init: At 3FFE0440 len 00003AE0 (14 KiB): D/IRAM[0m
[0;32mI (493) heap_init: At 3FFE4350 len 0001BCB0 (111 KiB): D/IRAM[0m
[0;32mI (500) heap_init: At 400966A4 len 0000995C (38 KiB): IRAM[0m
[0;32mI (508) spi_flash: detected chip: generic[0m
[0;32mI (511) spi_flash: flash io: dio[0m
[0;33mW (515) ADC: legacy driver is deprecated, please migrate to `esp_adc/adc_oneshot.h`[0m
[0;32mI (524) main_task: Started on CPU0[0m
[0;32mI (534) main_task: Calling app_main()[0m
I (584) wifi:wifi driver task: 3ffc03a8, prio:23, stack:6656, core=0
I (604) wifi:wifi firmware version: a9f5b59
I (604) wifi:wifi certification version: v7.0
I (604) wifi:config NVS flash: enabled
I (604) wifi:config nano formating: disabled
I (614) wifi:Init data frame dynamic rx buffer num: 32
I (614) wifi:Init static rx mgmt buffer num: 5
I (614) wifi:Init management short buffer num: 32
I (624) wifi:Init dynamic tx buffer num: 32
I (624) wifi:Init static rx buffer size: 1600
I (634) wifi:Init static rx buffer num: 10
I (634) wifi:Init dynamic rx buffer num: 32
[0;32mI (644) wifi_init: rx ba win: 6[0m
[0;32mI (644) wifi_init: tcpip mbox: 32[0m
[0;32mI (644) wifi_init: udp mbox: 6[0m
[0;32mI (654) wifi_init: tcp mbox: 6[0m
[0;32mI (654) wifi_init: tcp tx win: 5760[0m
[0;32mI (654) wifi_init: tcp rx win: 5760[0m
[0;32mI (664) wifi_init: tcp mss: 1440[0m
[0;32mI (664) wifi_init: WiFi IRAM OP enabled[0m
[0;32mI (674) wifi_init: WiFi RX IRAM OP enabled[0m
[0;32mI (674) phy_init: phy_version 4791,2c4672b,Dec 20 2023,16:06:06[0m
I (774) wifi:mode : sta (b0:a7:32:28:4a:7c)
I (774) wifi:enable tsf
[0;32mI (774) wifi_connect: wifi_init_sta finished.[0m
[0;32mI (774) timestamp: Initializing SNTP[0m
Waiting for time set...
[0;32mI (1784) main_task: Returned from app_main()[0m

assert failed: xQueueGenericSend queue.c:936 (pxQueue)


Backtrace: 0x400817d2:0x3ffc7d00 0x40089105:0x3ffc7d20 0x400909f9:0x3ffc7d40 0x400894f3:0x3ffc7e60 0x400d6c86:0x3ffc7ea0 0x40089c11:0x3ffc8a90




ELF file SHA256: a478074a9

Rebooting...
ets Jul 29 2019 12:21:46

rst:0xc (SW_CPU_RESET),boot:0x13 (SPI_FAST_FLASH_BOOT)
configsip: 0, SPIWP:0xee
clk_drv:0x00,q_drv:0x00,d_drv:0x00,cs0_drv:0x00,hd_drv:0x00,wp_drv:0x00
mode:DIO, clock div:2
load:0x3fff0030,len:7172
load:0x40078000,len:15540
load:0x40080400,len:4
ho 8 tail 4 room 4
load:0x40080404,len:3904
entry 0x40080640
[0;32mI (31) boot: ESP-IDF v5.2.1-dirty 2nd stage bootloader[0m
[0;32mI (31) boot: compile time May 13 2024 00:12:18[0m
[0;32mI (31) boot: Multicore bootloader[0m
[0;32mI (36) boot: chip revision: v3.1[0m
[0;32mI (40) boot.esp32: SPI Speed      : 40MHz[0m
[0;32mI (44) boot.esp32: SPI Mode       : DIO[0m
[0;32mI (49) boot.esp32: SPI Flash Size : 4MB[0m
[0;32mI (53) boot: Enabling RNG early entropy source...[0m
[0;32mI (59) boot: Partition Table:[0m
[0;32mI (62) boot: ## Label            Usage          Type ST Offset   Length[0m
[0;32mI (70) boot:  0 nvs              WiFi data        01 02 00009000 00006000[0m
[0;32mI (77) boot:  1 phy_init         RF data          01 01 0000f000 00001000[0m
[0;32mI (84) boot:  2 factory          factory app      00 00 00010000 00100000[0m
[0;32mI (92) boot: End of partition table[0m
[0;32mI (96) esp_image: segment 0: paddr=00010020 vaddr=3f400020 size=2293ch (141628) map[0m
[0;32mI (153) esp_image: segment 1: paddr=00032964 vaddr=3ffb0000 size=03c04h ( 15364) load[0m
[0;32mI (159) esp_image: segment 2: paddr=00036570 vaddr=40080000 size=09aa8h ( 39592) load[0m
[0;32mI (175) esp_image: segment 3: paddr=00040020 vaddr=400d0020 size=8b0e8h (569576) map[0m
[0;32mI (370) esp_image: segment 4: paddr=000cb110 vaddr=40089aa8 size=0cbfch ( 52220) load[0m
[0;32mI (402) boot: Loaded app from partition at offset 0x10000[0m
[0;32mI (402) boot: Disabling RNG early entropy source...[0m
[0;32mI (414) cpu_start: Multicore app[0m
[0;32mI (423) cpu_start: Pro cpu start user code[0m
[0;32mI (423) cpu_start: cpu freq: 160000000 Hz[0m
[0;32mI (423) cpu_start: Application information:[0m
[0;32mI (426) cpu_start: Project name:     http_request[0m
[0;32mI (431) cpu_start: App version:      e92c574-dirty[0m
[0;32mI (437) cpu_start: Compile time:     May 13 2024 00:11:55[0m
[0;32mI (443) cpu_start: ELF file SHA256:  a478074a9...[0m
[0;32mI (448) cpu_start: ESP-IDF:          v5.2.1-dirty[0m
[0;32mI (453) cpu_start: Min chip rev:     v0.0[0m
[0;32mI (458) cpu_start: Max chip rev:     v3.99 [0m
[0;32mI (463) cpu_start: Chip rev:         v3.1[0m
[0;32mI (468) heap_init: Initializing. RAM available for dynamic allocation:[0m
[0;32mI (475) heap_init: At 3FFAE6E0 len 00001920 (6 KiB): DRAM[0m
[0;32mI (481) heap_init: At 3FFB8268 len 00027D98 (159 KiB): DRAM[0m
[0;32mI (487) heap_init: At 3FFE0440 len 00003AE0 (14 KiB): D/IRAM[0m
[0;32mI (493) heap_init: At 3FFE4350 len 0001BCB0 (111 KiB): D/IRAM[0m
[0;32mI (500) heap_init: At 400966A4 len 0000995C (38 KiB): IRAM[0m
[0;32mI (508) spi_flash: detected chip: generic[0m
[0;32mI (511) spi_flash: flash io: dio[0m
[0;33mW (515) ADC: legacy driver is deprecated, please migrate to `esp_adc/adc_oneshot.h`[0m
[0;32mI (524) main_task: Started on CPU0[0m
[0;32mI (534) main_task: Calling app_main()[0m
I (584) wifi:wifi driver task: 3ffc03a8, prio:23, stack:6656, core=0
I (604) wifi:wifi firmware version: a9f5b59
I (604) wifi:wifi certification version: v7.0
I (604) wifi:config NVS flash: enabled
I (604) wifi:config nano formating: disabled
I (614) wifi:Init data frame dynamic rx buffer num: 32
I (614) wifi:Init static rx mgmt buffer num: 5
I (614) wifi:Init management short buffer num: 32
I (624) wifi:Init dynamic tx buffer num: 32
I (624) wifi:Init static rx buffer size: 1600
I (634) wifi:Init static rx buffer num: 10
I (634) wifi:Init dynamic rx buffer num: 32
[0;32mI (644) wifi_init: rx ba win: 6[0m
[0;32mI (644) wifi_init: tcpip mbox: 32[0m
[0;32mI (644) wifi_init: udp mbox: 6[0m
[0;32mI (654) wifi_init: tcp mbox: 6[0m
[0;32mI (654) wifi_init: tcp tx win: 5760[0m
[0;32mI (654) wifi_init: tcp rx win: 5760[0m
[0;32mI (664) wifi_init: tcp mss: 1440[0m
[0;32mI (664) wifi_init: WiFi IRAM OP enabled[0m
[0;32mI (674) wifi_init: WiFi RX IRAM OP enabled[0m
[0;32mI (674) phy_init: phy_version 4791,2c4672b,Dec 20 2023,16:06:06[0m
I (774) wifi:mode : sta (b0:a7:32:28:4a:7c)
I (774) wifi:enable tsf
[0;32mI (774) wifi_connect: wifi_init_sta finished.[0m
[0;32mI (774) timestamp: Initializing SNTP[0m
Waiting for time set...
I (784) wifi:new:<11,0>, old:<1,0>, ap:<255,255>, sta:<11,0>, prof:1
I (784) wifi:state: init -> auth (b0)
I (794) wifi:state: auth -> assoc (0)
I (794) wifi:state: assoc -> run (10)
I (804) wifi:connected with Sv 2022, aid = 4, channel 11, BW20, bssid = 7c:a1:07:aa:c0:60
I (804) wifi:security: WPA2-PSK, phy: bgn, rssi: -56
I (814) wifi:pm start, type: 1

I (984) wifi:AP's beacon interval = 204800 us, DTIM period = 1
[0;32mI (1774) main_task: Returned from app_main()[0m
[0;32mI (1814) esp_netif_handlers: sta ip: 192.168.1.70, mask: 255.255.255.0, gw: 192.168.1.1[0m

assert failed: xQueueGenericSend queue.c:936 (pxQueue)


Backtrace: 0x400817d2:0x3ffc7ff0 0x40089105:0x3ffc8010 0x400909f9:0x3ffc8030 0x400894f3:0x3ffc8150 0x400d6c86:0x3ffc8190 0x40089c11:0x3ffc8d80




ELF file SHA256: a478074a9

Rebooting...
ets Jul 29 2019 12:21:46

rst:0xc (SW_CPU_RESET),boot:0x13 (SPI_FAST_FLASH_BOOT)
configsip: 0, SPIWP:0xee
clk_drv:0x00,q_drv:0x00,d_drv:0x00,cs0_drv:0x00,hd_drv:0x00,wp_drv:0x00
mode:DIO, clock div:2
load:0x3fff0030,len:7172
load:0x40078000,len:15540
load:0x40080400,len:4
ho 8 tail 4 room 4
load:0x40080404,len:3904
entry 0x40080640
[0;32mI (31) boot: ESP-IDF v5.2.1-dirty 2nd stage bootloader[0m
[0;32mI (31) boot: compile time May 13 2024 00:12:18[0m
[0;32mI (31) boot: Multicore bootloader[0m
[0;32mI (36) boot: chip revision: v3.1[0m
[0;32mI (40) boot.esp32: SPI Speed      : 40MHz[0m
[0;32mI (44) boot.esp32: SPI Mode       : DIO[0m
[0;32mI (49) boot.esp32: SPI Flash Size : 4MB[0m
[0;32mI (53) boot: Enabling RNG early entropy source...[0m
[0;32mI (59) boot: Partition Table:[0m
[0;32mI (62) boot: ## Label            Usage          Type ST Offset   Length[0m
[0;32mI (70) boot:  0 nvs              WiFi data        01 02 00009000 00006000[0m
[0;32mI (77) boot:  1 phy_init         RF data          01 01 0000f000 00001000[0m
[0;32mI (84) boot:  2 factory          factory app      00 00 00010000 00100000[0m
[0;32mI (92) boot: End of partition table[0m
[0;32mI (96) esp_image: segment 0: paddr=00010020 vaddr=3f400020 size=2293ch (141628) map[0m
[0;32mI (153) esp_image: segment 1: paddr=00032964 vaddr=3ffb0000 size=03c04h ( 15364) load[0m
[0;32mI (159) esp_image: segment 2: paddr=00036570 vaddr=40080000 size=09aa8h ( 39592) load[0m
[0;32mI (175) esp_image: segment 3: paddr=00040020 vaddr=400d0020 size=8b0e8h (569576) map[0m
[0;32mI (370) esp_image: segment 4: paddr=000cb110 vaddr=40089aa8 size=0cbfch ( 52220) load[0m
[0;32mI (402) boot: Loaded app from partition at offset 0x10000[0m
[0;32mI (402) boot: Disabling RNG early entropy source...[0m
[0;32mI (414) cpu_start: Multicore app[0m
[0;32mI (423) cpu_start: Pro cpu start user code[0m
[0;32mI (423) cpu_start: cpu freq: 160000000 Hz[0m
[0;32mI (423) cpu_start: Application information:[0m
[0;32mI (426) cpu_start: Project name:     http_request[0m
[0;32mI (431) cpu_start: App version:      e92c574-dirty[0m
[0;32mI (437) cpu_start: Compile time:     May 13 2024 00:11:55[0m
[0;32mI (443) cpu_start: ELF file SHA256:  a478074a9...[0m
[0;32mI (448) cpu_start: ESP-IDF:          v5.2.1-dirty[0m
[0;32mI (453) cpu_start: Min chip rev:     v0.0[0m
[0;32mI (458) cpu_start: Max chip rev:     v3.99 [0m
[0;32mI (463) cpu_start: Chip rev:         v3.1[0m
[0;32mI (468) heap_init: Initializing. RAM available for dynamic allocation:[0m
[0;32mI (475) heap_init: At 3FFAE6E0 len 00001920 (6 KiB): DRAM[0m
[0;32mI (481) heap_init: At 3FFB8268 len 00027D98 (159 KiB): DRAM[0m
[0;32mI (487) heap_init: At 3FFE0440 len 00003AE0 (14 KiB): D/IRAM[0m
[0;32mI (493) heap_init: At 3FFE4350 len 0001BCB0 (111 KiB): D/IRAM[0m
[0;32mI (500) heap_init: At 400966A4 len 0000995C (38 KiB): IRAM[0m
[0;32mI (508) spi_flash: detected chip: generic[0m
[0;32mI (511) spi_flash: flash io: dio[0m
[0;33mW (515) ADC: legacy driver is deprecated, please migrate to `esp_adc/adc_oneshot.h`[0m
[0;32mI (524) main_task: Started on CPU0[0m
[0;32mI (534) main_task: Calling app_main()[0m
I (584) wifi:wifi driver task: 3ffc03a8, prio:23, stack:6656, core=0
I (604) wifi:wifi firmware version: a9f5b59
I (604) wifi:wifi certification version: v7.0
I (604) wifi:config NVS flash: enabled
I (604) wifi:config nano formating: disabled
I (614) wifi:Init data frame dynamic rx buffer num: 32
I (614) wifi:Init static rx mgmt buffer num: 5
I (614) wifi:Init management short buffer num: 32
I (624) wifi:Init dynamic tx buffer num: 32
I (624) wifi:Init static rx buffer size: 1600
I (634) wifi:Init static rx buffer num: 10
I (634) wifi:Init dynamic rx buffer num: 32
[0;32mI (644) wifi_init: rx ba win: 6[0m
[0;32mI (644) wifi_init: tcpip mbox: 32[0m
[0;32mI (644) wifi_init: udp mbox: 6[0m
[0;32mI (654) wifi_init: tcp mbox: 6[0m
[0;32mI (654) wifi_init: tcp tx win: 5760[0m
[0;32mI (654) wifi_init: tcp rx win: 5760[0m
[0;32mI (664) wifi_init: tcp mss: 1440[0m
[0;32mI (664) wifi_init: WiFi IRAM OP enabled[0m
[0;32mI (674) wifi_init: WiFi RX IRAM OP enabled[0m
[0;32mI (674) phy_init: phy_version 4791,2c4672b,Dec 20 2023,16:06:06[0m
I (774) wifi:mode : sta (b0:a7:32:28:4a:7c)
I (774) wifi:enable tsf
[0;32mI (774) wifi_connect: wifi_init_sta finished.[0m
[0;32mI (774) timestamp: Initializing SNTP[0m
Waiting for time set...
I (854) wifi:new:<11,0>, old:<1,0>, ap:<255,255>, sta:<11,0>, prof:1
I (854) wifi:state: init -> auth (b0)
I (854) wifi:state: auth -> assoc (0)
I (864) wifi:state: assoc -> run (10)
I (874) wifi:connected with Sv 2022, aid = 4, channel 11, BW20, bssid = 7c:a1:07:aa:c0:60
I (884) wifi:security: WPA2-PSK, phy: bgn, rssi: -54
I (884) wifi:pm start, type: 1

I (1054) wifi:AP's beacon interval = 204800 us, DTIM period = 1
[0;32mI (1774) main_task: Returned from app_main()[0m
[0;32mI (1884) esp_netif_handlers: sta ip: 192.168.1.70, mask: 255.255.255.0, gw: 192.168.1.1[0m

assert failed: xQueueGenericSend queue.c:936 (pxQueue)


Backtrace: 0x400817d2:0x3ffc7ff0 0x40089105:0x3ffc8010 0x400909f9:0x3ffc8030 0x400894f3:0x3ffc8150 0x400d6c86:0x3ffc8190 0x40089c11:0x3ffc8d80




ELF file SHA256: a478074a9

Rebooting...
ets Jul 29 2019 12:21:46

rst:0xc (SW_CPU_RESET),boot:0x13 (SPI_FAST_FLASH_BOOT)
configsip: 0, SPIWP:0xee
clk_drv:0x00,q_drv:0x00,d_drv:0x00,cs0_drv:0x00,hd_drv:0x00,wp_drv:0x00
mode:DIO, clock div:2
load:0x3fff0030,len:7172
load:0x40078000,len:15540
load:0x40080400,len:4
ho 8 tail 4 room 4
load:0x40080404,len:3904
entry 0x40080640
[0;32mI (31) boot: ESP-IDF v5.2.1-dirty 2nd stage bootloader[0m
[0;32mI (31) boot: compile time May 13 2024 00:12:18[0m
[0;32mI (31) boot: Multicore bootloader[0m
[0;32mI (36) boot: chip revision: v3.1[0m
[0;32mI (40) boot.esp32: SPI Speed      : 40MHz[0m
[0;32mI (44) boot.esp32: SPI Mode       : DIO[0m
[0;32mI (49) boot.esp32: SPI Flash Size : 4MB[0m
[0;32mI (53) boot: Enabling RNG early entropy source...[0m
[0;32mI (59) boot: Partition Table:[0m
[0;32mI (62) boot: ## Label            Usage          Type ST Offset   Length[0m
[0;32mI (70) boot:  0 nvs              WiFi data        01 02 00009000 00006000[0m
[0;32mI (77) boot:  1 phy_init         RF data          01 01 0000f000 00001000[0m
[0;32mI (84) boot:  2 factory          factory app      00 00 00010000 00100000[0m
[0;32mI (92) boot: End of partition table[0m
[0;32mI (96) esp_image: segment 0: paddr=00010020 vaddr=3f400020 size=2293ch (141628) map[0m
[0;32mI (153) esp_image: segment 1: paddr=00032964 vaddr=3ffb0000 size=03c04h ( 15364) load[0m
[0;32mI (159) esp_image: segment 2: paddr=00036570 vaddr=40080000 size=09aa8h ( 39592) load[0m
[0;32mI (175) esp_image: segment 3: paddr=00040020 vaddr=400d0020 size=8b0e8h (569576) map[0m
[0;32mI (370) esp_image: segment 4: paddr=000cb110 vaddr=40089aa8 size=0cbfch ( 52220) load[0m
[0;32mI (402) boot: Loaded app from partition at offset 0x10000[0m
[0;32mI (402) boot: Disabling RNG early entropy source...[0m
[0;32mI (414) cpu_start: Multicore app[0m
[0;32mI (423) cpu_start: Pro cpu start user code[0m
[0;32mI (423) cpu_start: cpu freq: 160000000 Hz[0m
[0;32mI (423) cpu_start: Application information:[0m
[0;32mI (426) cpu_start: Project name:     http_request[0m
[0;32mI (431) cpu_start: App version:      e92c574-dirty[0m
[0;32mI (437) cpu_start: Compile time:     May 13 2024 00:11:55[0m
[0;32mI (443) cpu_start: ELF file SHA256:  a478074a9...[0m
[0;32mI (448) cpu_start: ESP-IDF:          v5.2.1-dirty[0m
[0;32mI (453) cpu_start: Min chip rev:     v0.0[0m
[0;32mI (458) cpu_start: Max chip rev:     v3.99 [0m
[0;32mI (463) cpu_start: Chip rev:         v3.1[0m
[0;32mI (468) heap_init: Initializing. RAM available for dynamic allocation:[0m
[0;32mI (475) heap_init: At 3FFAE6E0 len 00001920 (6 KiB): DRAM[0m
[0;32mI (481) heap_init: At 3FFB8268 len 00027D98 (159 KiB): DRAM[0m
[0;32mI (487) heap_init: At 3FFE0440 len 00003AE0 (14 KiB): D/IRAM[0m
[0;32mI (493) heap_init: At 3FFE4350 len 0001BCB0 (111 KiB): D/IRAM[0m
[0;32mI (500) heap_init: At 400966A4 len 0000995C (38 KiB): IRAM[0m
[0;32mI (508) spi_flash: detected chip: generic[0m
[0;32mI (511) spi_flash: flash io: dio[0m
[0;33mW (515) ADC: legacy driver is deprecated, please migrate to `esp_adc/adc_oneshot.h`[0m
[0;32mI (524) main_task: Started on CPU0[0m
[0;32mI (534) main_task: Calling app_main()[0m
I (584) wifi:wifi driver task: 3ffc03a8, prio:23, stack:6656, core=0
I (604) wifi:wifi firmware version: a9f5b59
I (604) wifi:wifi certification version: v7.0
I (604) wifi:config NVS flash: enabled
I (604) wifi:config nano formating: disabled
I (614) wifi:Init data frame dynamic rx buffer num: 32
I (614) wifi:Init static rx mgmt buffer num: 5
I (614) wifi:Init management short buffer num: 32
I (624) wifi:Init dynamic tx buffer num: 32
I (624) wifi:Init static rx buffer size: 1600
I (634) wifi:Init static rx buffer num: 10
I (634) wifi:Init dynamic rx buffer num: 32
[0;32mI (644) wifi_init: rx ba win: 6[0m
[0;32mI (644) wifi_init: tcpip mbox: 32[0m
[0;32mI (644) wifi_init: udp mbox: 6[0m
[0;32mI (654) wifi_init: tcp mbox: 6[0m
[0;32mI (654) wifi_init: tcp tx win: 5760[0m
[0;32mI (654) wifi_init: tcp rx win: 5760[0m
[0;32mI (664) wifi_init: tcp mss: 1440[0m
[0;32mI (664) wifi_init: WiFi IRAM OP enabled[0m
[0;32mI (674) wifi_init: WiFi RX IRAM OP enabled[0m
[0;32mI (674) phy_init: phy_version 4791,2c4672b,Dec 20 2023,16:06:06[0m
I (774) wifi:mode : sta (b0:a7:32:28:4a:7c)
I (774) wifi:enable tsf
[0;32mI (774) wifi_connect: wifi_init_sta finished.[0m
[0;32mI (774) timestamp: Initializing SNTP[0m
Waiting for time set...
[0;32mI (1774) main_task: Returned from app_main()[0m

assert failed: xQueueGenericSend queue.c:936 (pxQueue)


Backtrace: 0x400817d2:0x3ffc7d00 0x40089105:0x3ffc7d20 0x400909f9:0x3ffc7d40 0x400894f3:0x3ffc7e60 0x400d6c86:0x3ffc7ea0 0x40089c11:0x3ffc8a90




ELF file SHA256: a478074a9

Rebooting...
ets Jul 29 2019 12:21:46

rst:0xc (SW_CPU_RESET),boot:0x13 (SPI_FAST_FLASH_BOOT)
configsip: 0, SPIWP:0xee
clk_drv:0x00,q_drv:0x00,d_drv:0x00,cs0_drv:0x00,hd_drv:0x00,wp_drv:0x00
mode:DIO, clock div:2
load:0x3fff0030,len:7172
load:0x40078000,len:15540
load:0x40080400,len:4
ho 8 tail 4 room 4
load:0x40080404,len:3904
entry 0x40080640
[0;32mI (31) boot: ESP-IDF v5.2.1-dirty 2nd stage bootloader[0m
[0;32mI (31) boot: compile time May 13 2024 00:12:18[0m
[0;32mI (31) boot: Multicore bootloader[0m
[0;32mI (36) boot: chip revision: v3.1[0m
[0;32mI (40) boot.esp32: SPI Speed      : 40MHz[0m
[0;32mI (44) boot.esp32: SPI Mode       : DIO[0m
[0;32mI (49) boot.esp32: SPI Flash Size : 4MB[0m
[0;32mI (53) boot: Enabling RNG early entropy source...[0m
[0;32mI (59) boot: Partition Table:[0m
[0;32mI (62) boot: ## Label            Usage          Type ST Offset   Length[0m
[0;32mI (70) boot:  0 nvs              WiFi data        01 02 00009000 00006000[0m
[0;32mI (77) boot:  1 phy_init         RF data          01 01 0000f000 00001000[0m
[0;32mI (84) boot:  2 factory          factory app      00 00 00010000 00100000[0m
[0;32mI (92) boot: End of partition table[0m
[0;32mI (96) esp_image: segment 0: paddr=00010020 vaddr=3f400020 size=2293ch (141628) map[0m
[0;32mI (153) esp_image: segment 1: paddr=00032964 vaddr=3ffb0000 size=03c04h ( 15364) load[0m
[0;32mI (159) esp_image: segment 2: paddr=00036570 vaddr=40080000 size=09aa8h ( 39592) load[0m
[0;32mI (175) esp_image: segment 3: paddr=00040020 vaddr=400d0020 size=8b0e8h (569576) map[0m
[0;32mI (370) esp_image: segment 4: paddr=000cb110 vaddr=40089aa8 size=0cbfch ( 52220) load[0m
[0;32mI (402) boot: Loaded app from partition at offset 0x10000[0m
[0;32mI (402) boot: Disabling RNG early entropy source...[0m
[0;32mI (414) cpu_start: Multicore app[0m
[0;32mI (423) cpu_start: Pro cpu start user code[0m
[0;32mI (423) cpu_start: cpu freq: 160000000 Hz[0m
[0;32mI (423) cpu_start: Application information:[0m
[0;32mI (426) cpu_start: Project name:     http_request[0m
[0;32mI (431) cpu_start: App version:      e92c574-dirty[0m
[0;32mI (437) cpu_start: Compile time:     May 13 2024 00:11:55[0m
[0;32mI (443) cpu_start: ELF file SHA256:  a478074a9...[0m
[0;32mI (448) cpu_start: ESP-IDF:          v5.2.1-dirty[0m
[0;32mI (453) cpu_start: Min chip rev:     v0.0[0m
[0;32mI (458) cpu_start: Max chip rev:     v3.99 [0m
[0;32mI (463) cpu_start: Chip rev:         v3.1[0m
[0;32mI (468) heap_init: Initializing. RAM available for dynamic allocation:[0m
[0;32mI (475) heap_init: At 3FFAE6E0 len 00001920 (6 KiB): DRAM[0m
[0;32mI (481) heap_init: At 3FFB8268 len 00027D98 (159 KiB): DRAM[0m
[0;32mI (487) heap_init: At 3FFE0440 len 00003AE0 (14 KiB): D/IRAM[0m
[0;32mI (493) heap_init: At 3FFE4350 len 0001BCB0 (111 KiB): D/IRAM[0m
[0;32mI (500) heap_init: At 400966A4 len 0000995C (38 KiB): IRAM[0m
[0;32mI (508) spi_flash: detected chip: generic[0m
[0;32mI (511) spi_flash: flash io: dio[0m
[0;33mW (515) ADC: legacy driver is deprecated, please migrate to `esp_adc/adc_oneshot.h`[0m
[0;32mI (524) main_task: Started on CPU0[0m
[0;32mI (534) main_task: Calling app_main()[0m
I (584) wifi:wifi driver task: 3ffc03a8, prio:23, stack:6656, core=0
I (604) wifi:wifi firmware version: a9f5b59
I (604) wifi:wifi certification version: v7.0
I (604) wifi:config NVS flash: enabled
I (604) wifi:config nano formating: disabled
I (614) wifi:Init data frame dynamic rx buffer num: 32
I (614) wifi:Init static rx mgmt buffer num: 5
I (614) wifi:Init management short buffer num: 32
I (624) wifi:Init dynamic tx buffer num: 32
I (624) wifi:Init static rx buffer size: 1600
I (634) wifi:Init static rx buffer num: 10
I (634) wifi:Init dynamic rx buffer num: 32
[0;32mI (644) wifi_init: rx ba win: 6[0m
[0;32mI (644) wifi_init: tcpip mbox: 32[0m
[0;32mI (644) wifi_init: udp mbox: 6[0m
[0;32mI (654) wifi_init: tcp mbox: 6[0m
[0;32mI (654) wifi_init: tcp tx win: 5760[0m
[0;32mI (654) wifi_init: tcp rx win: 5760[0m
[0;32mI (664) wifi_init: tcp mss: 1440[0m
[0;32mI (664) wifi_init: WiFi IRAM OP enabled[0m
[0;32mI (674) wifi_init: WiFi RX IRAM OP enabled[0m
[0;32mI (674) phy_init: phy_version 4791,2c4672b,Dec 20 2023,16:06:06[0m
I (784) wifi:mode : sta (b0:a7:32:28:4a:7c)
I (784) wifi:enable tsf
[0;32mI (794) wifi_connect: wifi_init_sta finished.[0m
[0;32mI (794) timestamp: Initializing SNTP[0m
Waiting for time set...
[0;32mI (1794) main_task: Returned from app_main()[0m

assert failed: xQueueGenericSend queue.c:936 (pxQueue)


Backtrace: 0x400817d2:0x3ffc7d00 0x40089105:0x3ffc7d20 0x400909f9:0x3ffc7d40 0x400894f3:0x3ffc7e60 0x400d6c86:0x3ffc7ea0 0x40089c11:0x3ffc8a90




ELF file SHA256: a478074a9

Rebooting...
ets Jul 29 2019 12:21:46

rst:0xc (SW_CPU_RESET),boot:0x13 (SPI_FAST_FLASH_BOOT)
configsip: 0, SPIWP:0xee
clk_drv:0x00,q_drv:0x00,d_drv:0x00,cs0_drv:0x00,hd_drv:0x00,wp_drv:0x00
mode:DIO, clock div:2
load:0x3fff0030,len:7172
load:0x40078000,len:15540
load:0x40080400,len:4
ho 8 tail 4 room 4
load:0x40080404,len:3904
entry 0x40080640
[0;32mI (31) boot: ESP-IDF v5.2.1-dirty 2nd stage bootloader[0m
[0;32mI (31) boot: compile time May 13 2024 00:12:18[0m
[0;32mI (31) boot: Multicore bootloader[0m
[0;32mI (36) boot: chip revision: v3.1[0m
[0;32mI (40) boot.esp32: SPI Speed      : 40MHz[0m
[0;32mI (44) boot.esp32: SPI Mode       : DIO[0m
[0;32mI (49) boot.esp32: SPI Flash Size : 4MB[0m
[0;32mI (53) boot: Enabling RNG early entropy source...[0m
[0;32mI (59) boot: Partition Table:[0m
[0;32mI (62) boot: ## Label            Usage          Type ST Offset   Length[0m
[0;32mI (70) boot:  0 nvs              WiFi data        01 02 00009000 00006000[0m
[0;32mI (77) boot:  1 phy_init         RF data          01 01 0000f000 00001000[0m
[0;32mI (84) boot:  2 factory          factory app      00 00 00010000 00100000[0m
[0;32mI (92) boot: End of partition table[0m
[0;32mI (96) esp_image: segment 0: paddr=00010020 vaddr=3f400020 size=2293ch (141628) map[0m
[0;32mI (153) esp_image: segment 1: paddr=00032964 vaddr=3ffb0000 size=03c04h ( 15364) load[0m
[0;32mI (159) esp_image: segment 2: paddr=00036570 vaddr=40080000 size=09aa8h ( 39592) load[0m
[0;32mI (175) esp_image: segment 3: paddr=00040020 vaddr=400d0020 size=8b0e8h (569576) map[0m
[0;32mI (370) esp_image: segment 4: paddr=000cb110 vaddr=40089aa8 size=0cbfch ( 52220) load[0m
[0;32mI (402) boot: Loaded app from partition at offset 0x10000[0m
[0;32mI (402) boot: Disabling RNG early entropy source...[0m
[0;32mI (414) cpu_start: Multicore app[0m
[0;32mI (423) cpu_start: Pro cpu start user code[0m
[0;32mI (423) cpu_start: cpu freq: 160000000 Hz[0m
[0;32mI (423) cpu_start: Application information:[0m
[0;32mI (426) cpu_start: Project name:     http_request[0m
[0;32mI (431) cpu_start: App version:      e92c574-dirty[0m
[0;32mI (437) cpu_start: Compile time:     May 13 2024 00:11:55[0m
[0;32mI (443) cpu_start: ELF file SHA256:  a478074a9...[0m
[0;32mI (448) cpu_start: ESP-IDF:          v5.2.1-dirty[0m
[0;32mI (453) cpu_start: Min chip rev:     v0.0[0m
[0;32mI (458) cpu_start: Max chip rev:     v3.99 [0m
[0;32mI (463) cpu_start: Chip rev:         v3.1[0m
[0;32mI (468) heap_init: Initializing. RAM available for dynamic allocation:[0m
[0;32mI (475) heap_init: At 3FFAE6E0 len 00001920 (6 KiB): DRAM[0m
[0;32mI (481) heap_init: At 3FFB8268 len 00027D98 (159 KiB): DRAM[0m
[0;32mI (487) heap_init: At 3FFE0440 len 00003AE0 (14 KiB): D/IRAM[0m
[0;32mI (493) heap_init: At 3FFE4350 len 0001BCB0 (111 KiB): D/IRAM[0m
[0;32mI (500) heap_init: At 400966A4 len 0000995C (38 KiB): IRAM[0m
[0;32mI (508) spi_flash: detected chip: generic[0m
[0;32mI (511) spi_flash: flash io: dio[0m
[0;33mW (515) ADC: legacy driver is deprecated, please migrate to `esp_adc/adc_oneshot.h`[0m
[0;32mI (524) main_task: Started on CPU0[0m
[0;32mI (534) main_task: Calling app_main()[0m
I (584) wifi:wifi driver task: 3ffc03a8, prio:23, stack:6656, core=0
I (604) wifi:wifi firmware version: a9f5b59
I (604) wifi:wifi certification version: v7.0
I (604) wifi:config NVS flash: enabled
I (604) wifi:config nano formating: disabled
I (614) wifi:Init data frame dynamic rx buffer num: 32
I (614) wifi:Init static rx mgmt buffer num: 5
I (614) wifi:Init management short buffer num: 32
I (624) wifi:Init dynamic tx buffer num: 32
I (624) wifi:Init static rx buffer size: 1600
I (634) wifi:Init static rx buffer num: 10
I (634) wifi:Init dynamic rx buffer num: 32
[0;32mI (644) wifi_init: rx ba win: 6[0m
[0;32mI (644) wifi_init: tcpip mbox: 32[0m
[0;32mI (644) wifi_init: udp mbox: 6[0m
[0;32mI (654) wifi_init: tcp mbox: 6[0m
[0;32mI (654) wifi_init: tcp tx win: 5760[0m
[0;32mI (654) wifi_init: tcp rx win: 5760[0m
[0;32mI (664) wifi_init: tcp mss: 1440[0m
[0;32mI (664) wifi_init: WiFi IRAM OP enabled[0m
[0;32mI (674) wifi_init: WiFi RX IRAM OP enabled[0m
[0;32mI (674) phy_init: phy_version 4791,2c4672b,Dec 20 2023,16:06:06[0m
I (774) wifi:mode : sta (b0:a7:32:28:4a:7c)
I (774) wifi:enable tsf
[0;32mI (774) wifi_connect: wifi_init_sta finished.[0m
[0;32mI (774) timestamp: Initializing SNTP[0m
Waiting for time set...
I (824) wifi:new:<11,0>, old:<1,0>, ap:<255,255>, sta:<11,0>, prof:1
I (824) wifi:state: init -> auth (b0)
I (834) wifi:state: auth -> assoc (0)
I (834) wifi:state: assoc -> run (10)
I (844) wifi:connected with Sv 2022, aid = 4, channel 11, BW20, bssid = 7c:a1:07:aa:c0:60
I (844) wifi:security: WPA2-PSK, phy: bgn, rssi: -54
I (854) wifi:pm start, type: 1

I (1024) wifi:AP's beacon interval = 204800 us, DTIM period = 1
[0;32mI (1774) main_task: Returned from app_main()[0m
[0;32mI (1854) esp_netif_handlers: sta ip: 192.168.1.70, mask: 255.255.255.0, gw: 192.168.1.1[0m

assert failed: xQueueGenericSend queue.c:936 (pxQueue)


Backtrace: 0x400817d2:0x3ffc8590 0x40089105:0x3ffc85b0 0x400909f9:0x3ffc85d0 0x400894f3:0x3ffc86f0 0x400d6c86:0x3ffc8730 0x40089c11:0x3ffc9320




ELF file SHA256: a478074a9

Rebooting...
ets Jul 29 2019 12:21:46

rst:0xc (SW_CPU_RESET),boot:0x13 (SPI_FAST_FLASH_BOOT)
configsip: 0, SPIWP:0xee
clk_drv:0x00,q_drv:0x00,d_drv:0x00,cs0_drv:0x00,hd_drv:0x00,wp_drv:0x00
mode:DIO, clock div:2
load:0x3fff0030,len:7172
load:0x40078000,len:15540
load:0x40080400,len:4
ho 8 tail 4 room 4
load:0x40080404,len:3904
entry 0x40080640
[0;32mI (31) boot: ESP-IDF v5.2.1-dirty 2nd stage bootloader[0m
[0;32mI (31) boot: compile time May 13 2024 00:12:18[0m
[0;32mI (31) boot: Multicore bootloader[0m
[0;32mI (36) boot: chip revision: v3.1[0m
[0;32mI (40) boot.esp32: SPI Speed      : 40MHz[0m
[0;32mI (44) boot.esp32: SPI Mode       : DIO[0m
[0;32mI (49) boot.esp32: SPI Flash Size : 4MB[0m
[0;32mI (53) boot: Enabling RNG early entropy source...[0m
[0;32mI (59) boot: Partition Table:[0m
[0;32mI (62) boot: ## Label            Usage          Type ST Offset   Length[0m
[0;32mI (70) boot:  0 nvs              WiFi data        01 02 00009000 00006000[0m
[0;32mI (77) boot:  1 phy_init         RF data          01 01 0000f000 00001000[0m
[0;32mI (84) boot:  2 factory          factory app      00 00 00010000 00100000[0m
[0;32mI (92) boot: End of partition table[0m
[0;32mI (96) esp_image: segment 0: paddr=00010020 vaddr=3f400020 size=2293ch (141628) map[0m
[0;32mI (153) esp_image: segment 1: paddr=00032964 vaddr=3ffb0000 size=03c04h ( 15364) load[0m
[0;32mI (159) esp_image: segment 2: paddr=00036570 vaddr=40080000 size=09aa8h ( 39592) load[0m
[0;32mI (175) esp_image: segment 3: paddr=00040020 vaddr=400d0020 size=8b0e8h (569576) map[0m
[0;32mI (370) esp_image: segment 4: paddr=000cb110 vaddr=40089aa8 size=0cbfch ( 52220) load[0m
[0;32mI (402) boot: Loaded app from partition at offset 0x10000[0m
[0;32mI (402) boot: Disabling RNG early entropy source...[0m
[0;32mI (414) cpu_start: Multicore app[0m
[0;32mI (423) cpu_start: Pro cpu start user code[0m
[0;32mI (423) cpu_start: cpu freq: 160000000 Hz[0m
[0;32mI (423) cpu_start: Application information:[0m
[0;32mI (426) cpu_start: Project name:     http_request[0m
[0;32mI (431) cpu_start: App version:      e92c574-dirty[0m
[0;32mI (437) cpu_start: Compile time:     May 13 2024 00:11:55[0m
[0;32mI (443) cpu_start: ELF file SHA256:  a478074a9...[0m
[0;32mI (448) cpu_start: ESP-IDF:          v5.2.1-dirty[0m
[0;32mI (453) cpu_start: Min chip rev:     v0.0[0m
[0;32mI (458) cpu_start: Max chip rev:     v3.99 [0m
[0;32mI (463) cpu_start: Chip rev:         v3.1[0m
[0;32mI (468) heap_init: Initializing. RAM available for dynamic allocation:[0m
[0;32mI (475) heap_init: At 3FFAE6E0 len 00001920 (6 KiB): DRAM[0m
[0;32mI (481) heap_init: At 3FFB8268 len 00027D98 (159 KiB): DRAM[0m
[0;32mI (487) heap_init: At 3FFE0440 len 00003AE0 (14 KiB): D/IRAM[0m
[0;32mI (493) heap_init: At 3FFE4350 len 0001BCB0 (111 KiB): D/IRAM[0m
[0;32mI (500) heap_init: At 400966A4 len 0000995C (38 KiB): IRAM[0m
[0;32mI (508) spi_flash: detected chip: generic[0m
[0;32mI (511) spi_flash: flash io: dio[0m
[0;33mW (515) ADC: legacy driver is deprecated, please migrate to `esp_adc/adc_oneshot.h`[0m
[0;32mI (524) main_task: Started on CPU0[0m
[0;32mI (534) main_task: Calling app_main()[0m
I (584) wifi:wifi driver task: 3ffc03a8, prio:23, stack:6656, core=0
I (604) wifi:wifi firmware version: a9f5b59
I (604) wifi:wifi certification version: v7.0
I (604) wifi:config NVS flash: enabled
I (604) wifi:config nano formating: disabled
I (614) wifi:Init data frame dynamic rx buffer num: 32
I (614) wifi:Init static rx mgmt buffer num: 5
I (614) wifi:Init management short buffer num: 32
I (624) wifi:Init dynamic tx buffer num: 32
I (624) wifi:Init static rx buffer size: 1600
I (634) wifi:Init static rx buffer num: 10
I (634) wifi:Init dynamic rx buffer num: 32
[0;32mI (644) wifi_init: rx ba win: 6[0m
[0;32mI (644) wifi_init: tcpip mbox: 32[0m
[0;32mI (644) wifi_init: udp mbox: 6[0m
[0;32mI (654) wifi_init: tcp mbox: 6[0m
[0;32mI (654) wifi_init: tcp tx win: 5760[0m
[0;32mI (654) wifi_init: tcp rx win: 5760[0m
[0;32mI (664) wifi_init: tcp mss: 1440[0m
[0;32mI (664) wifi_init: WiFi IRAM OP enabled[0m
[0;32mI (674) wifi_init: WiFi RX IRAM OP enabled[0m
[0;32mI (674) phy_init: phy_version 4791,2c4672b,Dec 20 2023,16:06:06[0m
I (774) wifi:mode : sta (b0:a7:32:28:4a:7c)
I (774) wifi:enable tsf
[0;32mI (774) wifi_connect: wifi_init_sta finished.[0m
[0;32mI (774) timestamp: Initializing SNTP[0m
Waiting for time set...
I (894) wifi:new:<11,0>, old:<1,0>, ap:<255,255>, sta:<11,0>, prof:1
I (894) wifi:state: init -> auth (b0)
I (894) wifi:state: auth -> assoc (0)
I (904) wifi:state: assoc -> run (10)
I (914) wifi:connected with Sv 2022, aid = 4, channel 11, BW20, bssid = 7c:a1:07:aa:c0:60
I (914) wifi:security: WPA2-PSK, phy: bgn, rssi: -53
I (924) wifi:pm start, type: 1

I (1094) wifi:AP's beacon interval = 204800 us, DTIM period = 1
[0;32mI (1774) main_task: Returned from app_main()[0m
[0;32mI (1924) esp_netif_handlers: sta ip: 192.168.1.70, mask: 255.255.255.0, gw: 192.168.1.1[0m

assert failed: xQueueGenericSend queue.c:936 (pxQueue)


Backtrace: 0x400817d2:0x3ffc7ff0 0x40089105:0x3ffc8010 0x400909f9:0x3ffc8030 0x400894f3:0x3ffc8150 0x400d6c86:0x3ffc8190 0x40089c11:0x3ffc8d80




ELF file SHA256: a478074a9

Rebooting...
ets Jul 29 2019 12:21:46

rst:0xc (SW_CPU_RESET),boot:0x13 (SPI_FAST_FLASH_BOOT)
configsip: 0, SPIWP:0xee
clk_drv:0x00,q_drv:0x00,d_drv:0x00,cs0_drv:0x00,hd_drv:0x00,wp_drv:0x00
mode:DIO, clock div:2
load:0x3fff0030,len:7172
load:0x40078000,len:15540
load:0x40080400,len:4
ho 8 tail 4 room 4
load:0x40080404,len:3904
entry 0x40080640
[0;32mI (31) boot: ESP-IDF v5.2.1-dirty 2nd stage bootloader[0m
[0;32mI (31) boot: compile time May 13 2024 00:12:18[0m
[0;32mI (31) boot: Multicore bootloader[0m
[0;32mI (36) boot: chip revision: v3.1[0m
[0;32mI (40) boot.esp32: SPI Speed      : 40MHz[0m
[0;32mI (44) boot.esp32: SPI Mode       : DIO[0m
[0;32mI (49) boot.esp32: SPI Flash Size : 4MB[0m
[0;32mI (53) boot: Enabling RNG early entropy source...[0m
[0;32mI (59) boot: Partition Table:[0m
[0;32mI (62) boot: ## Label            Usage          Type ST Offset   Length[0m
[0;32mI (70) boot:  0 nvs              WiFi data        01 02 00009000 00006000[0m
[0;32mI (77) boot:  1 phy_init         RF data          01 01 0000f000 00001000[0m
[0;32mI (84) boot:  2 factory          factory app      00 00 00010000 00100000[0m
[0;32mI (92) boot: End of partition table[0m
[0;32mI (96) esp_image: segment 0: paddr=00010020 vaddr=3f400020 size=2293ch (141628) map[0m
[0;32mI (153) esp_image: segment 1: paddr=00032964 vaddr=3ffb0000 size=03c04h ( 15364) load[0m
[0;32mI (159) esp_image: segment 2: paddr=00036570 vaddr=40080000 size=09aa8h ( 39592) load[0m
[0;32mI (175) esp_image: segment 3: paddr=00040020 vaddr=400d0020 size=8b0e8h (569576) map[0m
[0;32mI (370) esp_image: segment 4: paddr=000cb110 vaddr=40089aa8 size=0cbfch ( 52220) load[0m
[0;32mI (402) boot: Loaded app from partition at offset 0x10000[0m
[0;32mI (402) boot: Disabling RNG early entropy source...[0m
[0;32mI (414) cpu_start: Multicore app[0m
[0;32mI (423) cpu_start: Pro cpu start user code[0m
[0;32mI (423) cpu_start: cpu freq: 160000000 Hz[0m
[0;32mI (423) cpu_start: Application information:[0m
[0;32mI (426) cpu_start: Project name:     http_request[0m
[0;32mI (431) cpu_start: App version:      e92c574-dirty[0m
[0;32mI (437) cpu_start: Compile time:     May 13 2024 00:11:55[0m
[0;32mI (443) cpu_start: ELF file SHA256:  a478074a9...[0m
[0;32mI (448) cpu_start: ESP-IDF:          v5.2.1-dirty[0m
[0;32mI (453) cpu_start: Min chip rev:     v0.0[0m
[0;32mI (458) cpu_start: Max chip rev:     v3.99 [0m
[0;32mI (463) cpu_start: Chip rev:         v3.1[0m
[0;32mI (468) heap_init: Initializing. RAM available for dynamic allocation:[0m
[0;32mI (475) heap_init: At 3FFAE6E0 len 00001920 (6 KiB): DRAM[0m
[0;32mI (481) heap_init: At 3FFB8268 len 00027D98 (159 KiB): DRAM[0m
[0;32mI (487) heap_init: At 3FFE0440 len 00003AE0 (14 KiB): D/IRAM[0m
[0;32mI (493) heap_init: At 3FFE4350 len 0001BCB0 (111 KiB): D/IRAM[0m
[0;32mI (500) heap_init: At 400966A4 len 0000995C (38 KiB): IRAM[0m
[0;32mI (508) spi_flash: detected chip: generic[0m
[0;32mI (511) spi_flash: flash io: dio[0m
[0;33mW (515) ADC: legacy driver is deprecated, please migrate to `esp_adc/adc_oneshot.h`[0m
[0;32mI (524) main_task: Started on CPU0[0m
[0;32mI (534) main_task: Calling app_main()[0m
I (584) wifi:wifi driver task: 3ffc03a8, prio:23, stack:6656, core=0
I (604) wifi:wifi firmware version: a9f5b59
I (604) wifi:wifi certification version: v7.0
I (604) wifi:config NVS flash: enabled
I (604) wifi:config nano formating: disabled
I (614) wifi:Init data frame dynamic rx buffer num: 32
I (614) wifi:Init static rx mgmt buffer num: 5
I (614) wifi:Init management short buffer num: 32
I (624) wifi:Init dynamic tx buffer num: 32
I (624) wifi:Init static rx buffer size: 1600
I (634) wifi:Init static rx buffer num: 10
I (634) wifi:Init dynamic rx buffer num: 32
[0;32mI (644) wifi_init: rx ba win: 6[0m
[0;32mI (644) wifi_init: tcpip mbox: 32[0m
[0;32mI (644) wifi_init: udp mbox: 6[0m
[0;32mI (654) wifi_init: tcp mbox: 6[0m
[0;32mI (654) wifi_init: tcp tx win: 5760[0m
[0;32mI (654) wifi_init: tcp rx win: 5760[0m
[0;32mI (664) wifi_init: tcp mss: 1440[0m
[0;32mI (664) wifi_init: WiFi IRAM OP enabled[0m
[0;32mI (674) wifi_init: WiFi RX IRAM OP enabled[0m
[0;32mI (674) phy_init: phy_version 4791,2c4672b,Dec 20 2023,16:06:06[0m
I (774) wifi:mode : sta (b0:a7:32:28:4a:7c)
I (774) wifi:enable tsf
[0;32mI (774) wifi_connect: wifi_init_sta finished.[0m
[0;32mI (774) timestamp: Initializing SNTP[0m
Waiting for time set...
[0;32mI (1774) main_task: Returned from app_main()[0m

assert failed: xQueueGenericSend queue.c:936 (pxQueue)


Backtrace: 0x400817d2:0x3ffc7cd0 0x40089105:0x3ffc7cf0 0x400909f9:0x3ffc7d10 0x400894f3:0x3ffc7e30 0x400d6c86:0x3ffc7e70 0x40089c11:0x3ffc8a60




ELF file SHA256: a478074a9

Rebooting...
ets Jul 29 2019 12:21:46

rst:0xc (SW_CPU_RESET),boot:0x13 (SPI_FAST_FLASH_BOOT)
configsip: 0, SPIWP:0xee
clk_drv:0x00,q_drv:0x00,d_drv:0x00,cs0_drv:0x00,hd_drv:0x00,wp_drv:0x00
mode:DIO, clock div:2
load:0x3fff0030,len:7172
load:0x40078000,len:15540
load:0x40080400,len:4
ho 8 tail 4 room 4
load:0x40080404,len:3904
entry 0x40080640
[0;32mI (31) boot: ESP-IDF v5.2.1-dirty 2nd stage bootloader[0m
[0;32mI (31) boot: compile time May 13 2024 00:12:18[0m
[0;32mI (31) boot: Multicore bootloader[0m
[0;32mI (36) boot: chip revision: v3.1[0m
[0;32mI (40) boot.esp32: SPI Speed      : 40MHz[0m
[0;32mI (44) boot.esp32: SPI Mode       : DIO[0m
[0;32mI (49) boot.esp32: SPI Flash Size : 4MB[0m
[0;32mI (53) boot: Enabling RNG early entropy source...[0m
[0;32mI (59) boot: Partition Table:[0m
[0;32mI (62) boot: ## Label            Usage          Type ST Offset   Length[0m
[0;32mI (70) boot:  0 nvs              WiFi data        01 02 00009000 00006000[0m
[0;32mI (77) boot:  1 phy_init         RF data          01 01 0000f000 00001000[0m
[0;32mI (84) boot:  2 factory          factory app      00 00 00010000 00100000[0m
[0;32mI (92) boot: End of partition table[0m
[0;32mI (96) esp_image: segment 0: paddr=00010020 vaddr=3f400020 size=2293ch (141628) map[0m
[0;32mI (153) esp_image: segment 1: paddr=00032964 vaddr=3ffb0000 size=03c04h ( 15364) load[0m
[0;32mI (159) esp_image: segment 2: paddr=00036570 vaddr=40080000 size=09aa8h ( 39592) load[0m
[0;32mI (175) esp_image: segment 3: paddr=00040020 vaddr=400d0020 size=8b0e8h (569576) map[0m
[0;32mI (370) esp_image: segment 4: paddr=000cb110 vaddr=40089aa8 size=0cbfch ( 52220) load[0m
[0;32mI (402) boot: Loaded app from partition at offset 0x10000[0m
[0;32mI (402) boot: Disabling RNG early entropy source...[0m
[0;32mI (414) cpu_start: Multicore app[0m
[0;32mI (423) cpu_start: Pro cpu start user code[0m
[0;32mI (423) cpu_start: cpu freq: 160000000 Hz[0m
[0;32mI (423) cpu_start: Application information:[0m
[0;32mI (426) cpu_start: Project name:     http_request[0m
[0;32mI (431) cpu_start: App version:      e92c574-dirty[0m
[0;32mI (437) cpu_start: Compile time:     May 13 2024 00:11:55[0m
[0;32mI (443) cpu_start: ELF file SHA256:  a478074a9...[0m
[0;32mI (448) cpu_start: ESP-IDF:          v5.2.1-dirty[0m
[0;32mI (453) cpu_start: Min chip rev:     v0.0[0m
[0;32mI (458) cpu_start: Max chip rev:     v3.99 [0m
[0;32mI (463) cpu_start: Chip rev:         v3.1[0m
[0;32mI (468) heap_init: Initializing. RAM available for dynamic allocation:[0m
[0;32mI (475) heap_init: At 3FFAE6E0 len 00001920 (6 KiB): DRAM[0m
[0;32mI (481) heap_init: At 3FFB8268 len 00027D98 (159 KiB): DRAM[0m
[0;32mI (487) heap_init: At 3FFE0440 len 00003AE0 (14 KiB): D/IRAM[0m
[0;32mI (493) heap_init: At 3FFE4350 len 0001BCB0 (111 KiB): D/IRAM[0m
[0;32mI (500) heap_init: At 400966A4 len 0000995C (38 KiB): IRAM[0m
[0;32mI (508) spi_flash: detected chip: generic[0m
[0;32mI (511) spi_flash: flash io: dio[0m
[0;33mW (515) ADC: legacy driver is deprecated, please migrate to `esp_adc/adc_oneshot.h`[0m
[0;32mI (524) main_task: Started on CPU0[0m
[0;32mI (534) main_task: Calling app_main()[0m
I (584) wifi:wifi driver task: 3ffc03a8, prio:23, stack:6656, core=0
I (604) wifi:wifi firmware version: a9f5b59
I (604) wifi:wifi certification version: v7.0
I (604) wifi:config NVS flash: enabled
I (604) wifi:config nano formating: disabled
I (614) wifi:Init data frame dynamic rx buffer num: 32
I (614) wifi:Init static rx mgmt buffer num: 5
I (614) wifi:Init management short buffer num: 32
I (624) wifi:Init dynamic tx buffer num: 32
I (624) wifi:Init static rx buffer size: 1600
I (634) wifi:Init static rx buffer num: 10
I (634) wifi:Init dynamic rx buffer num: 32
[0;32mI (644) wifi_init: rx ba win: 6[0m
[0;32mI (644) wifi_init: tcpip mbox: 32[0m
[0;32mI (644) wifi_init: udp mbox: 6[0m
[0;32mI (654) wifi_init: tcp mbox: 6[0m
[0;32mI (654) wifi_init: tcp tx win: 5760[0m
[0;32mI (654) wifi_init: tcp rx win: 5760[0m
[0;32mI (664) wifi_init: tcp mss: 1440[0m
[0;32mI (664) wifi_init: WiFi IRAM OP enabled[0m
[0;32mI (674) wifi_init: WiFi RX IRAM OP enabled[0m
[0;32mI (674) phy_init: phy_version 4791,2c4672b,Dec 20 2023,16:06:06[0m
I (774) wifi:mode : sta (b0:a7:32:28:4a:7c)
I (774) wifi:enable tsf
[0;32mI (774) wifi_connect: wifi_init_sta finished.[0m
[0;32mI (774) timestamp: Initializing SNTP[0m
Waiting for time set...
I (824) wifi:new:<11,0>, old:<1,0>, ap:<255,255>, sta:<11,0>, prof:1
I (824) wifi:state: init -> auth (b0)
I (834) wifi:state: auth -> assoc (0)
I (834) wifi:state: assoc -> run (10)
I (844) wifi:connected with Sv 2022, aid = 4, channel 11, BW20, bssid = 7c:a1:07:aa:c0:60
I (844) wifi:security: WPA2-PSK, phy: bgn, rssi: -57
I (854) wifi:pm start, type: 1

I (1024) wifi:AP's beacon interval = 204800 us, DTIM period = 1
[0;32mI (1774) main_task: Returned from app_main()[0m
[0;32mI (1854) esp_netif_handlers: sta ip: 192.168.1.70, mask: 255.255.255.0, gw: 192.168.1.1[0m

assert failed: xQueueGenericSend queue.c:936 (pxQueue)


Backtrace: 0x400817d2:0x3ffc7ff0 0x40089105:0x3ffc8010 0x400909f9:0x3ffc8030 0x400894f3:0x3ffc8150 0x400d6c86:0x3ffc8190 0x40089c11:0x3ffc8d80




ELF file SHA256: a478074a9

Rebooting...
ets Jul 29 2019 12:21:46

rst:0xc (SW_CPU_RESET),boot:0x13 (SPI_FAST_FLASH_BOOT)
configsip: 0, SPIWP:0xee
clk_drv:0x00,q_drv:0x00,d_drv:0x00,cs0_drv:0x00,hd_drv:0x00,wp_drv:0x00
mode:DIO, clock div:2
load:0x3fff0030,len:7172
load:0x40078000,len:15540
load:0x40080400,len:4
ho 8 tail 4 room 4
load:0x40080404,len:3904
entry 0x40080640
[0;32mI (31) boot: ESP-IDF v5.2.1-dirty 2nd stage bootloader[0m
[0;32mI (31) boot: compile time May 13 2024 00:12:18[0m
[0;32mI (31) boot: Multicore bootloader[0m
[0;32mI (36) boot: chip revision: v3.1[0m
[0;32mI (40) boot.esp32: SPI Speed      : 40MHz[0m
[0;32mI (44) boot.esp32: SPI Mode       : DIO[0m
[0;32mI (49) boot.esp32: SPI Flash Size : 4MB[0m
[0;32mI (53) boot: Enabling RNG early entropy source...[0m
[0;32mI (59) boot: Partition Table:[0m
[0;32mI (62) boot: ## Label            Usage          Type ST Offset   Length[0m
[0;32mI (70) boot:  0 nvs              WiFi data        01 02 00009000 00006000[0m
[0;32mI (77) boot:  1 phy_init         RF data          01 01 0000f000 00001000[0m
[0;32mI (84) boot:  2 factory          factory app      00 00 00010000 00100000[0m
[0;32mI (92) boot: End of partition table[0m
[0;32mI (96) esp_image: segment 0: paddr=00010020 vaddr=3f400020 size=2293ch (141628) map[0m
[0;32mI (153) esp_image: segment 1: paddr=00032964 vaddr=3ffb0000 size=03c04h ( 15364) load[0m
[0;32mI (159) esp_image: segment 2: paddr=00036570 vaddr=40080000 size=09aa8h ( 39592) load[0m
[0;32mI (175) esp_image: segment 3: paddr=00040020 vaddr=400d0020 size=8b0e8h (569576) map[0m
[0;32mI (370) esp_image: segment 4: paddr=000cb110 vaddr=40089aa8 size=0cbfch ( 52220) load[0m
[0;32mI (402) boot: Loaded app from partition at offset 0x10000[0m
[0;32mI (402) boot: Disabling RNG early entropy source...[0m
[0;32mI (414) cpu_start: Multicore app[0m
[0;32mI (423) cpu_start: Pro cpu start user code[0m
[0;32mI (423) cpu_start: cpu freq: 160000000 Hz[0m
[0;32mI (423) cpu_start: Application information:[0m
[0;32mI (426) cpu_start: Project name:     http_request[0m
[0;32mI (431) cpu_start: App version:      e92c574-dirty[0m
[0;32mI (437) cpu_start: Compile time:     May 13 2024 00:11:55[0m
[0;32mI (443) cpu_start: ELF file SHA256:  a478074a9...[0m
[0;32mI (448) cpu_start: ESP-IDF:          v5.2.1-dirty[0m
[0;32mI (453) cpu_start: Min chip rev:     v0.0[0m
[0;32mI (458) cpu_start: Max chip rev:     v3.99 [0m
[0;32mI (463) cpu_start: Chip rev:         v3.1[0m
[0;32mI (468) heap_init: Initializing. RAM available for dynamic allocation:[0m
[0;32mI (475) heap_init: At 3FFAE6E0 len 00001920 (6 KiB): DRAM[0m
[0;32mI (481) heap_init: At 3FFB8268 len 00027D98 (159 KiB): DRAM[0m
[0;32mI (487) heap_init: At 3FFE0440 len 00003AE0 (14 KiB): D/IRAM[0m
[0;32mI (493) heap_init: At 3FFE4350 len 0001BCB0 (111 KiB): D/IRAM[0m
[0;32mI (500) heap_init: At 400966A4 len 0000995C (38 KiB): IRAM[0m
[0;32mI (508) spi_flash: detected chip: generic[0m
[0;32mI (511) spi_flash: flash io: dio[0m
[0;33mW (515) ADC: legacy driver is deprecated, please migrate to `esp_adc/adc_oneshot.h`[0m
[0;32mI (524) main_task: Started on CPU0[0m
[0;32mI (534) main_task: Calling app_main()[0m
I (584) wifi:wifi driver task: 3ffc03a8, prio:23, stack:6656, core=0
I (604) wifi:wifi firmware version: a9f5b59
I (604) wifi:wifi certification version: v7.0
I (604) wifi:config NVS flash: enabled
I (604) wifi:config nano formating: disabled
I (614) wifi:Init data frame dynamic rx buffer num: 32
I (614) wifi:Init static rx mgmt buffer num: 5
I (614) wifi:Init management short buffer num: 32
I (624) wifi:Init dynamic tx buffer num: 32
I (624) wifi:Init static rx buffer size: 1600
I (634) wifi:Init static rx buffer num: 10
I (634) wifi:Init dynamic rx buffer num: 32
[0;32mI (644) wifi_init: rx ba win: 6[0m
[0;32mI (644) wifi_init: tcpip mbox: 32[0m
[0;32mI (644) wifi_init: udp mbox: 6[0m
[0;32mI (654) wifi_init: tcp mbox: 6[0m
[0;32mI (654) wifi_init: tcp tx win: 5760[0m
[0;32mI (654) wifi_init: tcp rx win: 5760[0m
[0;32mI (664) wifi_init: tcp mss: 1440[0m
[0;32mI (664) wifi_init: WiFi IRAM OP enabled[0m
[0;32mI (674) wifi_init: WiFi RX IRAM OP enabled[0m
[0;32mI (674) phy_init: phy_version 4791,2c4672b,Dec 20 2023,16:06:06[0m
I (774) wifi:mode : sta (b0:a7:32:28:4a:7c)
I (774) wifi:enable tsf
[0;32mI (774) wifi_connect: wifi_init_sta finished.[0m
[0;32mI (774) timestamp: Initializing SNTP[0m
Waiting for time set...
I (894) wifi:new:<11,0>, old:<1,0>, ap:<255,255>, sta:<11,0>, prof:1
I (894) wifi:state: init -> auth (b0)
I (904) wifi:state: auth -> assoc (0)
I (904) wifi:state: assoc -> run (10)
I (914) wifi:connected with Sv 2022, aid = 4, channel 11, BW20, bssid = 7c:a1:07:aa:c0:60
I (914) wifi:security: WPA2-PSK, phy: bgn, rssi: -56
I (924) wifi:pm start, type: 1

I (1094) wifi:AP's beacon interval = 204800 us, DTIM period = 1
[0;32mI (1774) main_task: Returned from app_main()[0m
[0;32mI (1924) esp_netif_handlers: sta ip: 192.168.1.70, mask: 255.255.255.0, gw: 192.168.1.1[0m

assert failed: xQueueGenericSend queue.c:936 (pxQueue)


Backtrace: 0x400817d2:0x3ffc7ff0 0x40089105:0x3ffc8010 0x400909f9:0x3ffc8030 0x400894f3:0x3ffc8150 0x400d6c86:0x3ffc8190 0x40089c11:0x3ffc8d80




ELF file SHA256: a478074a9

Rebooting...
ets Jul 29 2019 12:21:46

rst:0xc (SW_CPU_RESET),boot:0x13 (SPI_FAST_FLASH_BOOT)
configsip: 0, SPIWP:0xee
clk_drv:0x00,q_drv:0x00,d_drv:0x00,cs0_drv:0x00,hd_drv:0x00,wp_drv:0x00
mode:DIO, clock div:2
load:0x3fff0030,len:7172
load:0x40078000,len:15540
load:0x40080400,len:4
ho 8 tail 4 room 4
load:0x40080404,len:3904
entry 0x40080640
[0;32mI (31) boot: ESP-IDF v5.2.1-dirty 2nd stage bootloader[0m
[0;32mI (31) boot: compile time May 13 2024 00:12:18[0m
[0;32mI (31) boot: Multicore bootloader[0m
[0;32mI (36) boot: chip revision: v3.1[0m
[0;32mI (40) boot.esp32: SPI Speed      : 40MHz[0m
[0;32mI (44) boot.esp32: SPI Mode       : DIO[0m
[0;32mI (49) boot.esp32: SPI Flash Size : 4MB[0m
[0;32mI (53) boot: Enabling RNG early entropy source...[0m
[0;32mI (59) boot: Partition Table:[0m
[0;32mI (62) boot: ## Label            Usage          Type ST Offset   Length[0m
[0;32mI (70) boot:  0 nvs              WiFi data        01 02 00009000 00006000[0m
[0;32mI (77) boot:  1 phy_init         RF data          01 01 0000f000 00001000[0m
[0;32mI (84) boot:  2 factory          factory app      00 00 00010000 00100000[0m
[0;32mI (92) boot: End of partition table[0m
[0;32mI (96) esp_image: segment 0: paddr=00010020 vaddr=3f400020 size=2293ch (141628) map[0m
[0;32mI (153) esp_image: segment 1: paddr=00032964 vaddr=3ffb0000 size=03c04h ( 15364) load[0m
[0;32mI (159) esp_image: segment 2: paddr=00036570 vaddr=40080000 size=09aa8h ( 39592) load[0m
[0;32mI (175) esp_image: segment 3: paddr=00040020 vaddr=400d0020 size=8b0e8h (569576) map[0m
[0;32mI (370) esp_image: segment 4: paddr=000cb110 vaddr=40089aa8 size=0cbfch ( 52220) load[0m
[0;32mI (402) boot: Loaded app from partition at offset 0x10000[0m
[0;32mI (402) boot: Disabling RNG early entropy source...[0m
[0;32mI (414) cpu_start: Multicore app[0m
[0;32mI (423) cpu_start: Pro cpu start user code[0m
[0;32mI (423) cpu_start: cpu freq: 160000000 Hz[0m
[0;32mI (423) cpu_start: Application information:[0m
[0;32mI (426) cpu_start: Project name:     http_request[0m
[0;32mI (431) cpu_start: App version:      e92c574-dirty[0m
[0;32mI (437) cpu_start: Compile time:     May 13 2024 00:11:55[0m
[0;32mI (443) cpu_start: ELF file SHA256:  a478074a9...[0m
[0;32mI (448) cpu_start: ESP-IDF:          v5.2.1-dirty[0m
[0;32mI (453) cpu_start: Min chip rev:     v0.0[0m
[0;32mI (458) cpu_start: Max chip rev:     v3.99 [0m
[0;32mI (463) cpu_start: Chip rev:         v3.1[0m
[0;32mI (468) heap_init: Initializing. RAM available for dynamic allocation:[0m
[0;32mI (475) heap_init: At 3FFAE6E0 len 00001920 (6 KiB): DRAM[0m
[0;32mI (481) heap_init: At 3FFB8268 len 00027D98 (159 KiB): DRAM[0m
[0;32mI (487) heap_init: At 3FFE0440 len 00003AE0 (14 KiB): D/IRAM[0m
[0;32mI (493) heap_init: At 3FFE4350 len 0001BCB0 (111 KiB): D/IRAM[0m
[0;32mI (500) heap_init: At 400966A4 len 0000995C (38 KiB): IRAM[0m
[0;32mI (508) spi_flash: detected chip: generic[0m
[0;32mI (511) spi_flash: flash io: dio[0m
[0;33mW (515) ADC: legacy driver is deprecated, please migrate to `esp_adc/adc_oneshot.h`[0m
[0;32mI (524) main_task: Started on CPU0[0m
[0;32mI (534) main_task: Calling app_main()[0m
I (584) wifi:wifi driver task: 3ffc03a8, prio:23, stack:6656, core=0
I (604) wifi:wifi firmware version: a9f5b59
I (604) wifi:wifi certification version: v7.0
I (604) wifi:config NVS flash: enabled
I (604) wifi:config nano formating: disabled
I (614) wifi:Init data frame dynamic rx buffer num: 32
I (614) wifi:Init static rx mgmt buffer num: 5
I (614) wifi:Init management short buffer num: 32
I (624) wifi:Init dynamic tx buffer num: 32
I (624) wifi:Init static rx buffer size: 1600
I (634) wifi:Init static rx buffer num: 10
I (634) wifi:Init dynamic rx buffer num: 32
[0;32mI (644) wifi_init: rx ba win: 6[0m
[0;32mI (644) wifi_init: tcpip mbox: 32[0m
[0;32mI (644) wifi_init: udp mbox: 6[0m
[0;32mI (654) wifi_init: tcp mbox: 6[0m
[0;32mI (654) wifi_init: tcp tx win: 5760[0m
[0;32mI (654) wifi_init: tcp rx win: 5760[0m
[0;32mI (664) wifi_init: tcp mss: 1440[0m
[0;32mI (664) wifi_init: WiFi IRAM OP enabled[0m
[0;32mI (674) wifi_init: WiFi RX IRAM OP enabled[0m
[0;32mI (674) phy_init: phy_version 4791,2c4672b,Dec 20 2023,16:06:06[0m
I (774) wifi:mode : sta (b0:a7:32:28:4a:7c)
I (774) wifi:enable tsf
[0;32mI (774) wifi_connect: wifi_init_sta finished.[0m
[0;32mI (774) timestamp: Initializing SNTP[0m
Waiting for time set...
[0;32mI (1774) main_task: Returned from app_main()[0m

assert failed: xQueueGenericSend queue.c:936 (pxQueue)


Backtrace: 0x400817d2:0x3ffc7cd0 0x40089105:0x3ffc7cf0 0x400909f9:0x3ffc7d10 0x400894f3:0x3ffc7e30 0x400d6c86:0x3ffc7e70 0x40089c11:0x3ffc8a60




ELF file SHA256: a478074a9

Rebooting...
ets Jul 29 2019 12:21:46

rst:0xc (SW_CPU_RESET),boot:0x13 (SPI_FAST_FLASH_BOOT)
configsip: 0, SPIWP:0xee
clk_drv:0x00,q_drv:0x00,d_drv:0x00,cs0_drv:0x00,hd_drv:0x00,wp_drv:0x00
mode:DIO, clock div:2
load:0x3fff0030,len:7172
load:0x40078000,len:15540
load:0x40080400,len:4
ho 8 tail 4 room 4
load:0x40080404,len:3904
entry 0x40080640
[0;32mI (31) boot: ESP-IDF v5.2.1-dirty 2nd stage bootloader[0m
[0;32mI (31) boot: compile time May 13 2024 00:12:18[0m
[0;32mI (31) boot: Multicore bootloader[0m
[0;32mI (36) boot: chip revision: v3.1[0m
[0;32mI (40) boot.esp32: SPI Speed      : 40MHz[0m
[0;32mI (44) boot.esp32: SPI Mode       : DIO[0m
[0;32mI (49) boot.esp32: SPI Flash Size : 4MB[0m
[0;32mI (53) boot: Enabling RNG early entropy source...[0m
[0;32mI (59) boot: Partition Table:[0m
[0;32mI (62) boot: ## Label            Usage          Type ST Offset   Length[0m
[0;32mI (70) boot:  0 nvs              WiFi data        01 02 00009000 00006000[0m
[0;32mI (77) boot:  1 phy_init         RF data          01 01 0000f000 00001000[0m
[0;32mI (84) boot:  2 factory          factory app      00 00 00010000 00100000[0m
[0;32mI (92) boot: End of partition table[0m
[0;32mI (96) esp_image: segment 0: paddr=00010020 vaddr=3f400020 size=2293ch (141628) map[0m
[0;32mI (153) esp_image: segment 1: paddr=00032964 vaddr=3ffb0000 size=03c04h ( 15364) load[0m
[0;32mI (159) esp_image: segment 2: paddr=00036570 vaddr=40080000 size=09aa8h ( 39592) load[0m
[0;32mI (175) esp_image: segment 3: paddr=00040020 vaddr=400d0020 size=8b0e8h (569576) map[0m
[0;32mI (370) esp_image: segment 4: paddr=000cb110 vaddr=40089aa8 size=0cbfch ( 52220) load[0m
[0;32mI (402) boot: Loaded app from partition at offset 0x10000[0m
[0;32mI (402) boot: Disabling RNG early entropy source...[0m
[0;32mI (414) cpu_start: Multicore app[0m
[0;32mI (423) cpu_start: Pro cpu start user code[0m
[0;32mI (423) cpu_start: cpu freq: 160000000 Hz[0m
[0;32mI (423) cpu_start: Application information:[0m
[0;32mI (426) cpu_start: Project name:     http_request[0m
[0;32mI (431) cpu_start: App version:      e92c574-dirty[0m
[0;32mI (437) cpu_start: Compile time:     May 13 2024 00:11:55[0m
[0;32mI (443) cpu_start: ELF file SHA256:  a478074a9...[0m
[0;32mI (448) cpu_start: ESP-IDF:          v5.2.1-dirty[0m
[0;32mI (453) cpu_start: Min chip rev:     v0.0[0m
[0;32mI (458) cpu_start: Max chip rev:     v3.99 [0m
[0;32mI (463) cpu_start: Chip rev:         v3.1[0m
[0;32mI (468) heap_init: Initializing. RAM available for dynamic allocation:[0m
[0;32mI (475) heap_init: At 3FFAE6E0 len 00001920 (6 KiB): DRAM[0m
[0;32mI (481) heap_init: At 3FFB8268 len 00027D98 (159 KiB): DRAM[0m
[0;32mI (487) heap_init: At 3FFE0440 len 00003AE0 (14 KiB): D/IRAM[0m
[0;32mI (493) heap_init: At 3FFE4350 len 0001BCB0 (111 KiB): D/IRAM[0m
[0;32mI (500) heap_init: At 400966A4 len 0000995C (38 KiB): IRAM[0m
[0;32mI (508) spi_flash: detected chip: generic[0m
[0;32mI (511) spi_flash: flash io: dio[0m
[0;33mW (515) ADC: legacy driver is deprecated, please migrate to `esp_adc/adc_oneshot.h`[0m
[0;32mI (524) main_task: Started on CPU0[0m
[0;32mI (534) main_task: Calling app_main()[0m
I (584) wifi:wifi driver task: 3ffc03a8, prio:23, stack:6656, core=0
I (604) wifi:wifi firmware version: a9f5b59
I (604) wifi:wifi certification version: v7.0
I (604) wifi:config NVS flash: enabled
I (604) wifi:config nano formating: disabled
I (614) wifi:Init data frame dynamic rx buffer num: 32
I (614) wifi:Init static rx mgmt buffer num: 5
I (614) wifi:Init management short buffer num: 32
I (624) wifi:Init dynamic tx buffer num: 32
I (624) wifi:Init static rx buffer size: 1600
I (634) wifi:Init static rx buffer num: 10
I (634) wifi:Init dynamic rx buffer num: 32
[0;32mI (644) wifi_init: rx ba win: 6[0m
[0;32mI (644) wifi_init: tcpip mbox: 32[0m
[0;32mI (644) wifi_init: udp mbox: 6[0m
[0;32mI (654) wifi_init: tcp mbox: 6[0m
[0;32mI (654) wifi_init: tcp tx win: 5760[0m
[0;32mI (654) wifi_init: tcp rx win: 5760[0m
[0;32mI (664) wifi_init: tcp mss: 1440[0m
[0;32mI (664) wifi_init: WiFi IRAM OP enabled[0m
[0;32mI (674) wifi_init: WiFi RX IRAM OP enabled[0m
[0;32mI (674) phy_init: phy_version 4791,2c4672b,Dec 20 2023,16:06:06[0m
I (774) wifi:mode : sta (b0:a7:32:28:4a:7c)
I (774) wifi:enable tsf
[0;32mI (774) wifi_connect: wifi_init_sta finished.[0m
[0;32mI (774) timestamp: Initializing SNTP[0m
Waiting for time set...
I (824) wifi:new:<11,0>, old:<1,0>, ap:<255,255>, sta:<11,0>, prof:1
I (834) wifi:state: init -> auth (b0)
I (834) wifi:state: auth -> assoc (0)
I (834) wifi:state: assoc -> run (10)
I (844) wifi:connected with Sv 2022, aid = 4, channel 11, BW20, bssid = 7c:a1:07:aa:c0:60
I (844) wifi:security: WPA2-PSK, phy: bgn, rssi: -53
I (854) wifi:pm start, type: 1

I (1034) wifi:AP's beacon interval = 204800 us, DTIM period = 1
[0;32mI (1774) main_task: Returned from app_main()[0m
[0;32mI (1854) esp_netif_handlers: sta ip: 192.168.1.70, mask: 255.255.255.0, gw: 192.168.1.1[0m
I (2694) wifi:<ba-add>idx:0 (ifx:0, 7c:a1:07:aa:c0:60), tid:0, ssn:2, winSize:64
I (2704) wifi:<ba-add>idx:1 (ifx:0, 7c:a1:07:aa:c0:60), tid:7, ssn:2, winSize:64

assert failed: xQueueGenericSend queue.c:936 (pxQueue)


Backtrace: 0x400817d2:0x3ffc7ff0 0x40089105:0x3ffc8010 0x400909f9:0x3ffc8030 0x400894f3:0x3ffc8150 0x400d6c86:0x3ffc8190 0x40089c11:0x3ffc8d80




ELF file SHA256: a478074a9

Rebooting...
ets Jul 29 2019 12:21:46

rst:0xc (SW_CPU_RESET),boot:0x13 (SPI_FAST_FLASH_BOOT)
configsip: 0, SPIWP:0xee
clk_drv:0x00,q_drv:0x00,d_drv:0x00,cs0_drv:0x00,hd_drv:0x00,wp_drv:0x00
mode:DIO, clock div:2
load:0x3fff0030,len:7172
load:0x40078000,len:15540
load:0x40080400,len:4
ho 8 tail 4 room 4
load:0x40080404,len:3904
entry 0x40080640
[0;32mI (31) boot: ESP-IDF v5.2.1-dirty 2nd stage bootloader[0m
[0;32mI (31) boot: compile time May 13 2024 00:12:18[0m
[0;32mI (31) boot: Multicore bootloader[0m
[0;32mI (36) boot: chip revision: v3.1[0m
[0;32mI (40) boot.esp32: SPI Speed      : 40MHz[0m
[0;32mI (44) boot.esp32: SPI Mode       : DIO[0m
[0;32mI (49) boot.esp32: SPI Flash Size : 4MB[0m
[0;32mI (53) boot: Enabling RNG early entropy source...[0m
[0;32mI (59) boot: Partition Table:[0m
[0;32mI (62) boot: ## Label            Usage          Type ST Offset   Length[0m
[0;32mI (70) boot:  0 nvs              WiFi data        01 02 00009000 00006000[0m
[0;32mI (77) boot:  1 phy_init         RF data          01 01 0000f000 00001000[0m
[0;32mI (84) boot:  2 factory          factory app      00 00 00010000 00100000[0m
[0;32mI (92) boot: End of partition table[0m
[0;32mI (96) esp_image: segment 0: paddr=00010020 vaddr=3f400020 size=2293ch (141628) map[0m
[0;32mI (153) esp_image: segment 1: paddr=00032964 vaddr=3ffb0000 size=03c04h ( 15364) load[0m
[0;32mI (159) esp_image: segment 2: paddr=00036570 vaddr=40080000 size=09aa8h ( 39592) load[0m
[0;32mI (175) esp_image: segment 3: paddr=00040020 vaddr=400d0020 size=8b0e8h (569576) map[0m
[0;32mI (370) esp_image: segment 4: paddr=000cb110 vaddr=40089aa8 size=0cbfch ( 52220) load[0m
[0;32mI (402) boot: Loaded app from partition at offset 0x10000[0m
[0;32mI (402) boot: Disabling RNG early entropy source...[0m
[0;32mI (414) cpu_start: Multicore app[0m
[0;32mI (423) cpu_start: Pro cpu start user code[0m
[0;32mI (423) cpu_start: cpu freq: 160000000 Hz[0m
[0;32mI (423) cpu_start: Application information:[0m
[0;32mI (426) cpu_start: Project name:     http_request[0m
[0;32mI (431) cpu_start: App version:      e92c574-dirty[0m
[0;32mI (437) cpu_start: Compile time:     May 13 2024 00:11:55[0m
[0;32mI (443) cpu_start: ELF file SHA256:  a478074a9...[0m
[0;32mI (448) cpu_start: ESP-IDF:          v5.2.1-dirty[0m
[0;32mI (453) cpu_start: Min chip rev:     v0.0[0m
[0;32mI (458) cpu_start: Max chip rev:     v3.99 [0m
[0;32mI (463) cpu_start: Chip rev:         v3.1[0m
[0;32mI (468) heap_init: Initializing. RAM available for dynamic allocation:[0m
[0;32mI (475) heap_init: At 3FFAE6E0 len 00001920 (6 KiB): DRAM[0m
[0;32mI (481) heap_init: At 3FFB8268 len 00027D98 (159 KiB): DRAM[0m
[0;32mI (487) heap_init: At 3FFE0440 len 00003AE0 (14 KiB): D/IRAM[0m
[0;32mI (493) heap_init: At 3FFE4350 len 0001BCB0 (111 KiB): D/IRAM[0m
[0;32mI (500) heap_init: At 400966A4 len 0000995C (38 KiB): IRAM[0m
[0;32mI (508) spi_flash: detected chip: generic[0m
[0;32mI (511) spi_flash: flash io: dio[0m
[0;33mW (515) ADC: legacy driver is deprecated, please migrate to `esp_adc/adc_oneshot.h`[0m
[0;32mI (524) main_task: Started on CPU0[0m
[0;32mI (534) main_task: Calling app_main()[0m
I (584) wifi:wifi driver task: 3ffc03a8, prio:23, stack:6656, core=0
I (604) wifi:wifi firmware version: a9f5b59
I (604) wifi:wifi certification version: v7.0
I (604) wifi:config NVS flash: enabled
I (604) wifi:config nano formating: disabled
I (614) wifi:Init data frame dynamic rx buffer num: 32
I (614) wifi:Init static rx mgmt buffer num: 5
I (614) wifi:Init management short buffer num: 32
I (624) wifi:Init dynamic tx buffer num: 32
I (624) wifi:Init static rx buffer size: 1600
I (634) wifi:Init static rx buffer num: 10
I (634) wifi:Init dynamic rx buffer num: 32
[0;32mI (644) wifi_init: rx ba win: 6[0m
[0;32mI (644) wifi_init: tcpip mbox: 32[0m
[0;32mI (644) wifi_init: udp mbox: 6[0m
[0;32mI (654) wifi_init: tcp mbox: 6[0m
[0;32mI (654) wifi_init: tcp tx win: 5760[0m
[0;32mI (654) wifi_init: tcp rx win: 5760[0m
[0;32mI (664) wifi_init: tcp mss: 1440[0m
[0;32mI (664) wifi_init: WiFi IRAM OP enabled[0m
[0;32mI (674) wifi_init: WiFi RX IRAM OP enabled[0m
[0;32mI (674) phy_init: phy_version 4791,2c4672b,Dec 20 2023,16:06:06[0m
I (774) wifi:mode : sta (b0:a7:32:28:4a:7c)
I (774) wifi:enable tsf
[0;32mI (774) wifi_connect: wifi_init_sta finished.[0m
[0;32mI (774) timestamp: Initializing SNTP[0m
I (784) wifi:new:<11,0>, old:<1,0>, ap:<255,255>, sta:<11,0>, prof:1
I (784) wifi:state: init -> auth (b0)
Waiting for time set...
I (794) wifi:state: auth -> assoc (0)
I (794) wifi:state: assoc -> run (10)
I (804) wifi:connected with Sv 2022, aid = 4, channel 11, BW20, bssid = 7c:a1:07:aa:c0:60
I (804) wifi:security: WPA2-PSK, phy: bgn, rssi: -56
I (814) wifi:pm start, type: 1

I (894) wifi:AP's beacon interval = 204800 us, DTIM period = 1
[0;32mI (1794) main_task: Returned from app_main()[0m
[0;32mI (1814) esp_netif_handlers: sta ip: 192.168.1.70, mask: 255.255.255.0, gw: 192.168.1.1[0m

assert failed: xQueueGenericSend queue.c:936 (pxQueue)


Backtrace: 0x400817d2:0x3ffc8000 0x40089105:0x3ffc8020 0x400909f9:0x3ffc8040 0x400894f3:0x3ffc8160 0x400d6c86:0x3ffc81a0 0x40089c11:0x3ffc8d90




ELF file SHA256: a478074a9

Rebooting...
ets Jul 29 2019 12:21:46

rst:0xc (SW_CPU_RESET),boot:0x13 (SPI_FAST_FLASH_BOOT)
configsip: 0, SPIWP:0xee
clk_drv:0x00,q_drv:0x00,d_drv:0x00,cs0_drv:0x00,hd_drv:0x00,wp_drv:0x00
mode:DIO, clock div:2
load:0x3fff0030,len:7172
load:0x40078000,len:15540
load:0x40080400,len:4
ho 8 tail 4 room 4
load:0x40080404,len:3904
entry 0x40080640
[0;32mI (31) boot: ESP-IDF v5.2.1-dirty 2nd stage bootloader[0m
[0;32mI (31) boot: compile time May 13 2024 00:12:18[0m
[0;32mI (31) boot: Multicore bootloader[0m
[0;32mI (36) boot: chip revision: v3.1[0m
[0;32mI (40) boot.esp32: SPI Speed      : 40MHz[0m
[0;32mI (44) boot.esp32: SPI Mode       : DIO[0m
[0;32mI (49) boot.esp32: SPI Flash Size : 4MB[0m
[0;32mI (53) boot: Enabling RNG early entropy source...[0m
[0;32mI (59) boot: Partition Table:[0m
[0;32mI (62) boot: ## Label            Usage          Type ST Offset   Length[0m
[0;32mI (70) boot:  0 nvs              WiFi data        01 02 00009000 00006000[0m
[0;32mI (77) boot:  1 phy_init         RF data          01 01 0000f000 00001000[0m
[0;32mI (84) boot:  2 factory          factory app      00 00 00010000 00100000[0m
[0;32mI (92) boot: End of partition table[0m
[0;32mI (96) esp_image: segment 0: paddr=00010020 vaddr=3f400020 size=2293ch (141628) map[0m
[0;32mI (153) esp_image: segment 1: paddr=00032964 vaddr=3ffb0000 size=03c04h ( 15364) load[0m
[0;32mI (159) esp_image: segment 2: paddr=00036570 vaddr=40080000 size=09aa8h ( 39592) load[0m
[0;32mI (175) esp_image: segment 3: paddr=00040020 vaddr=400d0020 size=8b0e8h (569576) map[0m
[0;32mI (370) esp_image: segment 4: paddr=000cb110 vaddr=40089aa8 size=0cbfch ( 52220) load[0m
[0;32mI (402) boot: Loaded app from partition at offset 0x10000[0m
[0;32mI (402) boot: Disabling RNG early entropy source...[0m
[0;32mI (414) cpu_start: Multicore app[0m
[0;32mI (423) cpu_start: Pro cpu start user code[0m
[0;32mI (423) cpu_start: cpu freq: 160000000 Hz[0m
[0;32mI (423) cpu_start: Application information:[0m
[0;32mI (426) cpu_start: Project name:     http_request[0m
[0;32mI (431) cpu_start: App version:      e92c574-dirty[0m
[0;32mI (437) cpu_start: Compile time:     May 13 2024 00:11:55[0m
[0;32mI (443) cpu_start: ELF file SHA256:  a478074a9...[0m
[0;32mI (448) cpu_start: ESP-IDF:          v5.2.1-dirty[0m
[0;32mI (453) cpu_start: Min chip rev:     v0.0[0m
[0;32mI (458) cpu_start: Max chip rev:     v3.99 [0m
[0;32mI (463) cpu_start: Chip rev:         v3.1[0m
[0;32mI (468) heap_init: Initializing. RAM available for dynamic allocation:[0m
[0;32mI (475) heap_init: At 3FFAE6E0 len 00001920 (6 KiB): DRAM[0m
[0;32mI (481) heap_init: At 3FFB8268 len 00027D98 (159 KiB): DRAM[0m
[0;32mI (487) heap_init: At 3FFE0440 len 00003AE0 (14 KiB): D/IRAM[0m
[0;32mI (493) heap_init: At 3FFE4350 len 0001BCB0 (111 KiB): D/IRAM[0m
[0;32mI (500) heap_init: At 400966A4 len 0000995C (38 KiB): IRAM[0m
[0;32mI (508) spi_flash: detected chip: generic[0m
[0;32mI (511) spi_flash: flash io: dio[0m
[0;33mW (515) ADC: legacy driver is deprecated, please migrate to `esp_adc/adc_oneshot.h`[0m
[0;32mI (524) main_task: Started on CPU0[0m
[0;32mI (534) main_task: Calling app_main()[0m
I (584) wifi:wifi driver task: 3ffc03a8, prio:23, stack:6656, core=0
I (604) wifi:wifi firmware version: a9f5b59
I (604) wifi:wifi certification version: v7.0
I (604) wifi:config NVS flash: enabled
I (604) wifi:config nano formating: disabled
I (614) wifi:Init data frame dynamic rx buffer num: 32
I (614) wifi:Init static rx mgmt buffer num: 5
I (614) wifi:Init management short buffer num: 32
I (624) wifi:Init dynamic tx buffer num: 32
I (624) wifi:Init static rx buffer size: 1600
I (634) wifi:Init static rx buffer num: 10
I (634) wifi:Init dynamic rx buffer num: 32
[0;32mI (644) wifi_init: rx ba win: 6[0m
[0;32mI (644) wifi_init: tcpip mbox: 32[0m
[0;32mI (644) wifi_init: udp mbox: 6[0m
[0;32mI (654) wifi_init: tcp mbox: 6[0m
[0;32mI (654) wifi_init: tcp tx win: 5760[0m
[0;32mI (654) wifi_init: tcp rx win: 5760[0m
[0;32mI (664) wifi_init: tcp mss: 1440[0m
[0;32mI (664) wifi_init: WiFi IRAM OP enabled[0m
[0;32mI (674) wifi_init: WiFi RX IRAM OP enabled[0m
[0;32mI (674) phy_init: phy_version 4791,2c4672b,Dec 20 2023,16:06:06[0m
I (774) wifi:mode : sta (b0:a7:32:28:4a:7c)
I (774) wifi:enable tsf
[0;32mI (774) wifi_connect: wifi_init_sta finished.[0m
[0;32mI (774) timestamp: Initializing SNTP[0m
Waiting for time set...
[0;32mI (1784) main_task: Returned from app_main()[0m

assert failed: xQueueGenericSend queue.c:936 (pxQueue)


Backtrace: 0x400817d2:0x3ffc7d00 0x40089105:0x3ffc7d20 0x400909f9:0x3ffc7d40 0x400894f3:0x3ffc7e60 0x400d6c86:0x3ffc7ea0 0x40089c11:0x3ffc8a90




ELF file SHA256: a478074a9

Rebooting...
ets Jul 29 2019 12:21:46

rst:0xc (SW_CPU_RESET),boot:0x13 (SPI_FAST_FLASH_BOOT)
configsip: 0, SPIWP:0xee
clk_drv:0x00,q_drv:0x00,d_drv:0x00,cs0_drv:0x00,hd_drv:0x00,wp_drv:0x00
mode:DIO, clock div:2
load:0x3fff0030,len:7172
load:0x40078000,len:15540
load:0x40080400,len:4
ho 8 tail 4 room 4
load:0x40080404,len:3904
entry 0x40080640
[0;32mI (31) boot: ESP-IDF v5.2.1-dirty 2nd stage bootloader[0m
[0;32mI (31) boot: compile time May 13 2024 00:12:18[0m
[0;32mI (31) boot: Multicore bootloader[0m
[0;32mI (36) boot: chip revision: v3.1[0m
[0;32mI (40) boot.esp32: SPI Speed      : 40MHz[0m
[0;32mI (44) boot.esp32: SPI Mode       : DIO[0m
[0;32mI (49) boot.esp32: SPI Flash Size : 4MB[0m
[0;32mI (53) boot: Enabling RNG early entropy source...[0m
[0;32mI (59) boot: Partition Table:[0m
[0;32mI (62) boot: ## Label            Usage          Type ST Offset   Length[0m
[0;32mI (70) boot:  0 nvs              WiFi data        01 02 00009000 00006000[0m
[0;32mI (77) boot:  1 phy_init         RF data          01 01 0000f000 00001000[0m
[0;32mI (84) boot:  2 factory          factory app      00 00 00010000 00100000[0m
[0;32mI (92) boot: End of partition table[0m
[0;32mI (96) esp_image: segment 0: paddr=00010020 vaddr=3f400020 size=2293ch (141628) map[0m
[0;32mI (153) esp_image: segment 1: paddr=00032964 vaddr=3ffb0000 size=03c04h ( 15364) load[0m
[0;32mI (159) esp_image: segment 2: paddr=00036570 vaddr=40080000 size=09aa8h ( 39592) load[0m
[0;32mI (175) esp_image: segment 3: paddr=00040020 vaddr=400d0020 size=8b0e8h (569576) map[0m
[0;32mI (370) esp_image: segment 4: paddr=000cb110 vaddr=40089aa8 size=0cbfch ( 52220) load[0m
[0;32mI (402) boot: Loaded app from partition at offset 0x10000[0m
[0;32mI (402) boot: Disabling RNG early entropy source...[0m
[0;32mI (414) cpu_start: Multicore app[0m
[0;32mI (423) cpu_start: Pro cpu start user code[0m
[0;32mI (423) cpu_start: cpu freq: 160000000 Hz[0m
[0;32mI (423) cpu_start: Application information:[0m
[0;32mI (426) cpu_start: Project name:     http_request[0m
[0;32mI (431) cpu_start: App version:      e92c574-dirty[0m
[0;32mI (437) cpu_start: Compile time:     May 13 2024 00:11:55[0m
[0;32mI (443) cpu_start: ELF file SHA256:  a478074a9...[0m
[0;32mI (448) cpu_start: ESP-IDF:          v5.2.1-dirty[0m
[0;32mI (453) cpu_start: Min chip rev:     v0.0[0m
[0;32mI (458) cpu_start: Max chip rev:     v3.99 [0m
[0;32mI (463) cpu_start: Chip rev:         v3.1[0m
[0;32mI (468) heap_init: Initializing. RAM available for dynamic allocation:[0m
[0;32mI (475) heap_init: At 3FFAE6E0 len 00001920 (6 KiB): DRAM[0m
[0;32mI (481) heap_init: At 3FFB8268 len 00027D98 (159 KiB): DRAM[0m
[0;32mI (487) heap_init: At 3FFE0440 len 00003AE0 (14 KiB): D/IRAM[0m
[0;32mI (493) heap_init: At 3FFE4350 len 0001BCB0 (111 KiB): D/IRAM[0m
[0;32mI (500) heap_init: At 400966A4 len 0000995C (38 KiB): IRAM[0m
[0;32mI (508) spi_flash: detected chip: generic[0m
[0;32mI (511) spi_flash: flash io: dio[0m
[0;33mW (515) ADC: legacy driver is deprecated, please migrate to `esp_adc/adc_oneshot.h`[0m
[0;32mI (524) main_task: Started on CPU0[0m
[0;32mI (534) main_task: Calling app_main()[0m
I (584) wifi:wifi driver task: 3ffc03a8, prio:23, stack:6656, core=0
I (604) wifi:wifi firmware version: a9f5b59
I (604) wifi:wifi certification version: v7.0
I (604) wifi:config NVS flash: enabled
I (604) wifi:config nano formating: disabled
I (614) wifi:Init data frame dynamic rx buffer num: 32
I (614) wifi:Init static rx mgmt buffer num: 5
I (614) wifi:Init management short buffer num: 32
I (624) wifi:Init dynamic tx buffer num: 32
I (624) wifi:Init static rx buffer size: 1600
I (634) wifi:Init static rx buffer num: 10
I (634) wifi:Init dynamic rx buffer num: 32
[0;32mI (644) wifi_init: rx ba win: 6[0m
[0;32mI (644) wifi_init: tcpip mbox: 32[0m
[0;32mI (644) wifi_init: udp mbox: 6[0m
[0;32mI (654) wifi_init: tcp mbox: 6[0m
[0;32mI (654) wifi_init: tcp tx win: 5760[0m
[0;32mI (654) wifi_init: tcp rx win: 5760[0m
[0;32mI (664) wifi_init: tcp mss: 1440[0m
[0;32mI (664) wifi_init: WiFi IRAM OP enabled[0m
[0;32mI (674) wifi_init: WiFi RX IRAM OP enabled[0m
[0;32mI (674) phy_init: phy_version 4791,2c4672b,Dec 20 2023,16:06:06[0m
I (774) wifi:mode : sta (b0:a7:32:28:4a:7c)
I (774) wifi:enable tsf
[0;32mI (774) wifi_connect: wifi_init_sta finished.[0m
[0;32mI (774) timestamp: Initializing SNTP[0m
Waiting for time set...
I (794) wifi:new:<11,0>, old:<1,0>, ap:<255,255>, sta:<11,0>, prof:1
I (794) wifi:state: init -> auth (b0)
I (794) wifi:state: auth -> assoc (0)
I (794) wifi:state: assoc -> run (10)
I (804) wifi:connected with Sv 2022, aid = 4, channel 11, BW20, bssid = 7c:a1:07:aa:c0:60
I (804) wifi:security: WPA2-PSK, phy: bgn, rssi: -52
I (814) wifi:pm start, type: 1

I (994) wifi:AP's beacon interval = 204800 us, DTIM period = 1
[0;32mI (1774) main_task: Returned from app_main()[0m
[0;32mI (1814) esp_netif_handlers: sta ip: 192.168.1.70, mask: 255.255.255.0, gw: 192.168.1.1[0m

assert failed: xQueueGenericSend queue.c:936 (pxQueue)


Backtrace: 0x400817d2:0x3ffc7ff0 0x40089105:0x3ffc8010 0x400909f9:0x3ffc8030 0x400894f3:0x3ffc8150 0x400d6c86:0x3ffc8190 0x40089c11:0x3ffc8d80




ELF file SHA256: a478074a9

Rebooting...
ets Jul 29 2019 12:21:46

rst:0xc (SW_CPU_RESET),boot:0x13 (SPI_FAST_FLASH_BOOT)
configsip: 0, SPIWP:0xee
clk_drv:0x00,q_drv:0x00,d_drv:0x00,cs0_drv:0x00,hd_drv:0x00,wp_drv:0x00
mode:DIO, clock div:2
load:0x3fff0030,len:7172
load:0x40078000,len:15540
load:0x40080400,len:4
ho 8 tail 4 room 4
load:0x40080404,len:3904
entry 0x40080640
[0;32mI (31) boot: ESP-IDF v5.2.1-dirty 2nd stage bootloader[0m
[0;32mI (31) boot: compile time May 13 2024 00:12:18[0m
[0;32mI (31) boot: Multicore bootloader[0m
[0;32mI (36) boot: chip revision: v3.1[0m
[0;32mI (40) boot.esp32: SPI Speed      : 40MHz[0m
[0;32mI (44) boot.esp32: SPI Mode       : DIO[0m
[0;32mI (49) boot.esp32: SPI Flash Size : 4MB[0m
[0;32mI (53) boot: Enabling RNG early entropy source...[0m
[0;32mI (59) boot: Partition Table:[0m
[0;32mI (62) boot: ## Label            Usage          Type ST Offset   Length[0m
[0;32mI (70) boot:  0 nvs              WiFi data        01 02 00009000 00006000[0m
[0;32mI (77) boot:  1 phy_init         RF data          01 01 0000f000 00001000[0m
[0;32mI (84) boot:  2 factory          factory app      00 00 00010000 00100000[0m
[0;32mI (92) boot: End of partition table[0m
[0;32mI (96) esp_image: segment 0: paddr=00010020 vaddr=3f400020 size=2293ch (141628) map[0m
[0;32mI (153) esp_image: segment 1: paddr=00032964 vaddr=3ffb0000 size=03c04h ( 15364) load[0m
[0;32mI (159) esp_image: segment 2: paddr=00036570 vaddr=40080000 size=09aa8h ( 39592) load[0m
[0;32mI (175) esp_image: segment 3: paddr=00040020 vaddr=400d0020 size=8b0e8h (569576) map[0m
[0;32mI (370) esp_image: segment 4: paddr=000cb110 vaddr=40089aa8 size=0cbfch ( 52220) load[0m
[0;32mI (402) boot: Loaded app from partition at offset 0x10000[0m
[0;32mI (402) boot: Disabling RNG early entropy source...[0m
[0;32mI (414) cpu_start: Multicore app[0m
[0;32mI (423) cpu_start: Pro cpu start user code[0m
[0;32mI (423) cpu_start: cpu freq: 160000000 Hz[0m
[0;32mI (423) cpu_start: Application information:[0m
[0;32mI (426) cpu_start: Project name:     http_request[0m
[0;32mI (431) cpu_start: App version:      e92c574-dirty[0m
[0;32mI (437) cpu_start: Compile time:     May 13 2024 00:11:55[0m
[0;32mI (443) cpu_start: ELF file SHA256:  a478074a9...[0m
[0;32mI (448) cpu_start: ESP-IDF:          v5.2.1-dirty[0m
[0;32mI (453) cpu_start: Min chip rev:     v0.0[0m
[0;32mI (458) cpu_start: Max chip rev:     v3.99 [0m
[0;32mI (463) cpu_start: Chip rev:         v3.1[0m
[0;32mI (468) heap_init: Initializing. RAM available for dynamic allocation:[0m
[0;32mI (475) heap_init: At 3FFAE6E0 len 00001920 (6 KiB): DRAM[0m
[0;32mI (481) heap_init: At 3FFB8268 len 00027D98 (159 KiB): DRAM[0m
[0;32mI (487) heap_init: At 3FFE0440 len 00003AE0 (14 KiB): D/IRAM[0m
[0;32mI (493) heap_init: At 3FFE4350 len 0001BCB0 (111 KiB): D/IRAM[0m
[0;32mI (500) heap_init: At 400966A4 len 0000995C (38 KiB): IRAM[0m
[0;32mI (508) spi_flash: detected chip: generic[0m
[0;32mI (511) spi_flash: flash io: dio[0m
[0;33mW (515) ADC: legacy driver is deprecated, please migrate to `esp_adc/adc_oneshot.h`[0m
[0;32mI (524) main_task: Started on CPU0[0m
[0;32mI (534) main_task: Calling app_main()[0m
I (584) wifi:wifi driver task: 3ffc03a8, prio:23, stack:6656, core=0
I (604) wifi:wifi firmware version: a9f5b59
I (604) wifi:wifi certification version: v7.0
I (604) wifi:config NVS flash: enabled
I (604) wifi:config nano formating: disabled
I (614) wifi:Init data frame dynamic rx buffer num: 32
I (614) wifi:Init static rx mgmt buffer num: 5
I (614) wifi:Init management short buffer num: 32
I (624) wifi:Init dynamic tx buffer num: 32
I (624) wifi:Init static rx buffer size: 1600
I (634) wifi:Init static rx buffer num: 10
I (634) wifi:Init dynamic rx buffer num: 32
[0;32mI (644) wifi_init: rx ba win: 6[0m
[0;32mI (644) wifi_init: tcpip mbox: 32[0m
[0;32mI (644) wifi_init: udp mbox: 6[0m
[0;32mI (654) wifi_init: tcp mbox: 6[0m
[0;32mI (654) wifi_init: tcp tx win: 5760[0m
[0;32mI (654) wifi_init: tcp rx win: 5760[0m
[0;32mI (664) wifi_init: tcp mss: 1440[0m
[0;32mI (664) wifi_init: WiFi IRAM OP enabled[0m
[0;32mI (674) wifi_init: WiFi RX IRAM OP enabled[0m
[0;32mI (674) phy_init: phy_version 4791,2c4672b,Dec 20 2023,16:06:06[0m
I (774) wifi:mode : sta (b0:a7:32:28:4a:7c)
I (774) wifi:enable tsf
[0;32mI (774) wifi_connect: wifi_init_sta finished.[0m
[0;32mI (774) timestamp: Initializing SNTP[0m
Waiting for time set...
I (854) wifi:new:<11,0>, old:<1,0>, ap:<255,255>, sta:<11,0>, prof:1
I (864) wifi:state: init -> auth (b0)
I (864) wifi:state: auth -> assoc (0)
I (864) wifi:state: assoc -> run (10)
I (874) wifi:connected with Sv 2022, aid = 4, channel 11, BW20, bssid = 7c:a1:07:aa:c0:60
I (874) wifi:security: WPA2-PSK, phy: bgn, rssi: -55
I (884) wifi:pm start, type: 1

I (1064) wifi:AP's beacon interval = 204800 us, DTIM period = 1
[0;32mI (1774) main_task: Returned from app_main()[0m
[0;32mI (1884) esp_netif_handlers: sta ip: 192.168.1.70, mask: 255.255.255.0, gw: 192.168.1.1[0m

assert failed: xQueueGenericSend queue.c:936 (pxQueue)


Backtrace: 0x400817d2:0x3ffc7ff0 0x40089105:0x3ffc8010 0x400909f9:0x3ffc8030 0x400894f3:0x3ffc8150 0x400d6c86:0x3ffc8190 0x40089c11:0x3ffc8d80




ELF file SHA256: a478074a9

Rebooting...
ets Jul 29 2019 12:21:46

rst:0xc (SW_CPU_RESET),boot:0x13 (SPI_FAST_FLASH_BOOT)
configsip: 0, SPIWP:0xee
clk_drv:0x00,q_drv:0x00,d_drv:0x00,cs0_drv:0x00,hd_drv:0x00,wp_drv:0x00
mode:DIO, clock div:2
load:0x3fff0030,len:7172
load:0x40078000,len:15540
load:0x40080400,len:4
ho 8 tail 4 room 4
load:0x40080404,len:3904
entry 0x40080640
[0;32mI (31) boot: ESP-IDF v5.2.1-dirty 2nd stage bootloader[0m
[0;32mI (31) boot: compile time May 13 2024 00:12:18[0m
[0;32mI (31) boot: Multicore bootloader[0m
[0;32mI (36) boot: chip revision: v3.1[0m
[0;32mI (40) boot.esp32: SPI Speed      : 40MHz[0m
[0;32mI (44) boot.esp32: SPI Mode       : DIO[0m
[0;32mI (49) boot.esp32: SPI Flash Size : 4MB[0m
[0;32mI (53) boot: Enabling RNG early entropy source...[0m
[0;32mI (59) boot: Partition Table:[0m
[0;32mI (62) boot: ## Label            Usage          Type ST Offset   Length[0m
[0;32mI (70) boot:  0 nvs              WiFi data        01 02 00009000 00006000[0m
[0;32mI (77) boot:  1 phy_init         RF data          01 01 0000f000 00001000[0m
[0;32mI (84) boot:  2 factory          factory app      00 00 00010000 00100000[0m
[0;32mI (92) boot: End of partition table[0m
[0;32mI (96) esp_image: segment 0: paddr=00010020 vaddr=3f400020 size=2293ch (141628) map[0m
[0;32mI (153) esp_image: segment 1: paddr=00032964 vaddr=3ffb0000 size=03c04h ( 15364) load[0m
[0;32mI (159) esp_image: segment 2: paddr=00036570 vaddr=40080000 size=09aa8h ( 39592) load[0m
[0;32mI (175) esp_image: segment 3: paddr=00040020 vaddr=400d0020 size=8b0e8h (569576) map[0m
[0;32mI (370) esp_image: segment 4: paddr=000cb110 vaddr=40089aa8 size=0cbfch ( 52220) load[0m
[0;32mI (402) boot: Loaded app from partition at offset 0x10000[0m
[0;32mI (402) boot: Disabling RNG early entropy source...[0m
[0;32mI (414) cpu_start: Multicore app[0m
[0;32mI (423) cpu_start: Pro cpu start user code[0m
[0;32mI (423) cpu_start: cpu freq: 160000000 Hz[0m
[0;32mI (423) cpu_start: Application information:[0m
[0;32mI (426) cpu_start: Project name:     http_request[0m
[0;32mI (431) cpu_start: App version:      e92c574-dirty[0m
[0;32mI (437) cpu_start: Compile time:     May 13 2024 00:11:55[0m
[0;32mI (443) cpu_start: ELF file SHA256:  a478074a9...[0m
[0;32mI (448) cpu_start: ESP-IDF:          v5.2.1-dirty[0m
[0;32mI (453) cpu_start: Min chip rev:     v0.0[0m
[0;32mI (458) cpu_start: Max chip rev:     v3.99 [0m
[0;32mI (463) cpu_start: Chip rev:         v3.1[0m
[0;32mI (468) heap_init: Initializing. RAM available for dynamic allocation:[0m
[0;32mI (475) heap_init: At 3FFAE6E0 len 00001920 (6 KiB): DRAM[0m
[0;32mI (481) heap_init: At 3FFB8268 len 00027D98 (159 KiB): DRAM[0m
[0;32mI (487) heap_init: At 3FFE0440 len 00003AE0 (14 KiB): D/IRAM[0m
[0;32mI (493) heap_init: At 3FFE4350 len 0001BCB0 (111 KiB): D/IRAM[0m
[0;32mI (500) heap_init: At 400966A4 len 0000995C (38 KiB): IRAM[0m
[0;32mI (508) spi_flash: detected chip: generic[0m
[0;32mI (511) spi_flash: flash io: dio[0m
[0;33mW (515) ADC: legacy driver is deprecated, please migrate to `esp_adc/adc_oneshot.h`[0m
[0;32mI (524) main_task: Started on CPU0[0m
[0;32mI (534) main_task: Calling app_main()[0m
I (584) wifi:wifi driver task: 3ffc03a8, prio:23, stack:6656, core=0
I (604) wifi:wifi firmware version: a9f5b59
I (604) wifi:wifi certification version: v7.0
I (604) wifi:config NVS flash: enabled
I (604) wifi:config nano formating: disabled
I (614) wifi:Init data frame dynamic rx buffer num: 32
I (614) wifi:Init static rx mgmt buffer num: 5
I (614) wifi:Init management short buffer num: 32
I (624) wifi:Init dynamic tx buffer num: 32
I (624) wifi:Init static rx buffer size: 1600
I (634) wifi:Init static rx buffer num: 10
I (634) wifi:Init dynamic rx buffer num: 32
[0;32mI (644) wifi_init: rx ba win: 6[0m
[0;32mI (644) wifi_init: tcpip mbox: 32[0m
[0;32mI (644) wifi_init: udp mbox: 6[0m
[0;32mI (654) wifi_init: tcp mbox: 6[0m
[0;32mI (654) wifi_init: tcp tx win: 5760[0m
[0;32mI (654) wifi_init: tcp rx win: 5760[0m
[0;32mI (664) wifi_init: tcp mss: 1440[0m
[0;32mI (664) wifi_init: WiFi IRAM OP enabled[0m
[0;32mI (674) wifi_init: WiFi RX IRAM OP enabled[0m
[0;32mI (674) phy_init: phy_version 4791,2c4672b,Dec 20 2023,16:06:06[0m
I (774) wifi:mode : sta (b0:a7:32:28:4a:7c)
I (774) wifi:enable tsf
[0;32mI (774) wifi_connect: wifi_init_sta finished.[0m
[0;32mI (774) timestamp: Initializing SNTP[0m
Waiting for time set...
[0;32mI (1784) main_task: Returned from app_main()[0m

assert failed: xQueueGenericSend queue.c:936 (pxQueue)


Backtrace: 0x400817d2:0x3ffc7d00 0x40089105:0x3ffc7d20 0x400909f9:0x3ffc7d40 0x400894f3:0x3ffc7e60 0x400d6c86:0x3ffc7ea0 0x40089c11:0x3ffc8a90




ELF file SHA256: a478074a9

Rebooting...
ets Jul 29 2019 12:21:46

rst:0xc (SW_CPU_RESET),boot:0x13 (SPI_FAST_FLASH_BOOT)
configsip: 0, SPIWP:0xee
clk_drv:0x00,q_drv:0x00,d_drv:0x00,cs0_drv:0x00,hd_drv:0x00,wp_drv:0x00
mode:DIO, clock div:2
load:0x3fff0030,len:7172
load:0x40078000,len:15540
load:0x40080400,len:4
ho 8 tail 4 room 4
load:0x40080404,len:3904
entry 0x40080640
[0;32mI (31) boot: ESP-IDF v5.2.1-dirty 2nd stage bootloader[0m
[0;32mI (31) boot: compile time May 13 2024 00:12:18[0m
[0;32mI (31) boot: Multicore bootloader[0m
[0;32mI (36) boot: chip revision: v3.1[0m
[0;32mI (40) boot.esp32: SPI Speed      : 40MHz[0m
[0;32mI (44) boot.esp32: SPI Mode       : DIO[0m
[0;32mI (49) boot.esp32: SPI Flash Size : 4MB[0m
[0;32mI (53) boot: Enabling RNG early entropy source...[0m
[0;32mI (59) boot: Partition Table:[0m
[0;32mI (62) boot: ## Label            Usage          Type ST Offset   Length[0m
[0;32mI (70) boot:  0 nvs              WiFi data        01 02 00009000 00006000[0m
[0;32mI (77) boot:  1 phy_init         RF data          01 01 0000f000 00001000[0m
[0;32mI (84) boot:  2 factory          factory app      00 00 00010000 00100000[0m
[0;32mI (92) boot: End of partition table[0m
[0;32mI (96) esp_image: segment 0: paddr=00010020 vaddr=3f400020 size=2293ch (141628) map[0m
[0;32mI (153) esp_image: segment 1: paddr=00032964 vaddr=3ffb0000 size=03c04h ( 15364) load[0m
[0;32mI (159) esp_image: segment 2: paddr=00036570 vaddr=40080000 size=09aa8h ( 39592) load[0m
[0;32mI (175) esp_image: segment 3: paddr=00040020 vaddr=400d0020 size=8b0e8h (569576) map[0m
[0;32mI (370) esp_image: segment 4: paddr=000cb110 vaddr=40089aa8 size=0cbfch ( 52220) load[0m
[0;32mI (402) boot: Loaded app from partition at offset 0x10000[0m
[0;32mI (402) boot: Disabling RNG early entropy source...[0m
[0;32mI (414) cpu_start: Multicore app[0m
[0;32mI (423) cpu_start: Pro cpu start user code[0m
[0;32mI (423) cpu_start: cpu freq: 160000000 Hz[0m
[0;32mI (423) cpu_start: Application information:[0m
[0;32mI (426) cpu_start: Project name:     http_request[0m
[0;32mI (431) cpu_start: App version:      e92c574-dirty[0m
[0;32mI (437) cpu_start: Compile time:     May 13 2024 00:11:55[0m
[0;32mI (443) cpu_start: ELF file SHA256:  a478074a9...[0m
[0;32mI (448) cpu_start: ESP-IDF:          v5.2.1-dirty[0m
[0;32mI (453) cpu_start: Min chip rev:     v0.0[0m
[0;32mI (458) cpu_start: Max chip rev:     v3.99 [0m
[0;32mI (463) cpu_start: Chip rev:         v3.1[0m
[0;32mI (468) heap_init: Initializing. RAM available for dynamic allocation:[0m
[0;32mI (475) heap_init: At 3FFAE6E0 len 00001920 (6 KiB): DRAM[0m
[0;32mI (481) heap_init: At 3FFB8268 len 00027D98 (159 KiB): DRAM[0m
[0;32mI (487) heap_init: At 3FFE0440 len 00003AE0 (14 KiB): D/IRAM[0m
[0;32mI (493) heap_init: At 3FFE4350 len 0001BCB0 (111 KiB): D/IRAM[0m
[0;32mI (500) heap_init: At 400966A4 len 0000995C (38 KiB): IRAM[0m
[0;32mI (508) spi_flash: detected chip: generic[0m
[0;32mI (511) spi_flash: flash io: dio[0m
[0;33mW (515) ADC: legacy driver is deprecated, please migrate to `esp_adc/adc_oneshot.h`[0m
[0;32mI (524) main_task: Started on CPU0[0m
[0;32mI (534) main_task: Calling app_main()[0m
I (584) wifi:wifi driver task: 3ffc03a8, prio:23, stack:6656, core=0
I (604) wifi:wifi firmware version: a9f5b59
I (604) wifi:wifi certification version: v7.0
I (604) wifi:config NVS flash: enabled
I (604) wifi:config nano formating: disabled
I (614) wifi:Init data frame dynamic rx buffer num: 32
I (614) wifi:Init static rx mgmt buffer num: 5
I (614) wifi:Init management short buffer num: 32
I (624) wifi:Init dynamic tx buffer num: 32
I (624) wifi:Init static rx buffer size: 1600
I (634) wifi:Init static rx buffer num: 10
I (634) wifi:Init dynamic rx buffer num: 32
[0;32mI (644) wifi_init: rx ba win: 6[0m
[0;32mI (644) wifi_init: tcpip mbox: 32[0m
[0;32mI (644) wifi_init: udp mbox: 6[0m
[0;32mI (654) wifi_init: tcp mbox: 6[0m
[0;32mI (654) wifi_init: tcp tx win: 5760[0m
[0;32mI (654) wifi_init: tcp rx win: 5760[0m
[0;32mI (664) wifi_init: tcp mss: 1440[0m
[0;32mI (664) wifi_init: WiFi IRAM OP enabled[0m
[0;32mI (674) wifi_init: WiFi RX IRAM OP enabled[0m
[0;32mI (674) phy_init: phy_version 4791,2c4672b,Dec 20 2023,16:06:06[0m
I (774) wifi:mode : sta (b0:a7:32:28:4a:7c)
I (774) wifi:enable tsf
[0;32mI (774) wifi_connect: wifi_init_sta finished.[0m
[0;32mI (774) timestamp: Initializing SNTP[0m
Waiting for time set...
[0;32mI (1784) main_task: Returned from app_main()[0m

assert failed: xQueueGenericSend queue.c:936 (pxQueue)


Backtrace: 0x400817d2:0x3ffc7cd0 0x40089105:0x3ffc7cf0 0x400909f9:0x3ffc7d10 0x400894f3:0x3ffc7e30 0x400d6c86:0x3ffc7e70 0x40089c11:0x3ffc8a60




ELF file SHA256: a478074a9

Rebooting...
ets Jul 29 2019 12:21:46

rst:0xc (SW_CPU_RESET),boot:0x13 (SPI_FAST_FLASH_BOOT)
configsip: 0, SPIWP:0xee
clk_drv:0x00,q_drv:0x00,d_drv:0x00,cs0_drv:0x00,hd_drv:0x00,wp_drv:0x00
mode:DIO, clock div:2
load:0x3fff0030,len:7172
load:0x40078000,len:15540
load:0x40080400,len:4
ho 8 tail 4 room 4
load:0x40080404,len:3904
entry 0x40080640
[0;32mI (31) boot: ESP-IDF v5.2.1-dirty 2nd stage bootloader[0m
[0;32mI (31) boot: compile time May 13 2024 00:12:18[0m
[0;32mI (31) boot: Multicore bootloader[0m
[0;32mI (36) boot: chip revision: v3.1[0m
[0;32mI (40) boot.esp32: SPI Speed      : 40MHz[0m
[0;32mI (44) boot.esp32: SPI Mode       : DIO[0m
[0;32mI (49) boot.esp32: SPI Flash Size : 4MB[0m
[0;32mI (53) boot: Enabling RNG early entropy source...[0m
[0;32mI (59) boot: Partition Table:[0m
[0;32mI (62) boot: ## Label            Usage          Type ST Offset   Length[0m
[0;32mI (70) boot:  0 nvs              WiFi data        01 02 00009000 00006000[0m
[0;32mI (77) boot:  1 phy_init         RF data          01 01 0000f000 00001000[0m
[0;32mI (84) boot:  2 factory          factory app      00 00 00010000 00100000[0m
[0;32mI (92) boot: End of partition table[0m
